Component: ARM Compiler 5.06 update 5 (build 528) Tool: armlink [4d35e2]

==============================================================================

Section Cross References

    startup_stm32f10x_md.o(STACK) refers (Special) to heapauxi.o(.text) for __use_two_region_memory
    startup_stm32f10x_md.o(HEAP) refers (Special) to heapauxi.o(.text) for __use_two_region_memory
    startup_stm32f10x_md.o(RESET) refers (Special) to heapauxi.o(.text) for __use_two_region_memory
    startup_stm32f10x_md.o(RESET) refers to startup_stm32f10x_md.o(STACK) for __initial_sp
    startup_stm32f10x_md.o(RESET) refers to startup_stm32f10x_md.o(.text) for Reset_Handler
    startup_stm32f10x_md.o(RESET) refers to stm32f10x_it.o(i.NMI_Handler) for NMI_Handler
    startup_stm32f10x_md.o(RESET) refers to stm32f10x_it.o(i.HardFault_Handler) for HardFault_Handler
    startup_stm32f10x_md.o(RESET) refers to stm32f10x_it.o(i.MemManage_Handler) for MemManage_Handler
    startup_stm32f10x_md.o(RESET) refers to stm32f10x_it.o(i.BusFault_Handler) for BusFault_Handler
    startup_stm32f10x_md.o(RESET) refers to stm32f10x_it.o(i.UsageFault_Handler) for UsageFault_Handler
    startup_stm32f10x_md.o(RESET) refers to stm32f10x_it.o(i.SVC_Handler) for SVC_Handler
    startup_stm32f10x_md.o(RESET) refers to stm32f10x_it.o(i.DebugMon_Handler) for DebugMon_Handler
    startup_stm32f10x_md.o(RESET) refers to stm32f10x_it.o(i.PendSV_Handler) for PendSV_Handler
    startup_stm32f10x_md.o(RESET) refers to stm32f10x_it.o(i.SysTick_Handler) for SysTick_Handler
    startup_stm32f10x_md.o(RESET) refers to ticker.o(i.TIM2_IRQHandler) for TIM2_IRQHandler
    startup_stm32f10x_md.o(RESET) refers to serial.o(i.USART1_IRQHandler) for USART1_IRQHandler
    startup_stm32f10x_md.o(.text) refers (Special) to heapauxi.o(.text) for __use_two_region_memory
    startup_stm32f10x_md.o(.text) refers to system_stm32f10x.o(i.SystemInit) for SystemInit
    startup_stm32f10x_md.o(.text) refers to __main.o(!!!main) for __main
    startup_stm32f10x_md.o(.text) refers to startup_stm32f10x_md.o(HEAP) for Heap_Mem
    startup_stm32f10x_md.o(.text) refers to startup_stm32f10x_md.o(STACK) for Stack_Mem
    system_stm32f10x.o(i.SetSysClock) refers to system_stm32f10x.o(i.SetSysClockTo72) for SetSysClockTo72
    system_stm32f10x.o(i.SystemCoreClockUpdate) refers to system_stm32f10x.o(.data) for SystemCoreClock
    system_stm32f10x.o(i.SystemInit) refers to system_stm32f10x.o(i.SetSysClock) for SetSysClock
    stm32f10x_adc.o(i.ADC_DeInit) refers to stm32f10x_rcc.o(i.RCC_APB2PeriphResetCmd) for RCC_APB2PeriphResetCmd
    stm32f10x_bkp.o(i.BKP_DeInit) refers to stm32f10x_rcc.o(i.RCC_BackupResetCmd) for RCC_BackupResetCmd
    stm32f10x_can.o(i.CAN_DeInit) refers to stm32f10x_rcc.o(i.RCC_APB1PeriphResetCmd) for RCC_APB1PeriphResetCmd
    stm32f10x_can.o(i.CAN_GetITStatus) refers to stm32f10x_can.o(i.CheckITStatus) for CheckITStatus
    stm32f10x_cec.o(i.CEC_DeInit) refers to stm32f10x_rcc.o(i.RCC_APB1PeriphResetCmd) for RCC_APB1PeriphResetCmd
    stm32f10x_dac.o(i.DAC_DeInit) refers to stm32f10x_rcc.o(i.RCC_APB1PeriphResetCmd) for RCC_APB1PeriphResetCmd
    stm32f10x_flash.o(i.FLASH_EnableWriteProtection) refers to stm32f10x_flash.o(i.FLASH_WaitForLastOperation) for FLASH_WaitForLastOperation
    stm32f10x_flash.o(i.FLASH_EraseAllBank1Pages) refers to stm32f10x_flash.o(i.FLASH_WaitForLastBank1Operation) for FLASH_WaitForLastBank1Operation
    stm32f10x_flash.o(i.FLASH_EraseAllPages) refers to stm32f10x_flash.o(i.FLASH_WaitForLastOperation) for FLASH_WaitForLastOperation
    stm32f10x_flash.o(i.FLASH_EraseOptionBytes) refers to stm32f10x_flash.o(i.FLASH_GetReadOutProtectionStatus) for FLASH_GetReadOutProtectionStatus
    stm32f10x_flash.o(i.FLASH_EraseOptionBytes) refers to stm32f10x_flash.o(i.FLASH_WaitForLastOperation) for FLASH_WaitForLastOperation
    stm32f10x_flash.o(i.FLASH_ErasePage) refers to stm32f10x_flash.o(i.FLASH_WaitForLastOperation) for FLASH_WaitForLastOperation
    stm32f10x_flash.o(i.FLASH_ProgramHalfWord) refers to stm32f10x_flash.o(i.FLASH_WaitForLastOperation) for FLASH_WaitForLastOperation
    stm32f10x_flash.o(i.FLASH_ProgramOptionByteData) refers to stm32f10x_flash.o(i.FLASH_WaitForLastOperation) for FLASH_WaitForLastOperation
    stm32f10x_flash.o(i.FLASH_ProgramWord) refers to stm32f10x_flash.o(i.FLASH_WaitForLastOperation) for FLASH_WaitForLastOperation
    stm32f10x_flash.o(i.FLASH_ReadOutProtection) refers to stm32f10x_flash.o(i.FLASH_WaitForLastOperation) for FLASH_WaitForLastOperation
    stm32f10x_flash.o(i.FLASH_UserOptionByteConfig) refers to stm32f10x_flash.o(i.FLASH_WaitForLastOperation) for FLASH_WaitForLastOperation
    stm32f10x_flash.o(i.FLASH_WaitForLastBank1Operation) refers to stm32f10x_flash.o(i.FLASH_GetBank1Status) for FLASH_GetBank1Status
    stm32f10x_flash.o(i.FLASH_WaitForLastOperation) refers to stm32f10x_flash.o(i.FLASH_GetBank1Status) for FLASH_GetBank1Status
[...]
    i.UI_LoopFunc                            0x080031c8   Section        0  ui_core.o(i.UI_LoopFunc)
    i.UI_RegisterComponent                   0x08003214   Section        0  ui_core.o(i.UI_RegisterComponent)
    i.UI_RemoveComponent                     0x0800323c   Section        0  ui_core.o(i.UI_RemoveComponent)
    i.UI_RemoveTask                          0x0800325a   Section        0  ui_core.o(i.UI_RemoveTask)
    i.UI_StartAnime                          0x08003278   Section        0  ui_core.o(i.UI_StartAnime)
    i.USART1_IRQHandler                      0x08003294   Section        0  serial.o(i.USART1_IRQHandler)
    i.USART_ClearITPendingBit                0x08003384   Section        0  stm32f10x_usart.o(i.USART_ClearITPendingBit)
    i.USART_GetITStatus                      0x080033a2   Section        0  stm32f10x_usart.o(i.USART_GetITStatus)
    i.USART_ReceiveData                      0x080033f6   Section        0  stm32f10x_usart.o(i.USART_ReceiveData)
    i.UsageFault_Handler                     0x08003400   Section        0  stm32f10x_it.o(i.UsageFault_Handler)
    i.__ARM_fpclassify                       0x08003404   Section        0  fpclassify.o(i.__ARM_fpclassify)
    i._is_digit                              0x0800342c   Section        0  __printf_wp.o(i._is_digit)
    i.cAnime_Destroy                         0x0800343a   Section        0  anime.o(i.cAnime_Destroy)
    i.delay_ms                               0x08003446   Section        0  tools.o(i.delay_ms)
    i.delay_us                               0x0800345e   Section        0  tools.o(i.delay_us)
    i.fly_in                                 0x0800348c   Section        0  anime.o(i.fly_in)
    i.jump_in                                0x080034cc   Section        0  anime.o(i.jump_in)
    i.main                                   0x0800353c   Section        0  main.o(i.main)
    i.process_anime                          0x0800359c   Section        0  ui_core.o(i.process_anime)
    i.process_task                           0x08003684   Section        0  ui_core.o(i.process_task)
    i.rMsgBox_UpdateText                     0x080036a6   Section        0  msgbox.o(i.rMsgBox_UpdateText)
    locale$$code                             0x08003824   Section       44  lc_numeric_c.o(locale$$code)
    locale$$code                             0x08003850   Section       44  lc_ctype_c.o(locale$$code)
    x$fpl$d2f                                0x0800387c   Section       98  d2f.o(x$fpl$d2f)
    x$fpl$dadd                               0x080038e0   Section      336  daddsub_clz.o(x$fpl$dadd)
    _dadd1                                   0x080038f1   Thumb Code     0  daddsub_clz.o(x$fpl$dadd)
    x$fpl$dmul                               0x08003a30   Section      340  dmul.o(x$fpl$dmul)
    x$fpl$dnaninf                            0x08003b84   Section      156  dnaninf.o(x$fpl$dnaninf)
    x$fpl$dretinf                            0x08003c20   Section       12  dretinf.o(x$fpl$dretinf)
    x$fpl$dsub                               0x08003c2c   Section      468  daddsub_clz.o(x$fpl$dsub)
    _dsub1                                   0x08003c3d   Thumb Code     0  daddsub_clz.o(x$fpl$dsub)
    x$fpl$f2d                                0x08003e00   Section       86  f2d.o(x$fpl$f2d)
    x$fpl$fadd                               0x08003e58   Section      196  faddsub_clz.o(x$fpl$fadd)
    _fadd1                                   0x08003e67   Thumb Code     0  faddsub_clz.o(x$fpl$fadd)
    x$fpl$fcmpinf                            0x08003f1c   Section       24  fcmpi.o(x$fpl$fcmpinf)
    x$fpl$fdiv                               0x08003f34   Section      388  fdiv.o(x$fpl$fdiv)
    _fdiv1                                   0x08003f35   Thumb Code     0  fdiv.o(x$fpl$fdiv)
    x$fpl$ffix                               0x080040b8   Section       54  ffix.o(x$fpl$ffix)
    x$fpl$fflt                               0x080040f0   Section       48  fflt_clz.o(x$fpl$fflt)
    x$fpl$ffltu                              0x08004120   Section       38  fflt_clz.o(x$fpl$ffltu)
    x$fpl$fleqf                              0x08004148   Section      104  fleqf.o(x$fpl$fleqf)
    x$fpl$fmul                               0x080041b0   Section      258  fmul.o(x$fpl$fmul)
    x$fpl$fnaninf                            0x080042b2   Section      140  fnaninf.o(x$fpl$fnaninf)
    x$fpl$fretinf                            0x0800433e   Section       10  fretinf.o(x$fpl$fretinf)
    x$fpl$frleqf                             0x08004348   Section       98  frleqf.o(x$fpl$frleqf)
    x$fpl$fsub                               0x080043ac   Section      234  faddsub_clz.o(x$fpl$fsub)
    _fsub1                                   0x080043bb   Thumb Code     0  faddsub_clz.o(x$fpl$fsub)
    x$fpl$printf1                            0x08004496   Section        4  printf1.o(x$fpl$printf1)
    x$fpl$printf2                            0x0800449a   Section        4  printf2.o(x$fpl$printf2)
    .constdata                               0x0800449e   Section     4082  oled_data.o(.constdata)
    x$fpl$usenofp                            0x0800449e   Section        0  usenofp.o(x$fpl$usenofp)
    .constdata                               0x08005490   Section       16  toast.o(.constdata)
    .constdata                               0x080054a0   Section        8  _printf_wctomb.o(.constdata)
    initial_mbstate                          0x080054a0   Data           8  _printf_wctomb.o(.constdata)
    .constdata                               0x080054a8   Section       40  _printf_hex_int_ll_ptr.o(.constdata)
    uc_hextab                                0x080054a8   Data          20  _printf_hex_int_ll_ptr.o(.constdata)
    lc_hextab                                0x080054bc   Data          20  _printf_hex_int_ll_ptr.o(.constdata)
    .constdata                               0x080054d0   Section       17  __printf_flags_ss_wp.o(.constdata)
    maptable                                 0x080054d0   Data          17  __printf_flags_ss_wp.o(.constdata)
    .constdata                               0x080054e1   Section       38  _printf_fp_hex.o(.constdata)
    lc_hextab                                0x080054e1   Data          19  _printf_fp_hex.o(.constdata)
    uc_hextab                                0x080054f4   Data          19  _printf_fp_hex.o(.constdata)
    .constdata                               0x08005508   Section      148  bigflt0.o(.constdata)
    tenpwrs_x                                0x08005508   Data          60  bigflt0.o(.constdata)
    tenpwrs_i                                0x08005544   Data          64  bigflt0.o(.constdata)
    locale$$data                             0x080055bc   Section       28  lc_numeric_c.o(locale$$data)
    __lcnum_c_name                           0x080055c0   Data           2  lc_numeric_c.o(locale$$data)
    __lcnum_c_start                          0x080055c8   Data           0  lc_numeric_c.o(locale$$data)
    __lcnum_c_point                          0x080055d4   Data           0  lc_numeric_c.o(locale$$data)
    __lcnum_c_thousands                      0x080055d6   Data           0  lc_numeric_c.o(locale$$data)
    __lcnum_c_grouping                       0x080055d7   Data           0  lc_numeric_c.o(locale$$data)
    locale$$data                             0x080055d8   Section      272  lc_ctype_c.o(locale$$data)
    __lcnum_c_end                            0x080055d8   Data           0  lc_numeric_c.o(locale$$data)
    __lcctype_c_name                         0x080055dc   Data           2  lc_ctype_c.o(locale$$data)
    __lcctype_c_start                        0x080055e4   Data           0  lc_ctype_c.o(locale$$data)
    __lcctype_c_end                          0x080056e8   Data           0  lc_ctype_c.o(locale$$data)
    .data                                    0x20000000   Section        8  serial.o(.data)
    RxState                                  0x20000004   Data           1  serial.o(.data)
    pRxPacket                                0x20000005   Data           1  serial.o(.data)
    pLength                                  0x20000006   Data           1  serial.o(.data)
    num                                      0x20000007   Data           1  serial.o(.data)
    .data                                    0x20000008   Section        1  oled.o(.data)
    .data                                    0x2000000a   Section       12  switch.o(.data)
    .data                                    0x20000018   Section        4  ticker.o(.data)
    uwTick                                   0x20000018   Data           4  ticker.o(.data)
    .data                                    0x2000001c   Section        8  ui_core.o(.data)
    .bss                                     0x20000024   Section       17  serial.o(.bss)
    .bss                                     0x20000035   Section     1024  oled.o(.bss)
    .bss                                     0x20000438   Section       96  libspace.o(.bss)
    HEAP                                     0x20000498   Section    12288  startup_stm32f10x_md.o(HEAP)
    Heap_Mem                                 0x20000498   Data       12288  startup_stm32f10x_md.o(HEAP)
    STACK                                    0x20003498   Section     1024  startup_stm32f10x_md.o(STACK)
    Stack_Mem                                0x20003498   Data        1024  startup_stm32f10x_md.o(STACK)
    __initial_sp                             0x20003898   Data           0  startup_stm32f10x_md.o(STACK)

    Global Symbols

    Symbol Name                              Value     Ov Type        Size  Object(Section)

    BuildAttributes$$THM_ISAv4$P$D$K$B$S$PE$A:L22UL41UL21$X:L11$S22US41US21$IEEE1$IW$USESV6$~STKCKD$USESV7$~SHL$OTIME$ROPI$IEEEX$EBA8$UX$STANDARDLIB$REQ8$PRES8$EABIv2 0x00000000   Number         0  anon$$obj.o ABSOLUTE
    __ARM_use_no_argv                        0x00000000   Number         0  main.o ABSOLUTE
    _printf_flags                            0x00000000   Number         0  printf_stubs.o ABSOLUTE
    _printf_return_value                     0x00000000   Number         0  printf_stubs.o ABSOLUTE
    _printf_sizespec                         0x00000000   Number         0  printf_stubs.o ABSOLUTE
    _printf_widthprec                        0x00000000   Number         0  printf_stubs.o ABSOLUTE
    __ARM_exceptions_init                     - Undefined Weak Reference
    __alloca_initialize                       - Undefined Weak Reference
    __arm_preinit_                            - Undefined Weak Reference
    __cpp_initialize__aeabi_                  - Undefined Weak Reference
    __cxa_finalize                            - Undefined Weak Reference
    __sigvec_lookup                           - Undefined Weak Reference
    __user_heap_extent                        - Undefined Weak Reference
    _atexit_init                              - Undefined Weak Reference
    _call_atexit_fns                          - Undefined Weak Reference
    _clock_init                               - Undefined Weak Reference
    _fp_trap_init                             - Undefined Weak Reference
    _fp_trap_shutdown                         - Undefined Weak Reference
    _get_lc_collate                           - Undefined Weak Reference
    _get_lc_monetary                          - Undefined Weak Reference
    _get_lc_time                              - Undefined Weak Reference
    _getenv_init                              - Undefined Weak Reference
    _handle_redirection                       - Undefined Weak Reference
    _initio                                   - Undefined Weak Reference
    _mutex_acquire                            - Undefined Weak Reference
    _mutex_free                               - Undefined Weak Reference
    _mutex_release                            - Undefined Weak Reference
    _printf_mbtowc                            - Undefined Weak Reference
    _printf_wc                                - Undefined Weak Reference
    _rand_init                                - Undefined Weak Reference
    _signal_finish                            - Undefined Weak Reference
    _signal_init                              - Undefined Weak Reference
    _terminateio                              - Undefined Weak Reference
    __Vectors_Size                           0x000000ec   Number         0  startup_stm32f10x_md.o ABSOLUTE
    __Vectors                                0x08000000   Data           4  startup_stm32f10x_md.o(RESET)
    __Vectors_End                            0x080000ec   Data           0  startup_stm32f10x_md.o(RESET)
    __main                                   0x080000ed   Thumb Code     8  __main.o(!!!main)
    __scatterload                            0x080000f5   Thumb Code     0  __scatter.o(!!!scatter)
    __scatterload_rt2                        0x080000f5   Thumb Code    44  __scatter.o(!!!scatter)
    __scatterload_rt2_thumb_only             0x080000f5   Thumb Code     0  __scatter.o(!!!scatter)
    __scatterload_null                       0x08000103   Thumb Code     0  __scatter.o(!!!scatter)
    __scatterload_copy                       0x08000129   Thumb Code    26  __scatter_copy.o(!!handler_copy)
    __scatterload_zeroinit                   0x08000145   Thumb Code    28  __scatter_zi.o(!!handler_zi)
    _printf_n                                0x08000161   Thumb Code     0  _printf_n.o(.ARM.Collect$$_printf_percent$$00000001)
    _printf_percent                          0x08000161   Thumb Code     0  _printf_percent.o(.ARM.Collect$$_printf_percent$$00000000)
    _printf_p                                0x08000167   Thumb Code     0  _printf_p.o(.ARM.Collect$$_printf_percent$$00000002)
    _printf_f                                0x0800016d   Thumb Code     0  _printf_f.o(.ARM.Collect$$_printf_percent$$00000003)
    _printf_e                                0x08000173   Thumb Code     0  _printf_e.o(.ARM.Collect$$_printf_percent$$00000004)
    _printf_g                                0x08000179   Thumb Code     0  _printf_g.o(.ARM.Collect$$_printf_percent$$00000005)
    _printf_a                                0x0800017f   Thumb Code     0  _printf_a.o(.ARM.Collect$$_printf_percent$$00000006)
    _printf_ll                               0x08000185   Thumb Code     0  _printf_ll.o(.ARM.Collect$$_printf_percent$$00000007)
    _printf_i                                0x0800018f   Thumb Code     0  _printf_i.o(.ARM.Collect$$_printf_percent$$00000008)
    _printf_d                                0x08000195   Thumb Code     0  _printf_d.o(.ARM.Collect$$_printf_percent$$00000009)
    _printf_u                                0x0800019b   Thumb Code     0  _printf_u.o(.ARM.Collect$$_printf_percent$$0000000A)
    _printf_o                                0x080001a1   Thumb Code     0  _printf_o.o(.ARM.Collect$$_printf_percent$$0000000B)
    _printf_x                                0x080001a7   Thumb Code     0  _printf_x.o(.ARM.Collect$$_printf_percent$$0000000C)
    _printf_lli                              0x080001ad   Thumb Code     0  _printf_lli.o(.ARM.Collect$$_printf_percent$$0000000D)
    _printf_lld                              0x080001b3   Thumb Code     0  _printf_lld.o(.ARM.Collect$$_printf_percent$$0000000E)
    _printf_llu                              0x080001b9   Thumb Code     0  _printf_llu.o(.ARM.Collect$$_printf_percent$$0000000F)
    _printf_llo                              0x080001bf   Thumb Code     0  _printf_llo.o(.ARM.Collect$$_printf_percent$$00000010)
    _printf_llx                              0x080001c5   Thumb Code     0  _printf_llx.o(.ARM.Collect$$_printf_percent$$00000011)
    _printf_l                                0x080001cb   Thumb Code     0  _printf_l.o(.ARM.Collect$$_printf_percent$$00000012)
    _printf_c                                0x080001d5   Thumb Code     0  _printf_c.o(.ARM.Collect$$_printf_percent$$00000013)
    _printf_s                                0x080001db   Thumb Code     0  _printf_s.o(.ARM.Collect$$_printf_percent$$00000014)
    _printf_lc                               0x080001e1   Thumb Code     0  _printf_lc.o(.ARM.Collect$$_printf_percent$$00000015)
    _printf_ls                               0x080001e7   Thumb Code     0  _printf_ls.o(.ARM.Collect$$_printf_percent$$00000016)
    _printf_percent_end                      0x080001ed   Thumb Code     0  _printf_percent_end.o(.ARM.Collect$$_printf_percent$$00000017)
    __rt_lib_init                            0x080001f1   Thumb Code     0  libinit.o(.ARM.Collect$$libinit$$00000000)
    __rt_lib_init_fp_1                       0x080001f3   Thumb Code     0  libinit2.o(.ARM.Collect$$libinit$$00000002)
    __rt_lib_init_heap_2                     0x080001f3   Thumb Code     0  libinit2.o(.ARM.Collect$$libinit$$00000005)
    __rt_lib_init_preinit_1                  0x080001f3   Thumb Code     0  libinit2.o(.ARM.Collect$$libinit$$00000004)
    __rt_lib_init_heap_1                     0x080001fb   Thumb Code     0  libinit2.o(.ARM.Collect$$libinit$$0000000A)
    __rt_lib_init_lc_common                  0x080001fb   Thumb Code     0  libinit2.o(.ARM.Collect$$libinit$$0000000F)
    __rt_lib_init_rand_1                     0x080001fb   Thumb Code     0  libinit2.o(.ARM.Collect$$libinit$$0000000E)
    __rt_lib_init_user_alloc_1               0x080001fb   Thumb Code     0  libinit2.o(.ARM.Collect$$libinit$$0000000C)
    __rt_lib_init_lc_collate_1               0x08000201   Thumb Code     0  libinit2.o(.ARM.Collect$$libinit$$00000011)
    __rt_lib_init_lc_ctype_2                 0x08000201   Thumb Code     0  libinit2.o(.ARM.Collect$$libinit$$00000012)
    __rt_lib_init_lc_ctype_1                 0x0800020d   Thumb Code     0  libinit2.o(.ARM.Collect$$libinit$$00000013)
    __rt_lib_init_lc_monetary_1              0x0800020d   Thumb Code     0  libinit2.o(.ARM.Collect$$libinit$$00000015)
    __rt_lib_init_lc_numeric_2               0x0800020d   Thumb Code     0  libinit2.o(.ARM.Collect$$libinit$$00000016)
    __rt_lib_init_alloca_1                   0x08000217   Thumb Code     0  libinit2.o(.ARM.Collect$$libinit$$0000002E)
    __rt_lib_init_argv_1                     0x08000217   Thumb Code     0  libinit2.o(.ARM.Collect$$libinit$$0000002C)
    __rt_lib_init_atexit_1                   0x08000217   Thumb Code     0  libinit2.o(.ARM.Collect$$libinit$$0000001B)
    __rt_lib_init_clock_1                    0x08000217   Thumb Code     0  libinit2.o(.ARM.Collect$$libinit$$00000021)
    __rt_lib_init_cpp_1                      0x08000217   Thumb Code     0  libinit2.o(.ARM.Collect$$libinit$$00000032)
    __rt_lib_init_exceptions_1               0x08000217   Thumb Code     0  libinit2.o(.ARM.Collect$$libinit$$00000030)
    __rt_lib_init_fp_trap_1                  0x08000217   Thumb Code     0  libinit2.o(.ARM.Collect$$libinit$$0000001F)
    __rt_lib_init_getenv_1                   0x08000217   Thumb Code     0  libinit2.o(.ARM.Collect$$libinit$$00000023)
    __rt_lib_init_lc_numeric_1               0x08000217   Thumb Code     0  libinit2.o(.ARM.Collect$$libinit$$00000017)
    __rt_lib_init_lc_time_1                  0x08000217   Thumb Code     0  libinit2.o(.ARM.Collect$$libinit$$00000019)
    __rt_lib_init_return                     0x08000217   Thumb Code     0  libinit2.o(.ARM.Collect$$libinit$$00000033)
    __rt_lib_init_signal_1                   0x08000217   Thumb Code     0  libinit2.o(.ARM.Collect$$libinit$$0000001D)
    __rt_lib_init_stdio_1                    0x08000217   Thumb Code     0  libinit2.o(.ARM.Collect$$libinit$$00000025)
    __rt_lib_shutdown                        0x08000219   Thumb Code     0  libshutdown.o(.ARM.Collect$$libshutdown$$00000000)
    __rt_lib_shutdown_cpp_1                  0x0800021b   Thumb Code     0  libshutdown2.o(.ARM.Collect$$libshutdown$$00000002)
    __rt_lib_shutdown_fp_trap_1              0x0800021b   Thumb Code     0  libshutdown2.o(.ARM.Collect$$libshutdown$$00000007)
    __rt_lib_shutdown_heap_1                 0x0800021b   Thumb Code     0  libshutdown2.o(.ARM.Collect$$libshutdown$$0000000F)
    __rt_lib_shutdown_return                 0x0800021b   Thumb Code     0  libshutdown2.o(.ARM.Collect$$libshutdown$$00000010)
    __rt_lib_shutdown_signal_1               0x0800021b   Thumb Code     0  libshutdown2.o(.ARM.Collect$$libshutdown$$0000000A)
    __rt_lib_shutdown_stdio_1                0x0800021b   Thumb Code     0  libshutdown2.o(.ARM.Collect$$libshutdown$$00000004)
    __rt_lib_shutdown_user_alloc_1           0x0800021b   Thumb Code     0  libshutdown2.o(.ARM.Collect$$libshutdown$$0000000C)
    __rt_entry                               0x0800021d   Thumb Code     0  __rtentry.o(.ARM.Collect$$rtentry$$00000000)
    __rt_entry_presh_1                       0x0800021d   Thumb Code     0  __rtentry2.o(.ARM.Collect$$rtentry$$00000002)
    __rt_entry_sh                            0x0800021d   Thumb Code     0  __rtentry4.o(.ARM.Collect$$rtentry$$00000004)
    __rt_entry_li                            0x08000223   Thumb Code     0  __rtentry2.o(.ARM.Collect$$rtentry$$0000000A)
    __rt_entry_postsh_1                      0x08000223   Thumb Code     0  __rtentry2.o(.ARM.Collect$$rtentry$$00000009)
    __rt_entry_main                          0x08000227   Thumb Code     0  __rtentry2.o(.ARM.Collect$$rtentry$$0000000D)
    __rt_entry_postli_1                      0x08000227   Thumb Code     0  __rtentry2.o(.ARM.Collect$$rtentry$$0000000C)
    __rt_exit                                0x0800022f   Thumb Code     0  rtexit.o(.ARM.Collect$$rtexit$$00000000)
    __rt_exit_ls                             0x08000231   Thumb Code     0  rtexit2.o(.ARM.Collect$$rtexit$$00000003)
    __rt_exit_prels_1                        0x08000231   Thumb Code     0  rtexit2.o(.ARM.Collect$$rtexit$$00000002)
    __rt_exit_exit                           0x08000235   Thumb Code     0  rtexit2.o(.ARM.Collect$$rtexit$$00000004)
    Reset_Handler                            0x0800023d   Thumb Code     8  startup_stm32f10x_md.o(.text)
    _maybe_terminate_alloc                   0x0800023d   Thumb Code     0  maybetermalloc1.o(.emb_text)
    ADC1_2_IRQHandler                        0x08000257   Thumb Code     0  startup_stm32f10x_md.o(.text)
    CAN1_RX1_IRQHandler                      0x08000257   Thumb Code     0  startup_stm32f10x_md.o(.text)
    CAN1_SCE_IRQHandler                      0x08000257   Thumb Code     0  startup_stm32f10x_md.o(.text)
    DMA1_Channel1_IRQHandler                 0x08000257   Thumb Code     0  startup_stm32f10x_md.o(.text)
    DMA1_Channel2_IRQHandler                 0x08000257   Thumb Code     0  startup_stm32f10x_md.o(.text)
    DMA1_Channel3_IRQHandler                 0x08000257   Thumb Code     0  startup_stm32f10x_md.o(.text)
    DMA1_Channel4_IRQHandler                 0x08000257   Thumb Code     0  startup_stm32f10x_md.o(.text)
    DMA1_Channel5_IRQHandler                 0x08000257   Thumb Code     0  startup_stm32f10x_md.o(.text)
    DMA1_Channel6_IRQHandler                 0x08000257   Thumb Code     0  startup_stm32f10x_md.o(.text)
    DMA1_Channel7_IRQHandler                 0x08000257   Thumb Code     0  startup_stm32f10x_md.o(.text)
    EXTI0_IRQHandler                         0x08000257   Thumb Code     0  startup_stm32f10x_md.o(.text)
    EXTI15_10_IRQHandler                     0x08000257   Thumb Code     0  startup_stm32f10x_md.o(.text)
    EXTI1_IRQHandler                         0x08000257   Thumb Code     0  startup_stm32f10x_md.o(.text)
    EXTI2_IRQHandler                         0x08000257   Thumb Code     0  startup_stm32f10x_md.o(.text)
    EXTI3_IRQHandler                         0x08000257   Thumb Code     0  startup_stm32f10x_md.o(.text)
    EXTI4_IRQHandler                         0x08000257   Thumb Code     0  startup_stm32f10x_md.o(.text)
    EXTI9_5_IRQHandler                       0x08000257   Thumb Code     0  startup_stm32f10x_md.o(.text)
    FLASH_IRQHandler                         0x08000257   Thumb Code     0  startup_stm32f10x_md.o(.text)
    I2C1_ER_IRQHandler                       0x08000257   Thumb Code     0  startup_stm32f10x_md.o(.text)
    I2C1_EV_IRQHandler                       0x08000257   Thumb Code     0  startup_stm32f10x_md.o(.text)
    I2C2_ER_IRQHandler                       0x08000257   Thumb Code     0  startup_stm32f10x_md.o(.text)
    I2C2_EV_IRQHandler                       0x08000257   Thumb Code     0  startup_stm32f10x_md.o(.text)
    PVD_IRQHandler                           0x08000257   Thumb Code     0  startup_stm32f10x_md.o(.text)
    RCC_IRQHandler                           0x08000257   Thumb Code     0  startup_stm32f10x_md.o(.text)
    RTCAlarm_IRQHandler                      0x08000257   Thumb Code     0  startup_stm32f10x_md.o(.text)
    RTC_IRQHandler                           0x08000257   Thumb Code     0  startup_stm32f10x_md.o(.text)
    SPI1_IRQHandler                          0x08000257   Thumb Code     0  startup_stm32f10x_md.o(.text)
    SPI2_IRQHandler                          0x08000257   Thumb Code     0  startup_stm32f10x_md.o(.text)
    TAMPER_IRQHandler                        0x08000257   Thumb Code     0  startup_stm32f10x_md.o(.text)
    TIM1_BRK_IRQHandler                      0x08000257   Thumb Code     0  startup_stm32f10x_md.o(.text)
    TIM1_CC_IRQHandler                       0x08000257   Thumb Code     0  startup_stm32f10x_md.o(.text)
    TIM1_TRG_COM_IRQHandler                  0x08000257   Thumb Code     0  startup_stm32f10x_md.o(.text)
    TIM1_UP_IRQHandler                       0x08000257   Thumb Code     0  startup_stm32f10x_md.o(.text)
    TIM3_IRQHandler                          0x08000257   Thumb Code     0  startup_stm32f10x_md.o(.text)
    TIM4_IRQHandler                          0x08000257   Thumb Code     0  startup_stm32f10x_md.o(.text)
    USART2_IRQHandler                        0x08000257   Thumb Code     0  startup_stm32f10x_md.o(.text)
    USART3_IRQHandler                        0x08000257   Thumb Code     0  startup_stm32f10x_md.o(.text)
    USBWakeUp_IRQHandler                     0x08000257   Thumb Code     0  startup_stm32f10x_md.o(.text)
    USB_HP_CAN1_TX_IRQHandler                0x08000257   Thumb Code     0  startup_stm32f10x_md.o(.text)
    USB_LP_CAN1_RX0_IRQHandler               0x08000257   Thumb Code     0  startup_stm32f10x_md.o(.text)
    WWDG_IRQHandler                          0x08000257   Thumb Code     0  startup_stm32f10x_md.o(.text)
    __user_initial_stackheap                 0x08000259   Thumb Code     0  startup_stm32f10x_md.o(.text)
    malloc                                   0x0800027d   Thumb Code    94  h1_alloc.o(.text)
    free                                     0x080002db   Thumb Code    78  h1_free.o(.text)
    vsprintf                                 0x08000329   Thumb Code    32  vsprintf.o(.text)
    strcpy                                   0x0800034d   Thumb Code    72  strcpy.o(.text)
    strlen                                   0x08000395   Thumb Code    62  strlen.o(.text)
    __aeabi_memcpy                           0x080003d3   Thumb Code     0  rt_memcpy_v6.o(.text)
    __rt_memcpy                              0x080003d3   Thumb Code   138  rt_memcpy_v6.o(.text)
    _memcpy_lastbytes                        0x08000439   Thumb Code     0  rt_memcpy_v6.o(.text)
    __aeabi_memcpy4                          0x0800045d   Thumb Code     0  rt_memcpy_w.o(.text)
    __aeabi_memcpy8                          0x0800045d   Thumb Code     0  rt_memcpy_w.o(.text)
    __rt_memcpy_w                            0x0800045d   Thumb Code   100  rt_memcpy_w.o(.text)
    _memcpy_lastbytes_aligned                0x080004a5   Thumb Code     0  rt_memcpy_w.o(.text)
    __aeabi_memclr4                          0x080004c1   Thumb Code     0  rt_memclr_w.o(.text)
    __aeabi_memclr8                          0x080004c1   Thumb Code     0  rt_memclr_w.o(.text)
    __rt_memclr_w                            0x080004c1   Thumb Code    78  rt_memclr_w.o(.text)
    _memset_w                                0x080004c5   Thumb Code     0  rt_memclr_w.o(.text)
    strcmp                                   0x08000511   Thumb Code   128  strcmpv7m.o(.text)
    __use_two_region_memory                  0x08000591   Thumb Code     2  heapauxi.o(.text)
    __rt_heap_escrow                         0x08000593   Thumb Code     2  heapauxi.o(.text)
    __rt_heap_expand                         0x08000595   Thumb Code     2  heapauxi.o(.text)
    __rt_heap_descriptor                     0x08000599   Thumb Code     8  rt_heap_descriptor_intlibspace.o(.text)
    __use_no_heap                            0x080005a1   Thumb Code     2  hguard.o(.text)
    __heap$guard                             0x080005a3   Thumb Code     2  hguard.o(.text)
    _terminate_user_alloc                    0x080005a5   Thumb Code     2  init_alloc.o(.text)
    _init_user_alloc                         0x080005a7   Thumb Code     2  init_alloc.o(.text)
    __Heap_Full                              0x080005a9   Thumb Code    34  init_alloc.o(.text)
    __Heap_Broken                            0x080005cb   Thumb Code     6  init_alloc.o(.text)
    _init_alloc                              0x080005d1   Thumb Code    94  init_alloc.o(.text)
    __Heap_Initialize                        0x0800062f   Thumb Code    10  h1_init.o(.text)
    __Heap_DescSize                          0x08000639   Thumb Code     4  h1_init.o(.text)
    _printf_pre_padding                      0x0800063d   Thumb Code    44  _printf_pad.o(.text)
    _printf_post_padding                     0x08000669   Thumb Code    34  _printf_pad.o(.text)
    _printf_truncate_signed                  0x0800068b   Thumb Code    18  _printf_truncate.o(.text)
    _printf_truncate_unsigned                0x0800069d   Thumb Code    18  _printf_truncate.o(.text)
    _printf_str                              0x080006af   Thumb Code    82  _printf_str.o(.text)
    _printf_int_dec                          0x08000701   Thumb Code   104  _printf_dec.o(.text)
    _printf_charcount                        0x08000779   Thumb Code    40  _printf_charcount.o(.text)
    _printf_char_common                      0x080007ab   Thumb Code    32  _printf_char_common.o(.text)
    _sputc                                   0x080007d1   Thumb Code    10  _sputc.o(.text)
    _printf_wctomb                           0x080007dd   Thumb Code   182  _printf_wctomb.o(.text)
    _printf_longlong_dec                     0x08000899   Thumb Code   108  _printf_longlong_dec.o(.text)
    _printf_longlong_oct                     0x08000915   Thumb Code    66  _printf_oct_int_ll.o(.text)
    _printf_int_oct                          0x08000957   Thumb Code    24  _printf_oct_int_ll.o(.text)
    _printf_ll_oct                           0x0800096f   Thumb Code    12  _printf_oct_int_ll.o(.text)
    _printf_longlong_hex                     0x08000985   Thumb Code    86  _printf_hex_int_ll_ptr.o(.text)
    _printf_int_hex                          0x080009db   Thumb Code    28  _printf_hex_int_ll_ptr.o(.text)
    _printf_ll_hex                           0x080009f7   Thumb Code    12  _printf_hex_int_ll_ptr.o(.text)
    _printf_hex_ptr                          0x08000a03   Thumb Code    18  _printf_hex_int_ll_ptr.o(.text)
    __printf                                 0x08000a19   Thumb Code   388  __printf_flags_ss_wp.o(.text)
    __user_libspace                          0x08000ba1   Thumb Code     8  libspace.o(.text)
    __user_perproc_libspace                  0x08000ba1   Thumb Code     0  libspace.o(.text)
    __user_perthread_libspace                0x08000ba1   Thumb Code     0  libspace.o(.text)
    __Heap_ProvideMemory                     0x08000ba9   Thumb Code    52  h1_extend.o(.text)
    _ll_udiv10                               0x08000bdd   Thumb Code   138  lludiv10.o(.text)
    _printf_int_common                       0x08000c67   Thumb Code   178  _printf_intcommon.o(.text)
    __lib_sel_fp_printf                      0x08000d19   Thumb Code     2  _printf_fp_dec.o(.text)
    _printf_fp_dec_real                      0x08000ecb   Thumb Code   620  _printf_fp_dec.o(.text)
    _printf_fp_hex_real                      0x08001139   Thumb Code   756  _printf_fp_hex.o(.text)
    _printf_cs_common                        0x08001435   Thumb Code    20  _printf_char.o(.text)
    _printf_char                             0x08001449   Thumb Code    16  _printf_char.o(.text)
    _printf_string                           0x08001459   Thumb Code     8  _printf_char.o(.text)
    _printf_lcs_common                       0x08001461   Thumb Code    20  _printf_wchar.o(.text)
    _printf_wchar                            0x08001475   Thumb Code    16  _printf_wchar.o(.text)
    _printf_wstring                          0x08001485   Thumb Code     8  _printf_wchar.o(.text)
    _wcrtomb                                 0x0800148d   Thumb Code    64  _wcrtomb.o(.text)
    __rt_SIGRTMEM                            0x080014cd   Thumb Code    14  defsig_rtmem_outer.o(.text)
    __I$use$semihosting                      0x080014db   Thumb Code     0  use_no_semi.o(.text)
    __use_no_semihosting_swi                 0x080014db   Thumb Code     2  use_no_semi.o(.text)
    __semihosting_library_function           0x080014dd   Thumb Code     0  indicate_semi.o(.text)
    __user_setup_stackheap                   0x080014dd   Thumb Code    74  sys_stackheap_outer.o(.text)
    __rt_ctype_table                         0x08001529   Thumb Code    16  rt_ctype_table.o(.text)
    __rt_locale                              0x08001539   Thumb Code     8  rt_locale_intlibspace.o(.text)
    _printf_fp_infnan                        0x08001541   Thumb Code   112  _printf_fp_infnan.o(.text)
    _btod_etento                             0x080015c1   Thumb Code   224  bigflt0.o(.text)
    exit                                     0x080016a5   Thumb Code    18  exit.o(.text)
    __sig_exit                               0x080016b7   Thumb Code    10  defsig_exit.o(.text)
    __rt_SIGRTMEM_inner                      0x080016c1   Thumb Code    22  defsig_rtmem_inner.o(.text)
    _sys_exit                                0x08001711   Thumb Code     8  sys_exit.o(.text)
    __default_signal_display                 0x0800171d   Thumb Code    50  defsig_general.o(.text)
    _ttywrch                                 0x0800174f   Thumb Code    14  sys_wrch.o(.text)
    _btod_d2e                                0x0800175d   Thumb Code    62  btod.o(CL$$btod_d2e)
    _d2e_denorm_low                          0x0800179b   Thumb Code    70  btod.o(CL$$btod_d2e_denorm_low)
    _d2e_norm_op1                            0x080017e1   Thumb Code    96  btod.o(CL$$btod_d2e_norm_op1)
    __btod_div_common                        0x08001841   Thumb Code   696  btod.o(CL$$btod_div_common)
    _e2e                                     0x08001b79   Thumb Code   220  btod.o(CL$$btod_e2e)
    _btod_ediv                               0x08001c55   Thumb Code    42  btod.o(CL$$btod_ediv)
    _btod_emul                               0x08001c7f   Thumb Code    42  btod.o(CL$$btod_emul)
    __btod_mult_common                       0x08001ca9   Thumb Code   580  btod.o(CL$$btod_mult_common)
    Anime_Create                             0x08001eed   Thumb Code   152  anime.o(i.Anime_Create)
    Anime_Destroy                            0x08001f85   Thumb Code    36  anime.o(i.Anime_Destroy)
    BusFault_Handler                         0x08001fa9   Thumb Code     4  stm32f10x_it.o(i.BusFault_Handler)
    DebugMon_Handler                         0x08001fad   Thumb Code     2  stm32f10x_it.o(i.DebugMon_Handler)
    GPIO_Init                                0x08001faf   Thumb Code   278  stm32f10x_gpio.o(i.GPIO_Init)
    GPIO_ReadInputDataBit                    0x080020c5   Thumb Code    18  stm32f10x_gpio.o(i.GPIO_ReadInputDataBit)
    GPIO_ResetBits                           0x080020d7   Thumb Code     4  stm32f10x_gpio.o(i.GPIO_ResetBits)
    GPIO_SetBits                             0x080020db   Thumb Code     4  stm32f10x_gpio.o(i.GPIO_SetBits)
    GetTick                                  0x080020e1   Thumb Code     6  ticker.o(i.GetTick)
    HardFault_Handler                        0x080020ed   Thumb Code    56  stm32f10x_it.o(i.HardFault_Handler)
    Knot_Create                              0x08002139   Thumb Code    24  ui_core.o(i.Knot_Create)
    MemManage_Handler                        0x08002151   Thumb Code     4  stm32f10x_it.o(i.MemManage_Handler)
    MsgBox_Create                            0x08002155   Thumb Code   100  msgbox.o(i.MsgBox_Create)
    MsgBox_Destroy                           0x080021c1   Thumb Code    40  msgbox.o(i.MsgBox_Destroy)
    MsgBox_Draw                              0x080021e9   Thumb Code   110  msgbox.o(i.MsgBox_Draw)
    NMI_Handler                              0x08002257   Thumb Code     2  stm32f10x_it.o(i.NMI_Handler)
    NVIC_Init                                0x08002259   Thumb Code   100  misc.o(i.NVIC_Init)
    OLED_Clear                               0x080022c9   Thumb Code    36  oled.o(i.OLED_Clear)
    OLED_ClearArea                           0x080022f1   Thumb Code   140  oled.o(i.OLED_ClearArea)
    OLED_DrawPoint                           0x08002381   Thumb Code   208  oled.o(i.OLED_DrawPoint)
    OLED_DrawRectangle                       0x08002459   Thumb Code   142  oled.o(i.OLED_DrawRectangle)
    OLED_GPIO_Init                           0x080024e9   Thumb Code    88  oled.o(i.OLED_GPIO_Init)
    OLED_I2C_SendByte                        0x08002545   Thumb Code    52  oled.o(i.OLED_I2C_SendByte)
    OLED_I2C_Start                           0x08002579   Thumb Code    20  oled.o(i.OLED_I2C_Start)
    OLED_I2C_Stop                            0x0800258d   Thumb Code    16  oled.o(i.OLED_I2C_Stop)
    OLED_Init                                0x0800259d   Thumb Code   154  oled.o(i.OLED_Init)
    OLED_Pow                                 0x08002637   Thumb Code    20  oled.o(i.OLED_Pow)
    OLED_PrintImage                          0x0800264d   Thumb Code   666  oled.o(i.OLED_PrintImage)
    OLED_SetCursor                           0x080028f1   Thumb Code    34  oled.o(i.OLED_SetCursor)
    OLED_ShowChar                            0x08002915   Thumb Code    74  oled.o(i.OLED_ShowChar)
    OLED_ShowImage                           0x08002969   Thumb Code    48  oled.o(i.OLED_ShowImage)
    OLED_ShowNum                             0x08002999   Thumb Code    76  oled.o(i.OLED_ShowNum)
    OLED_ShowString                          0x080029e5   Thumb Code   262  oled.o(i.OLED_ShowString)
    OLED_Update                              0x08002af5   Thumb Code    36  oled.o(i.OLED_Update)
    OLED_WriteCommand                        0x08002b1d   Thumb Code    32  oled.o(i.OLED_WriteCommand)
    OLED_WriteData                           0x08002b3d   Thumb Code    46  oled.o(i.OLED_WriteData)
    OLED_getStringWidth                      0x08002b6b   Thumb Code    46  oled.o(i.OLED_getStringWidth)
    PendSV_Handler                           0x08002b99   Thumb Code     2  stm32f10x_it.o(i.PendSV_Handler)
    RCC_APB1PeriphClockCmd                   0x08002b9d   Thumb Code    26  stm32f10x_rcc.o(i.RCC_APB1PeriphClockCmd)
    RCC_APB2PeriphClockCmd                   0x08002bbd   Thumb Code    26  stm32f10x_rcc.o(i.RCC_APB2PeriphClockCmd)
    SCL_OFF                                  0x08002bdd   Thumb Code    14  oled.o(i.SCL_OFF)
    SCL_ON                                   0x08002bf1   Thumb Code    14  oled.o(i.SCL_ON)
    SDA_OFF                                  0x08002c05   Thumb Code    14  oled.o(i.SDA_OFF)
    SDA_ON                                   0x08002c19   Thumb Code    14  oled.o(i.SDA_ON)
    SVC_Handler                              0x08002c2d   Thumb Code     2  stm32f10x_it.o(i.SVC_Handler)
    SW_Clicked                               0x08002c31   Thumb Code    54  switch.o(i.SW_Clicked)
    SW_Init                                  0x08002c6d   Thumb Code    52  switch.o(i.SW_Init)
    SW_read                                  0x08002ca9   Thumb Code    38  switch.o(i.SW_read)
    SW_read_simp                             0x08002cd1   Thumb Code    18  switch.o(i.SW_read_simp)
    SysTick_Handler                          0x08002dd5   Thumb Code     2  stm32f10x_it.o(i.SysTick_Handler)
    SystemInit                               0x08002dd9   Thumb Code    78  system_stm32f10x.o(i.SystemInit)
    TIM2_IRQHandler                          0x08002e39   Thumb Code    32  ticker.o(i.TIM2_IRQHandler)
    TIM_ClearITPendingBit                    0x08002e5d   Thumb Code     6  stm32f10x_tim.o(i.TIM_ClearITPendingBit)
    TIM_Cmd                                  0x08002e63   Thumb Code    24  stm32f10x_tim.o(i.TIM_Cmd)
    TIM_GetITStatus                          0x08002e7b   Thumb Code    34  stm32f10x_tim.o(i.TIM_GetITStatus)
    TIM_ITConfig                             0x08002e9d   Thumb Code    18  stm32f10x_tim.o(i.TIM_ITConfig)
    TIM_TimeBaseInit                         0x08002eb1   Thumb Code   122  stm32f10x_tim.o(i.TIM_TimeBaseInit)
    Task_Create                              0x08002f55   Thumb Code    40  ui_core.o(i.Task_Create)
    Task_Destroy                             0x08002f7d   Thumb Code    12  ui_core.o(i.Task_Destroy)
    Ticker_Init                              0x08002f89   Thumb Code    92  ticker.o(i.Ticker_Init)
    Toast_AddDisFunc                         0x08002fe5   Thumb Code    18  toast.o(i.Toast_AddDisFunc)
    Toast_AppearFinFunc                      0x08002ff9   Thumb Code    28  toast.o(i.Toast_AppearFinFunc)
    Toast_Destroy                            0x08003019   Thumb Code    40  toast.o(i.Toast_Destroy)
    Toast_EmptyFunc                          0x08003041   Thumb Code     2  toast.o(i.Toast_EmptyFunc)
    Toast_Generate                           0x08003043   Thumb Code    78  toast.o(i.Toast_Generate)
    Toast_LoadAppearAnime                    0x08003091   Thumb Code    90  toast.o(i.Toast_LoadAppearAnime)
    Toast_LoadDisappearAnime                 0x080030f9   Thumb Code    90  toast.o(i.Toast_LoadDisappearAnime)
    UI_AddTask                               0x08003161   Thumb Code    62  ui_core.o(i.UI_AddTask)
    UI_Init                                  0x080031a5   Thumb Code    28  ui_core.o(i.UI_Init)
    UI_LoopFunc                              0x080031c9   Thumb Code    66  ui_core.o(i.UI_LoopFunc)
    UI_RegisterComponent                     0x08003215   Thumb Code    36  ui_core.o(i.UI_RegisterComponent)
    UI_RemoveComponent                       0x0800323d   Thumb Code    30  ui_core.o(i.UI_RemoveComponent)
    UI_RemoveTask                            0x0800325b   Thumb Code    30  ui_core.o(i.UI_RemoveTask)
    UI_StartAnime                            0x08003279   Thumb Code    26  ui_core.o(i.UI_StartAnime)
    USART1_IRQHandler                        0x08003295   Thumb Code   206  serial.o(i.USART1_IRQHandler)
    USART_ClearITPendingBit                  0x08003385   Thumb Code    30  stm32f10x_usart.o(i.USART_ClearITPendingBit)
    USART_GetITStatus                        0x080033a3   Thumb Code    84  stm32f10x_usart.o(i.USART_GetITStatus)
    USART_ReceiveData                        0x080033f7   Thumb Code    10  stm32f10x_usart.o(i.USART_ReceiveData)
    UsageFault_Handler                       0x08003401   Thumb Code     4  stm32f10x_it.o(i.UsageFault_Handler)
    __ARM_fpclassify                         0x08003405   Thumb Code    40  fpclassify.o(i.__ARM_fpclassify)
    _is_digit                                0x0800342d   Thumb Code    14  __printf_wp.o(i._is_digit)
    cAnime_Destroy                           0x0800343b   Thumb Code    12  anime.o(i.cAnime_Destroy)
    delay_ms                                 0x08003447   Thumb Code    24  tools.o(i.delay_ms)
    delay_us                                 0x0800345f   Thumb Code    46  tools.o(i.delay_us)
    fly_in                                   0x0800348d   Thumb Code    62  anime.o(i.fly_in)
    jump_in                                  0x080034cd   Thumb Code   104  anime.o(i.jump_in)
    main                                     0x0800353d   Thumb Code    84  main.o(i.main)
    process_anime                            0x0800359d   Thumb Code   232  ui_core.o(i.process_anime)
    process_task                             0x08003685   Thumb Code    34  ui_core.o(i.process_task)
    rMsgBox_UpdateText                       0x080036a7   Thumb Code   382  msgbox.o(i.rMsgBox_UpdateText)
    _get_lc_numeric                          0x08003825   Thumb Code    44  lc_numeric_c.o(locale$$code)
    _get_lc_ctype                            0x08003851   Thumb Code    44  lc_ctype_c.o(locale$$code)
    __aeabi_d2f                              0x0800387d   Thumb Code     0  d2f.o(x$fpl$d2f)
    _d2f                                     0x0800387d   Thumb Code    98  d2f.o(x$fpl$d2f)
    __aeabi_dadd                             0x080038e1   Thumb Code     0  daddsub_clz.o(x$fpl$dadd)
    _dadd                                    0x080038e1   Thumb Code   332  daddsub_clz.o(x$fpl$dadd)
    __aeabi_dmul                             0x08003a31   Thumb Code     0  dmul.o(x$fpl$dmul)
    _dmul                                    0x08003a31   Thumb Code   332  dmul.o(x$fpl$dmul)
    __fpl_dnaninf                            0x08003b85   Thumb Code   156  dnaninf.o(x$fpl$dnaninf)
    __fpl_dretinf                            0x08003c21   Thumb Code    12  dretinf.o(x$fpl$dretinf)
    __aeabi_dsub                             0x08003c2d   Thumb Code     0  daddsub_clz.o(x$fpl$dsub)
    _dsub                                    0x08003c2d   Thumb Code   464  daddsub_clz.o(x$fpl$dsub)
    __aeabi_f2d                              0x08003e01   Thumb Code     0  f2d.o(x$fpl$f2d)
    _f2d                                     0x08003e01   Thumb Code    86  f2d.o(x$fpl$f2d)
    __aeabi_fadd                             0x08003e59   Thumb Code     0  faddsub_clz.o(x$fpl$fadd)
    _fadd                                    0x08003e59   Thumb Code   196  faddsub_clz.o(x$fpl$fadd)
    __fpl_fcmp_Inf                           0x08003f1d   Thumb Code    24  fcmpi.o(x$fpl$fcmpinf)
    __aeabi_fdiv                             0x08003f35   Thumb Code     0  fdiv.o(x$fpl$fdiv)
    _fdiv                                    0x08003f35   Thumb Code   384  fdiv.o(x$fpl$fdiv)
    __aeabi_f2iz                             0x080040b9   Thumb Code     0  ffix.o(x$fpl$ffix)
    _ffix                                    0x080040b9   Thumb Code    54  ffix.o(x$fpl$ffix)
    __aeabi_i2f                              0x080040f1   Thumb Code     0  fflt_clz.o(x$fpl$fflt)
    _fflt                                    0x080040f1   Thumb Code    48  fflt_clz.o(x$fpl$fflt)
    __aeabi_ui2f                             0x08004121   Thumb Code     0  fflt_clz.o(x$fpl$ffltu)
    _ffltu                                   0x08004121   Thumb Code    38  fflt_clz.o(x$fpl$ffltu)
    __aeabi_cfcmple                          0x08004149   Thumb Code     0  fleqf.o(x$fpl$fleqf)
    _fcmple                                  0x08004149   Thumb Code   104  fleqf.o(x$fpl$fleqf)
    __fpl_fcmple_InfNaN                      0x0800419b   Thumb Code     0  fleqf.o(x$fpl$fleqf)
    __aeabi_fmul                             0x080041b1   Thumb Code     0  fmul.o(x$fpl$fmul)
    _fmul                                    0x080041b1   Thumb Code   258  fmul.o(x$fpl$fmul)
    __fpl_fnaninf                            0x080042b3   Thumb Code   140  fnaninf.o(x$fpl$fnaninf)
    __fpl_fretinf                            0x0800433f   Thumb Code    10  fretinf.o(x$fpl$fretinf)
    __aeabi_cfrcmple                         0x08004349   Thumb Code     0  frleqf.o(x$fpl$frleqf)
    _frcmple                                 0x08004349   Thumb Code    98  frleqf.o(x$fpl$frleqf)
    __aeabi_fsub                             0x080043ad   Thumb Code     0  faddsub_clz.o(x$fpl$fsub)
    _fsub                                    0x080043ad   Thumb Code   234  faddsub_clz.o(x$fpl$fsub)
    _printf_fp_dec                           0x08004497   Thumb Code     4  printf1.o(x$fpl$printf1)
    _printf_fp_hex                           0x0800449b   Thumb Code     4  printf2.o(x$fpl$printf2)
    OLED_F8x16                               0x0800449e   Data        1520  oled_data.o(.constdata)
    __I$use$fp                               0x0800449e   Number         0  usenofp.o(x$fpl$usenofp)
    OLED_F6x8                                0x08004a8e   Data         570  oled_data.o(.constdata)
    OLED_CF16x16                             0x08004cc8   Data        1960  oled_data.o(.constdata)
    Diode                                    0x08005470   Data          32  oled_data.o(.constdata)
    Region$$Table$$Base                      0x0800559c   Number         0  anon$$obj.o(Region$$Table)
    Region$$Table$$Limit                     0x080055bc   Number         0  anon$$obj.o(Region$$Table)
    __ctype                                  0x080055e5   Data           0  lc_ctype_c.o(locale$$data)
    Serial_RxFlag                            0x20000000   Data           1  serial.o(.data)
    Serial_RxPacketSize                      0x20000001   Data           1  serial.o(.data)
    RxState                                  0x20000002   Data           1  serial.o(.data)
    pRxPacket                                0x20000003   Data           1  serial.o(.data)
    color                                    0x20000008   Data           1  oled.o(.data)
    SW_PIN                                   0x2000000a   Data           8  switch.o(.data)
    last_state                               0x20000012   Data           4  switch.o(.data)
    UI_ComponentKnot                         0x2000001c   Data           4  ui_core.o(.data)
    UI_TaskKnot                              0x20000020   Data           4  ui_core.o(.data)
    Serial_RxPacket                          0x20000024   Data          17  serial.o(.bss)
    OLED_DisplayBuf                          0x20000035   Data        1024  oled.o(.bss)
    __libspace_start                         0x20000438   Data          96  libspace.o(.bss)
    __temporary_stack_top$libspace           0x20000498   Data           0  libspace.o(.bss)



==============================================================================

Memory Map of the image

  Image Entry point : 0x080000ed

  Load Region LR_IROM1 (Base: 0x08000000, Size: 0x0000570c, Max: 0x00010000, ABSOLUTE)

    Execution Region ER_IROM1 (Exec base: 0x08000000, Load base: 0x08000000, Size: 0x000056e8, Max: 0x00010000, ABSOLUTE)

    Exec Addr    Load Addr    Size         Type   Attr      Idx    E Section Name        Object

    0x08000000   0x08000000   0x000000ec   Data   RO            3    RESET               startup_stm32f10x_md.o
    0x080000ec   0x080000ec   0x00000008   Code   RO         4832  * !!!main             c_w.l(__main.o)
    0x080000f4   0x080000f4   0x00000034   Code   RO         5329    !!!scatter          c_w.l(__scatter.o)
    0x08000128   0x08000128   0x0000001a   Code   RO         5331    !!handler_copy      c_w.l(__scatter_copy.o)
    0x08000142   0x08000142   0x00000002   PAD
    0x08000144   0x08000144   0x0000001c   Code   RO         5333    !!handler_zi        c_w.l(__scatter_zi.o)
    0x08000160   0x08000160   0x00000000   Code   RO         5023    .ARM.Collect$$_printf_percent$$00000000  c_w.l(_printf_percent.o)
    0x08000160   0x08000160   0x00000006   Code   RO         5012    .ARM.Collect$$_printf_percent$$00000001  c_w.l(_printf_n.o)
    0x08000166   0x08000166   0x00000006   Code   RO         5014    .ARM.Collect$$_printf_percent$$00000002  c_w.l(_printf_p.o)
    0x0800016c   0x0800016c   0x00000006   Code   RO         5019    .ARM.Collect$$_printf_percent$$00000003  c_w.l(_printf_f.o)
    0x08000172   0x08000172   0x00000006   Code   RO         5020    .ARM.Collect$$_printf_percent$$00000004  c_w.l(_printf_e.o)
    0x08000178   0x08000178   0x00000006   Code   RO         5021    .ARM.Collect$$_printf_percent$$00000005  c_w.l(_printf_g.o)
    0x0800017e   0x0800017e   0x00000006   Code   RO         5022    .ARM.Collect$$_printf_percent$$00000006  c_w.l(_printf_a.o)
    0x08000184   0x08000184   0x0000000a   Code   RO         5027    .ARM.Collect$$_printf_percent$$00000007  c_w.l(_printf_ll.o)
    0x0800018e   0x0800018e   0x00000006   Code   RO         5016    .ARM.Collect$$_printf_percent$$00000008  c_w.l(_printf_i.o)
    0x08000194   0x08000194   0x00000006   Code   RO         5017    .ARM.Collect$$_printf_percent$$00000009  c_w.l(_printf_d.o)
    0x0800019a   0x0800019a   0x00000006   Code   RO         5018    .ARM.Collect$$_printf_percent$$0000000A  c_w.l(_printf_u.o)
    0x080001a0   0x080001a0   0x00000006   Code   RO         5015    .ARM.Collect$$_printf_percent$$0000000B  c_w.l(_printf_o.o)
    0x080001a6   0x080001a6   0x00000006   Code   RO         5013    .ARM.Collect$$_printf_percent$$0000000C  c_w.l(_printf_x.o)
    0x080001ac   0x080001ac   0x00000006   Code   RO         5024    .ARM.Collect$$_printf_percent$$0000000D  c_w.l(_printf_lli.o)
    0x080001b2   0x080001b2   0x00000006   Code   RO         5025    .ARM.Collect$$_printf_percent$$0000000E  c_w.l(_printf_lld.o)
    0x080001b8   0x080001b8   0x00000006   Code   RO         5026    .ARM.Collect$$_printf_percent$$0000000F  c_w.l(_printf_llu.o)
    0x080001be   0x080001be   0x00000006   Code   RO         5031    .ARM.Collect$$_printf_percent$$00000010  c_w.l(_printf_llo.o)
    0x080001c4   0x080001c4   0x00000006   Code   RO         5032    .ARM.Collect$$_printf_percent$$00000011  c_w.l(_printf_llx.o)
    0x080001ca   0x080001ca   0x0000000a   Code   RO         5028    .ARM.Collect$$_printf_percent$$00000012  c_w.l(_printf_l.o)
    0x080001d4   0x080001d4   0x00000006   Code   RO         5010    .ARM.Collect$$_printf_percent$$00000013  c_w.l(_printf_c.o)
    0x080001da   0x080001da   0x00000006   Code   RO         5011    .ARM.Collect$$_printf_percent$$00000014  c_w.l(_printf_s.o)
    0x080001e0   0x080001e0   0x00000006   Code   RO         5029    .ARM.Collect$$_printf_percent$$00000015  c_w.l(_printf_lc.o)
    0x080001e6   0x080001e6   0x00000006   Code   RO         5030    .ARM.Collect$$_printf_percent$$00000016  c_w.l(_printf_ls.o)
    0x080001ec   0x080001ec   0x00000004   Code   RO         5176    .ARM.Collect$$_printf_percent$$00000017  c_w.l(_printf_percent_end.o)
    0x080001f0   0x080001f0   0x00000002   Code   RO         5257    .ARM.Collect$$libinit$$00000000  c_w.l(libinit.o)
    0x080001f2   0x080001f2   0x00000000   Code   RO         5036    .ARM.Collect$$libinit$$00000002  c_w.l(libinit2.o)
    0x080001f2   0x080001f2   0x00000000   Code   RO         5038    .ARM.Collect$$libinit$$00000004  c_w.l(libinit2.o)
    0x080001f2   0x080001f2   0x00000008   Code   RO         5039    .ARM.Collect$$libinit$$00000005  c_w.l(libinit2.o)
    0x080001fa   0x080001fa   0x00000000   Code   RO         5041    .ARM.Collect$$libinit$$0000000A  c_w.l(libinit2.o)
    0x080001fa   0x080001fa   0x00000000   Code   RO         5043    .ARM.Collect$$libinit$$0000000C  c_w.l(libinit2.o)
    0x080001fa   0x080001fa   0x00000000   Code   RO         5045    .ARM.Collect$$libinit$$0000000E  c_w.l(libinit2.o)
    0x080001fa   0x080001fa   0x00000006   Code   RO         5046    .ARM.Collect$$libinit$$0000000F  c_w.l(libinit2.o)
    0x08000200   0x08000200   0x00000000   Code   RO         5048    .ARM.Collect$$libinit$$00000011  c_w.l(libinit2.o)
    0x08000200   0x08000200   0x0000000c   Code   RO         5049    .ARM.Collect$$libinit$$00000012  c_w.l(libinit2.o)
    0x0800020c   0x0800020c   0x00000000   Code   RO         5050    .ARM.Collect$$libinit$$00000013  c_w.l(libinit2.o)
    0x0800020c   0x0800020c   0x00000000   Code   RO         5052    .ARM.Collect$$libinit$$00000015  c_w.l(libinit2.o)
    0x0800020c   0x0800020c   0x0000000a   Code   RO         5053    .ARM.Collect$$libinit$$00000016  c_w.l(libinit2.o)
    0x08000216   0x08000216   0x00000000   Code   RO         5054    .ARM.Collect$$libinit$$00000017  c_w.l(libinit2.o)
    0x08000216   0x08000216   0x00000000   Code   RO         5056    .ARM.Collect$$libinit$$00000019  c_w.l(libinit2.o)
    0x08000216   0x08000216   0x00000000   Code   RO         5058    .ARM.Collect$$libinit$$0000001B  c_w.l(libinit2.o)
    0x08000216   0x08000216   0x00000000   Code   RO         5060    .ARM.Collect$$libinit$$0000001D  c_w.l(libinit2.o)
    0x08000216   0x08000216   0x00000000   Code   RO         5062    .ARM.Collect$$libinit$$0000001F  c_w.l(libinit2.o)
    0x08000216   0x08000216   0x00000000   Code   RO         5064    .ARM.Collect$$libinit$$00000021  c_w.l(libinit2.o)
    0x08000216   0x08000216   0x00000000   Code   RO         5066    .ARM.Collect$$libinit$$00000023  c_w.l(libinit2.o)
    0x08000216   0x08000216   0x00000000   Code   RO         5068    .ARM.Collect$$libinit$$00000025  c_w.l(libinit2.o)
    0x08000216   0x08000216   0x00000000   Code   RO         5072    .ARM.Collect$$libinit$$0000002C  c_w.l(libinit2.o)
    0x08000216   0x08000216   0x00000000   Code   RO         5074    .ARM.Collect$$libinit$$0000002E  c_w.l(libinit2.o)
    0x08000216   0x08000216   0x00000000   Code   RO         5076    .ARM.Collect$$libinit$$00000030  c_w.l(libinit2.o)
    0x08000216   0x08000216   0x00000000   Code   RO         5078    .ARM.Collect$$libinit$$00000032  c_w.l(libinit2.o)
    0x08000216   0x08000216   0x00000002   Code   RO         5079    .ARM.Collect$$libinit$$00000033  c_w.l(libinit2.o)
    0x08000218   0x08000218   0x00000002   Code   RO         5326    .ARM.Collect$$libshutdown$$00000000  c_w.l(libshutdown.o)
    0x0800021a   0x0800021a   0x00000000   Code   RO         5278    .ARM.Collect$$libshutdown$$00000002  c_w.l(libshutdown2.o)
    0x0800021a   0x0800021a   0x00000000   Code   RO         5280    .ARM.Collect$$libshutdown$$00000004  c_w.l(libshutdown2.o)
    0x0800021a   0x0800021a   0x00000000   Code   RO         5283    .ARM.Collect$$libshutdown$$00000007  c_w.l(libshutdown2.o)
    0x0800021a   0x0800021a   0x00000000   Code   RO         5286    .ARM.Collect$$libshutdown$$0000000A  c_w.l(libshutdown2.o)
    0x0800021a   0x0800021a   0x00000000   Code   RO         5288    .ARM.Collect$$libshutdown$$0000000C  c_w.l(libshutdown2.o)
    0x0800021a   0x0800021a   0x00000000   Code   RO         5291    .ARM.Collect$$libshutdown$$0000000F  c_w.l(libshutdown2.o)
    0x0800021a   0x0800021a   0x00000002   Code   RO         5292    .ARM.Collect$$libshutdown$$00000010  c_w.l(libshutdown2.o)
    0x0800021c   0x0800021c   0x00000000   Code   RO         4912    .ARM.Collect$$rtentry$$00000000  c_w.l(__rtentry.o)
    0x0800021c   0x0800021c   0x00000000   Code   RO         5134    .ARM.Collect$$rtentry$$00000002  c_w.l(__rtentry2.o)
    0x0800021c   0x0800021c   0x00000006   Code   RO         5146    .ARM.Collect$$rtentry$$00000004  c_w.l(__rtentry4.o)
    0x08000222   0x08000222   0x00000000   Code   RO         5136    .ARM.Collect$$rtentry$$00000009  c_w.l(__rtentry2.o)
    0x08000222   0x08000222   0x00000004   Code   RO         5137    .ARM.Collect$$rtentry$$0000000A  c_w.l(__rtentry2.o)
    0x08000226   0x08000226   0x00000000   Code   RO         5139    .ARM.Collect$$rtentry$$0000000C  c_w.l(__rtentry2.o)
    0x08000226   0x08000226   0x00000008   Code   RO         5140    .ARM.Collect$$rtentry$$0000000D  c_w.l(__rtentry2.o)
    0x0800022e   0x0800022e   0x00000002   Code   RO         5264    .ARM.Collect$$rtexit$$00000000  c_w.l(rtexit.o)
    0x08000230   0x08000230   0x00000000   Code   RO         5298    .ARM.Collect$$rtexit$$00000002  c_w.l(rtexit2.o)
    0x08000230   0x08000230   0x00000004   Code   RO         5299    .ARM.Collect$$rtexit$$00000003  c_w.l(rtexit2.o)
    0x08000234   0x08000234   0x00000006   Code   RO         5300    .ARM.Collect$$rtexit$$00000004  c_w.l(rtexit2.o)
    0x0800023a   0x0800023a   0x00000002   PAD
    0x0800023c   0x0800023c   0x00000000   Code   RO         5155    .emb_text           c_w.l(maybetermalloc1.o)
    0x0800023c   0x0800023c   0x00000040   Code   RO            4    .text               startup_stm32f10x_md.o
    0x0800027c   0x0800027c   0x0000005e   Code   RO         4754    .text               c_w.l(h1_alloc.o)
    0x080002da   0x080002da   0x0000004e   Code   RO         4756    .text               c_w.l(h1_free.o)
    0x08000328   0x08000328   0x00000024   Code   RO         4812    .text               c_w.l(vsprintf.o)
    0x0800034c   0x0800034c   0x00000048   Code   RO         4816    .text               c_w.l(strcpy.o)
    0x08000394   0x08000394   0x0000003e   Code   RO         4818    .text               c_w.l(strlen.o)
    0x080003d2   0x080003d2   0x0000008a   Code   RO         4820    .text               c_w.l(rt_memcpy_v6.o)
    0x0800045c   0x0800045c   0x00000064   Code   RO         4822    .text               c_w.l(rt_memcpy_w.o)
    0x080004c0   0x080004c0   0x0000004e   Code   RO         4826    .text               c_w.l(rt_memclr_w.o)
    0x0800050e   0x0800050e   0x00000002   PAD
    0x08000510   0x08000510   0x00000080   Code   RO         4828    .text               c_w.l(strcmpv7m.o)
    0x08000590   0x08000590   0x00000006   Code   RO         4830    .text               c_w.l(heapauxi.o)
    0x08000596   0x08000596   0x00000002   PAD
    0x08000598   0x08000598   0x00000008   Code   RO         4916    .text               c_w.l(rt_heap_descriptor_intlibspace.o)
    0x080005a0   0x080005a0   0x00000004   Code   RO         4918    .text               c_w.l(hguard.o)
    0x080005a4   0x080005a4   0x0000008a   Code   RO         4920    .text               c_w.l(init_alloc.o)
    0x0800062e   0x0800062e   0x0000000e   Code   RO         4924    .text               c_w.l(h1_init.o)
    0x0800063c   0x0800063c   0x0000004e   Code   RO         4942    .text               c_w.l(_printf_pad.o)
    0x0800068a   0x0800068a   0x00000024   Code   RO         4944    .text               c_w.l(_printf_truncate.o)
    0x080006ae   0x080006ae   0x00000052   Code   RO         4946    .text               c_w.l(_printf_str.o)
    0x08000700   0x08000700   0x00000078   Code   RO         4948    .text               c_w.l(_printf_dec.o)
    0x08000778   0x08000778   0x00000028   Code   RO         4950    .text               c_w.l(_printf_charcount.o)
    0x080007a0   0x080007a0   0x00000030   Code   RO         4952    .text               c_w.l(_printf_char_common.o)
    0x080007d0   0x080007d0   0x0000000a   Code   RO         4954    .text               c_w.l(_sputc.o)
    0x080007da   0x080007da   0x00000002   PAD
    0x080007dc   0x080007dc   0x000000bc   Code   RO         4958    .text               c_w.l(_printf_wctomb.o)
    0x08000898   0x08000898   0x0000007c   Code   RO         4961    .text               c_w.l(_printf_longlong_dec.o)
    0x08000914   0x08000914   0x00000070   Code   RO         4967    .text               c_w.l(_printf_oct_int_ll.o)
    0x08000984   0x08000984   0x00000094   Code   RO         4987    .text               c_w.l(_printf_hex_int_ll_ptr.o)
    0x08000a18   0x08000a18   0x00000188   Code   RO         5007    .text               c_w.l(__printf_flags_ss_wp.o)
    0x08000ba0   0x08000ba0   0x00000008   Code   RO         5130    .text               c_w.l(libspace.o)
    0x08000ba8   0x08000ba8   0x00000034   Code   RO         5157    .text               c_w.l(h1_extend.o)
    0x08000bdc   0x08000bdc   0x0000008a   Code   RO         5161    .text               c_w.l(lludiv10.o)
    0x08000c66   0x08000c66   0x000000b2   Code   RO         5163    .text               c_w.l(_printf_intcommon.o)
    0x08000d18   0x08000d18   0x0000041e   Code   RO         5165    .text               c_w.l(_printf_fp_dec.o)
    0x08001136   0x08001136   0x00000002   PAD
    0x08001138   0x08001138   0x000002fc   Code   RO         5167    .text               c_w.l(_printf_fp_hex.o)
    0x08001434   0x08001434   0x0000002c   Code   RO         5172    .text               c_w.l(_printf_char.o)
    0x08001460   0x08001460   0x0000002c   Code   RO         5174    .text               c_w.l(_printf_wchar.o)
    0x0800148c   0x0800148c   0x00000040   Code   RO         5177    .text               c_w.l(_wcrtomb.o)
    0x080014cc   0x080014cc   0x0000000e   Code   RO         5179    .text               c_w.l(defsig_rtmem_outer.o)
    0x080014da   0x080014da   0x00000002   Code   RO         5196    .text               c_w.l(use_no_semi.o)
    0x080014dc   0x080014dc   0x00000000   Code   RO         5198    .text               c_w.l(indicate_semi.o)
    0x080014dc   0x080014dc   0x0000004a   Code   RO         5199    .text               c_w.l(sys_stackheap_outer.o)
    0x08001526   0x08001526   0x00000002   PAD
    0x08001528   0x08001528   0x00000010   Code   RO         5201    .text               c_w.l(rt_ctype_table.o)
    0x08001538   0x08001538   0x00000008   Code   RO         5208    .text               c_w.l(rt_locale_intlibspace.o)
    0x08001540   0x08001540   0x00000080   Code   RO         5212    .text               c_w.l(_printf_fp_infnan.o)
    0x080015c0   0x080015c0   0x000000e4   Code   RO         5214    .text               c_w.l(bigflt0.o)
    0x080016a4   0x080016a4   0x00000012   Code   RO         5242    .text               c_w.l(exit.o)
    0x080016b6   0x080016b6   0x0000000a   Code   RO         5244    .text               c_w.l(defsig_exit.o)
    0x080016c0   0x080016c0   0x00000050   Code   RO         5246    .text               c_w.l(defsig_rtmem_inner.o)
    0x08001710   0x08001710   0x0000000c   Code   RO         5262    .text               c_w.l(sys_exit.o)
    0x0800171c   0x0800171c   0x00000032   Code   RO         5275    .text               c_w.l(defsig_general.o)
    0x0800174e   0x0800174e   0x0000000e   Code   RO         5295    .text               c_w.l(sys_wrch.o)
    0x0800175c   0x0800175c   0x0000003e   Code   RO         5217    CL$$btod_d2e        c_w.l(btod.o)
    0x0800179a   0x0800179a   0x00000046   Code   RO         5219    CL$$btod_d2e_denorm_low  c_w.l(btod.o)
    0x080017e0   0x080017e0   0x00000060   Code   RO         5218    CL$$btod_d2e_norm_op1  c_w.l(btod.o)
    0x08001840   0x08001840   0x00000338   Code   RO         5227    CL$$btod_div_common  c_w.l(btod.o)
    0x08001b78   0x08001b78   0x000000dc   Code   RO         5224    CL$$btod_e2e        c_w.l(btod.o)
    0x08001c54   0x08001c54   0x0000002a   Code   RO         5221    CL$$btod_ediv       c_w.l(btod.o)
    0x08001c7e   0x08001c7e   0x0000002a   Code   RO         5220    CL$$btod_emul       c_w.l(btod.o)
    0x08001ca8   0x08001ca8   0x00000244   Code   RO         5226    CL$$btod_mult_common  c_w.l(btod.o)
    0x08001eec   0x08001eec   0x00000098   Code   RO         4174    i.Anime_Create      anime.o
    0x08001f84   0x08001f84   0x00000024   Code   RO         4175    i.Anime_Destroy     anime.o
    0x08001fa8   0x08001fa8   0x00000004   Code   RO         4089    i.BusFault_Handler  stm32f10x_it.o
    0x08001fac   0x08001fac   0x00000002   Code   RO         4090    i.DebugMon_Handler  stm32f10x_it.o
    0x08001fae   0x08001fae   0x00000116   Code   RO         1347    i.GPIO_Init         stm32f10x_gpio.o
    0x080020c4   0x080020c4   0x00000012   Code   RO         1351    i.GPIO_ReadInputDataBit  stm32f10x_gpio.o
    0x080020d6   0x080020d6   0x00000004   Code   RO         1354    i.GPIO_ResetBits    stm32f10x_gpio.o
    0x080020da   0x080020da   0x00000004   Code   RO         1355    i.GPIO_SetBits      stm32f10x_gpio.o
    0x080020de   0x080020de   0x00000002   PAD
    0x080020e0   0x080020e0   0x0000000c   Code   RO         3907    i.GetTick           ticker.o
    0x080020ec   0x080020ec   0x0000004c   Code   RO         4091    i.HardFault_Handler  stm32f10x_it.o
    0x08002138   0x08002138   0x00000018   Code   RO         4313    i.Knot_Create       ui_core.o
    0x08002150   0x08002150   0x00000004   Code   RO         4092    i.MemManage_Handler  stm32f10x_it.o
    0x08002154   0x08002154   0x0000006c   Code   RO         4494    i.MsgBox_Create     msgbox.o
    0x080021c0   0x080021c0   0x00000028   Code   RO         4495    i.MsgBox_Destroy    msgbox.o
    0x080021e8   0x080021e8   0x0000006e   Code   RO         4496    i.MsgBox_Draw       msgbox.o
    0x08002256   0x08002256   0x00000002   Code   RO         4093    i.NMI_Handler       stm32f10x_it.o
    0x08002258   0x08002258   0x00000070   Code   RO          137    i.NVIC_Init         misc.o
    0x080022c8   0x080022c8   0x00000028   Code   RO         3381    i.OLED_Clear        oled.o
    0x080022f0   0x080022f0   0x00000090   Code   RO         3382    i.OLED_ClearArea    oled.o
    0x08002380   0x08002380   0x000000d8   Code   RO         3387    i.OLED_DrawPoint    oled.o
    0x08002458   0x08002458   0x0000008e   Code   RO         3388    i.OLED_DrawRectangle  oled.o
    0x080024e6   0x080024e6   0x00000002   PAD
    0x080024e8   0x080024e8   0x0000005c   Code   RO         3391    i.OLED_GPIO_Init    oled.o
    0x08002544   0x08002544   0x00000034   Code   RO         3393    i.OLED_I2C_SendByte  oled.o
    0x08002578   0x08002578   0x00000014   Code   RO         3394    i.OLED_I2C_Start    oled.o
    0x0800258c   0x0800258c   0x00000010   Code   RO         3395    i.OLED_I2C_Stop     oled.o
    0x0800259c   0x0800259c   0x0000009a   Code   RO         3396    i.OLED_Init         oled.o
    0x08002636   0x08002636   0x00000014   Code   RO         3398    i.OLED_Pow          oled.o
    0x0800264a   0x0800264a   0x00000002   PAD
    0x0800264c   0x0800264c   0x000002a4   Code   RO         3399    i.OLED_PrintImage   oled.o
    0x080028f0   0x080028f0   0x00000022   Code   RO         3403    i.OLED_SetCursor    oled.o
    0x08002912   0x08002912   0x00000002   PAD
    0x08002914   0x08002914   0x00000054   Code   RO         3405    i.OLED_ShowChar     oled.o
    0x08002968   0x08002968   0x00000030   Code   RO         3408    i.OLED_ShowImage    oled.o
    0x08002998   0x08002998   0x0000004c   Code   RO         3409    i.OLED_ShowNum      oled.o
    0x080029e4   0x080029e4   0x00000110   Code   RO         3411    i.OLED_ShowString   oled.o
    0x08002af4   0x08002af4   0x00000028   Code   RO         3412    i.OLED_Update       oled.o
    0x08002b1c   0x08002b1c   0x00000020   Code   RO         3414    i.OLED_WriteCommand  oled.o
    0x08002b3c   0x08002b3c   0x0000002e   Code   RO         3415    i.OLED_WriteData    oled.o
    0x08002b6a   0x08002b6a   0x0000002e   Code   RO         3416    i.OLED_getStringWidth  oled.o
    0x08002b98   0x08002b98   0x00000002   Code   RO         4094    i.PendSV_Handler    stm32f10x_it.o
    0x08002b9a   0x08002b9a   0x00000002   PAD
    0x08002b9c   0x08002b9c   0x00000020   Code   RO         1775    i.RCC_APB1PeriphClockCmd  stm32f10x_rcc.o
    0x08002bbc   0x08002bbc   0x00000020   Code   RO         1777    i.RCC_APB2PeriphClockCmd  stm32f10x_rcc.o
    0x08002bdc   0x08002bdc   0x00000014   Code   RO         3419    i.SCL_OFF           oled.o
    0x08002bf0   0x08002bf0   0x00000014   Code   RO         3420    i.SCL_ON            oled.o
    0x08002c04   0x08002c04   0x00000014   Code   RO         3421    i.SDA_OFF           oled.o
    0x08002c18   0x08002c18   0x00000014   Code   RO         3422    i.SDA_ON            oled.o
    0x08002c2c   0x08002c2c   0x00000002   Code   RO         4095    i.SVC_Handler       stm32f10x_it.o
    0x08002c2e   0x08002c2e   0x00000002   PAD
    0x08002c30   0x08002c30   0x0000003c   Code   RO         3813    i.SW_Clicked        switch.o
    0x08002c6c   0x08002c6c   0x0000003c   Code   RO         3814    i.SW_Init           switch.o
    0x08002ca8   0x08002ca8   0x00000026   Code   RO         3817    i.SW_read           switch.o
    0x08002cce   0x08002cce   0x00000002   PAD
    0x08002cd0   0x08002cd0   0x0000001c   Code   RO         3818    i.SW_read_simp      switch.o
    0x08002cec   0x08002cec   0x00000008   Code   RO           24    i.SetSysClock       system_stm32f10x.o
    0x08002cf4   0x08002cf4   0x000000e0   Code   RO           25    i.SetSysClockTo72   system_stm32f10x.o
    0x08002dd4   0x08002dd4   0x00000002   Code   RO         4096    i.SysTick_Handler   stm32f10x_it.o
    0x08002dd6   0x08002dd6   0x00000002   PAD
    0x08002dd8   0x08002dd8   0x00000060   Code   RO           27    i.SystemInit        system_stm32f10x.o
    0x08002e38   0x08002e38   0x00000024   Code   RO         3908    i.TIM2_IRQHandler   ticker.o
    0x08002e5c   0x08002e5c   0x00000006   Code   RO         2416    i.TIM_ClearITPendingBit  stm32f10x_tim.o
    0x08002e62   0x08002e62   0x00000018   Code   RO         2421    i.TIM_Cmd           stm32f10x_tim.o
    0x08002e7a   0x08002e7a   0x00000022   Code   RO         2442    i.TIM_GetITStatus   stm32f10x_tim.o
    0x08002e9c   0x08002e9c   0x00000012   Code   RO         2446    i.TIM_ITConfig      stm32f10x_tim.o
    0x08002eae   0x08002eae   0x00000002   PAD
    0x08002eb0   0x08002eb0   0x000000a4   Code   RO         2492    i.TIM_TimeBaseInit  stm32f10x_tim.o
    0x08002f54   0x08002f54   0x00000028   Code   RO         4314    i.Task_Create       ui_core.o
    0x08002f7c   0x08002f7c   0x0000000c   Code   RO         4315    i.Task_Destroy      ui_core.o
    0x08002f88   0x08002f88   0x0000005c   Code   RO         3909    i.Ticker_Init       ticker.o
    0x08002fe4   0x08002fe4   0x00000012   Code   RO         4243    i.Toast_AddDisFunc  toast.o
    0x08002ff6   0x08002ff6   0x00000002   PAD
    0x08002ff8   0x08002ff8   0x00000020   Code   RO         4244    i.Toast_AppearFinFunc  toast.o
    0x08003018   0x08003018   0x00000028   Code   RO         4245    i.Toast_Destroy     toast.o
    0x08003040   0x08003040   0x00000002   Code   RO         4246    i.Toast_EmptyFunc   toast.o
    0x08003042   0x08003042   0x0000004e   Code   RO         4247    i.Toast_Generate    toast.o
    0x08003090   0x08003090   0x00000068   Code   RO         4248    i.Toast_LoadAppearAnime  toast.o
    0x080030f8   0x080030f8   0x00000068   Code   RO         4249    i.Toast_LoadDisappearAnime  toast.o
    0x08003160   0x08003160   0x00000044   Code   RO         4316    i.UI_AddTask        ui_core.o
    0x080031a4   0x080031a4   0x00000024   Code   RO         4318    i.UI_Init           ui_core.o
    0x080031c8   0x080031c8   0x0000004c   Code   RO         4319    i.UI_LoopFunc       ui_core.o
    0x08003214   0x08003214   0x00000028   Code   RO         4320    i.UI_RegisterComponent  ui_core.o
    0x0800323c   0x0800323c   0x0000001e   Code   RO         4321    i.UI_RemoveComponent  ui_core.o
    0x0800325a   0x0800325a   0x0000001e   Code   RO         4322    i.UI_RemoveTask     ui_core.o
    0x08003278   0x08003278   0x0000001a   Code   RO         4323    i.UI_StartAnime     ui_core.o
    0x08003292   0x08003292   0x00000002   PAD
    0x08003294   0x08003294   0x000000f0   Code   RO         3319    i.USART1_IRQHandler  serial.o
    0x08003384   0x08003384   0x0000001e   Code   RO         2957    i.USART_ClearITPendingBit  stm32f10x_usart.o
    0x080033a2   0x080033a2   0x00000054   Code   RO         2964    i.USART_GetITStatus  stm32f10x_usart.o
    0x080033f6   0x080033f6   0x0000000a   Code   RO         2974    i.USART_ReceiveData  stm32f10x_usart.o
    0x08003400   0x08003400   0x00000004   Code   RO         4097    i.UsageFault_Handler  stm32f10x_it.o
    0x08003404   0x08003404   0x00000028   Code   RO         5192    i.__ARM_fpclassify  m_ws.l(fpclassify.o)
    0x0800342c   0x0800342c   0x0000000e   Code   RO         5000    i._is_digit         c_w.l(__printf_wp.o)
    0x0800343a   0x0800343a   0x0000000c   Code   RO         4177    i.cAnime_Destroy    anime.o
    0x08003446   0x08003446   0x00000018   Code   RO         3197    i.delay_ms          tools.o
    0x0800345e   0x0800345e   0x0000002e   Code   RO         3199    i.delay_us          tools.o
    0x0800348c   0x0800348c   0x0000003e   Code   RO         4178    i.fly_in            anime.o
    0x080034ca   0x080034ca   0x00000002   PAD
    0x080034cc   0x080034cc   0x00000070   Code   RO         4180    i.jump_in           anime.o
    0x0800353c   0x0800353c   0x00000060   Code   RO         3942    i.main              main.o
    0x0800359c   0x0800359c   0x000000e8   Code   RO         4324    i.process_anime     ui_core.o
    0x08003684   0x08003684   0x00000022   Code   RO         4325    i.process_task      ui_core.o
    0x080036a6   0x080036a6   0x0000017e   Code   RO         4504    i.rMsgBox_UpdateText  msgbox.o
    0x08003824   0x08003824   0x0000002c   Code   RO         5240    locale$$code        c_w.l(lc_numeric_c.o)
    0x08003850   0x08003850   0x0000002c   Code   RO         5271    locale$$code        c_w.l(lc_ctype_c.o)
    0x0800387c   0x0800387c   0x00000062   Code   RO         4834    x$fpl$d2f           fz_ws.l(d2f.o)
    0x080038de   0x080038de   0x00000002   PAD
    0x080038e0   0x080038e0   0x00000150   Code   RO         4836    x$fpl$dadd          fz_ws.l(daddsub_clz.o)
    0x08003a30   0x08003a30   0x00000154   Code   RO         4862    x$fpl$dmul          fz_ws.l(dmul.o)
    0x08003b84   0x08003b84   0x0000009c   Code   RO         5082    x$fpl$dnaninf       fz_ws.l(dnaninf.o)
    0x08003c20   0x08003c20   0x0000000c   Code   RO         5084    x$fpl$dretinf       fz_ws.l(dretinf.o)
    0x08003c2c   0x08003c2c   0x000001d4   Code   RO         4838    x$fpl$dsub          fz_ws.l(daddsub_clz.o)
    0x08003e00   0x08003e00   0x00000056   Code   RO         4866    x$fpl$f2d           fz_ws.l(f2d.o)
    0x08003e56   0x08003e56   0x00000002   PAD
    0x08003e58   0x08003e58   0x000000c4   Code   RO         4868    x$fpl$fadd          fz_ws.l(faddsub_clz.o)
    0x08003f1c   0x08003f1c   0x00000018   Code   RO         5088    x$fpl$fcmpinf       fz_ws.l(fcmpi.o)
    0x08003f34   0x08003f34   0x00000184   Code   RO         4875    x$fpl$fdiv          fz_ws.l(fdiv.o)
    0x080040b8   0x080040b8   0x00000036   Code   RO         4880    x$fpl$ffix          fz_ws.l(ffix.o)
    0x080040ee   0x080040ee   0x00000002   PAD
    0x080040f0   0x080040f0   0x00000030   Code   RO         4889    x$fpl$fflt          fz_ws.l(fflt_clz.o)
    0x08004120   0x08004120   0x00000026   Code   RO         4888    x$fpl$ffltu         fz_ws.l(fflt_clz.o)
    0x08004146   0x08004146   0x00000002   PAD
    0x08004148   0x08004148   0x00000068   Code   RO         4894    x$fpl$fleqf         fz_ws.l(fleqf.o)
    0x080041b0   0x080041b0   0x00000102   Code   RO         4896    x$fpl$fmul          fz_ws.l(fmul.o)
    0x080042b2   0x080042b2   0x0000008c   Code   RO         5090    x$fpl$fnaninf       fz_ws.l(fnaninf.o)
    0x0800433e   0x0800433e   0x0000000a   Code   RO         5092    x$fpl$fretinf       fz_ws.l(fretinf.o)
    0x08004348   0x08004348   0x00000062   Code   RO         4898    x$fpl$frleqf        fz_ws.l(frleqf.o)
    0x080043aa   0x080043aa   0x00000002   PAD
    0x080043ac   0x080043ac   0x000000ea   Code   RO         4870    x$fpl$fsub          fz_ws.l(faddsub_clz.o)
    0x08004496   0x08004496   0x00000004   Code   RO         5094    x$fpl$printf1       fz_ws.l(printf1.o)
    0x0800449a   0x0800449a   0x00000004   Code   RO         5096    x$fpl$printf2       fz_ws.l(printf2.o)
    0x0800449e   0x0800449e   0x00000000   Code   RO         5102    x$fpl$usenofp       fz_ws.l(usenofp.o)
    0x0800449e   0x0800449e   0x00000ff2   Data   RO         3801    .constdata          oled_data.o
    0x08005490   0x08005490   0x00000010   Data   RO         4250    .constdata          toast.o
    0x080054a0   0x080054a0   0x00000008   Data   RO         4959    .constdata          c_w.l(_printf_wctomb.o)
    0x080054a8   0x080054a8   0x00000028   Data   RO         4988    .constdata          c_w.l(_printf_hex_int_ll_ptr.o)
    0x080054d0   0x080054d0   0x00000011   Data   RO         5008    .constdata          c_w.l(__printf_flags_ss_wp.o)
    0x080054e1   0x080054e1   0x00000026   Data   RO         5168    .constdata          c_w.l(_printf_fp_hex.o)
    0x08005507   0x08005507   0x00000001   PAD
    0x08005508   0x08005508   0x00000094   Data   RO         5215    .constdata          c_w.l(bigflt0.o)
    0x0800559c   0x0800559c   0x00000020   Data   RO         5327    Region$$Table       anon$$obj.o
    0x080055bc   0x080055bc   0x0000001c   Data   RO         5239    locale$$data        c_w.l(lc_numeric_c.o)
    0x080055d8   0x080055d8   0x00000110   Data   RO         5270    locale$$data        c_w.l(lc_ctype_c.o)


    Execution Region RW_IRAM1 (Exec base: 0x20000000, Load base: 0x080056e8, Size: 0x00003898, Max: 0x00005000, ABSOLUTE)

    Exec Addr    Load Addr    Size         Type   Attr      Idx    E Section Name        Object

    0x20000000   0x080056e8   0x00000008   Data   RW         3322    .data               serial.o
    0x20000008   0x080056f0   0x00000001   Data   RW         3425    .data               oled.o
    0x20000009   0x080056f1   0x00000001   PAD
    0x2000000a   0x080056f2   0x0000000c   Data   RW         3819    .data               switch.o
    0x20000016   0x080056fe   0x00000002   PAD
    0x20000018   0x08005700   0x00000004   Data   RW         3910    .data               ticker.o
    0x2000001c   0x08005704   0x00000008   Data   RW         4326    .data               ui_core.o
    0x20000024        -       0x00000011   Zero   RW         3321    .bss                serial.o
    0x20000035        -       0x00000400   Zero   RW         3424    .bss                oled.o
    0x20000435   0x0800570c   0x00000003   PAD
    0x20000438        -       0x00000060   Zero   RW         5131    .bss                c_w.l(libspace.o)
    0x20000498        -       0x00003000   Zero   RW            2    HEAP                startup_stm32f10x_md.o
    0x20003498        -       0x00000400   Zero   RW            1    STACK               startup_stm32f10x_md.o


==============================================================================

Image component sizes


      Code (inc. data)   RO Data    RW Data    ZI Data      Debug   Object Name

       374          8          0          0          0       4851   anime.o
         0          0          0          0          0       4524   core_cm3.o
        96         12          0          0          0       4823   main.o
       112         12          0          0          0     204180   misc.o
       640          8          0          0          0       3384   msgbox.o
      2330         78          0          1       1024      13993   oled.o
         0          0       4082          0          0       1022   oled_data.o
       240         34          0          8         17       1470   serial.o
        64         26        236          0      13312        800   startup_stm32f10x_md.o
         0          0          0          0          0       1632   stm32f10x_adc.o
       304          0          0          0          0      11640   stm32f10x_gpio.o
        98         20          0          0          0       3542   stm32f10x_it.o
        64         12          0          0          0       1026   stm32f10x_rcc.o
       246         42          0          0          0      23466   stm32f10x_tim.o
       124          0          0          0          0       9098   stm32f10x_usart.o
       186         24          0         12          0       2884   switch.o
       328         28          0          0          0      30329   system_stm32f10x.o
       140         10          0          4          0       1810   ticker.o
       378         32         16          0          0       6223   toast.o
        70          0          0          0          0       1458   tools.o
       648         28          0          8          0       7182   ui_core.o

    ----------------------------------------------------------------------
      6466        374       4366         36      14356     339337   Object Totals
         0          0         32          0          0          0   (incl. Generated)
        24          0          0          3          3          0   (incl. Padding)

    ----------------------------------------------------------------------

      Code (inc. data)   RO Data    RW Data    ZI Data      Debug   Library Member Name

         8          0          0          0          0         68   __main.o
       392          4         17          0          0         92   __printf_flags_ss_wp.o
        14          0          0          0          0         68   __printf_wp.o
         0          0          0          0          0          0   __rtentry.o
        12          0          0          0          0          0   __rtentry2.o
         6          0          0          0          0          0   __rtentry4.o
        52          8          0          0          0          0   __scatter.o
        26          0          0          0          0          0   __scatter_copy.o
        28          0          0          0          0          0   __scatter_zi.o
         6          0          0          0          0          0   _printf_a.o
         6          0          0          0          0          0   _printf_c.o
        44          0          0          0          0        108   _printf_char.o
        48          6          0          0          0         96   _printf_char_common.o
        40          0          0          0          0         68   _printf_charcount.o
         6          0          0          0          0          0   _printf_d.o
       120         16          0          0          0         92   _printf_dec.o
         6          0          0          0          0          0   _printf_e.o
         6          0          0          0          0          0   _printf_f.o
      1054          0          0          0          0        216   _printf_fp_dec.o
       764          8         38          0          0        100   _printf_fp_hex.o
       128         16          0          0          0         84   _printf_fp_infnan.o
         6          0          0          0          0          0   _printf_g.o
       148          4         40          0          0        160   _printf_hex_int_ll_ptr.o
         6          0          0          0          0          0   _printf_i.o
       178          0          0          0          0         88   _printf_intcommon.o
        10          0          0          0          0          0   _printf_l.o
         6          0          0          0          0          0   _printf_lc.o
        10          0          0          0          0          0   _printf_ll.o
         6          0          0          0          0          0   _printf_lld.o
         6          0          0          0          0          0   _printf_lli.o
         6          0          0          0          0          0   _printf_llo.o
         6          0          0          0          0          0   _printf_llu.o
         6          0          0          0          0          0   _printf_llx.o
       124         16          0          0          0         92   _printf_longlong_dec.o
         6          0          0          0          0          0   _printf_ls.o
         6          0          0          0          0          0   _printf_n.o
         6          0          0          0          0          0   _printf_o.o
       112         10          0          0          0        124   _printf_oct_int_ll.o
         6          0          0          0          0          0   _printf_p.o
        78          0          0          0          0        108   _printf_pad.o
         0          0          0          0          0          0   _printf_percent.o
         4          0          0          0          0          0   _printf_percent_end.o
         6          0          0          0          0          0   _printf_s.o
        82          0          0          0          0         80   _printf_str.o
        36          0          0          0          0         84   _printf_truncate.o
         6          0          0          0          0          0   _printf_u.o
        44          0          0          0          0        108   _printf_wchar.o
       188          6          8          0          0         92   _printf_wctomb.o
         6          0          0          0          0          0   _printf_x.o
        10          0          0          0          0         68   _sputc.o
        64          0          0          0          0         92   _wcrtomb.o
       228          4        148          0          0         96   bigflt0.o
      1936        128          0          0          0        672   btod.o
        10          0          0          0          0         68   defsig_exit.o
        50          0          0          0          0         88   defsig_general.o
        80         58          0          0          0         76   defsig_rtmem_inner.o
        14          0          0          0          0         80   defsig_rtmem_outer.o
        18          0          0          0          0         80   exit.o
        94          0          0          0          0         80   h1_alloc.o
        52          0          0          0          0         68   h1_extend.o
        78          0          0          0          0         80   h1_free.o
        14          0          0          0          0         84   h1_init.o
         6          0          0          0          0        152   heapauxi.o
         4          0          0          0          0        136   hguard.o
         0          0          0          0          0          0   indicate_semi.o
       138          0          0          0          0        168   init_alloc.o
        44         10        272          0          0         76   lc_ctype_c.o
        44         10         28          0          0         76   lc_numeric_c.o
         2          0          0          0          0          0   libinit.o
        38          0          0          0          0          0   libinit2.o
         2          0          0          0          0          0   libshutdown.o
         2          0          0          0          0          0   libshutdown2.o
         8          4          0          0         96         68   libspace.o
       138          0          0          0          0         80   lludiv10.o
         0          0          0          0          0          0   maybetermalloc1.o
        16          4          0          0          0         76   rt_ctype_table.o
         8          4          0          0          0         68   rt_heap_descriptor_intlibspace.o
         8          4          0          0          0         68   rt_locale_intlibspace.o
        78          0          0          0          0         80   rt_memclr_w.o
       138          0          0          0          0         68   rt_memcpy_v6.o
       100          0          0          0          0         80   rt_memcpy_w.o
         2          0          0          0          0          0   rtexit.o
        10          0          0          0          0          0   rtexit2.o
       128          0          0          0          0         68   strcmpv7m.o
        72          0          0          0          0         80   strcpy.o
        62          0          0          0          0         76   strlen.o
        12          4          0          0          0         68   sys_exit.o
        74          0          0          0          0         80   sys_stackheap_outer.o
        14          0          0          0          0         76   sys_wrch.o
         2          0          0          0          0         68   use_no_semi.o
        36          4          0          0          0         76   vsprintf.o
        98          4          0          0          0         92   d2f.o
       804         16          0          0          0        272   daddsub_clz.o
       340         12          0          0          0        104   dmul.o
       156          4          0          0          0         92   dnaninf.o
        12          0          0          0          0         68   dretinf.o
        86          4          0          0          0         84   f2d.o
       430          8          0          0          0        168   faddsub_clz.o
        24          0          0          0          0         68   fcmpi.o
       388         76          0          0          0         96   fdiv.o
        54          4          0          0          0         84   ffix.o
        86          0          0          0          0        136   fflt_clz.o
       104          4          0          0          0         84   fleqf.o
       258          4          0          0          0         84   fmul.o
       140          4          0          0          0         84   fnaninf.o
        10          0          0          0          0         68   fretinf.o
        98          0          0          0          0         68   frleqf.o
         4          0          0          0          0         68   printf1.o
         4          0          0          0          0         68   printf2.o
         0          0          0          0          0          0   usenofp.o
        40          0          0          0          0         68   fpclassify.o

    ----------------------------------------------------------------------
     10864        468        552          0         96       7204   Library Totals
        24          0          1          0          0          0   (incl. Padding)

    ----------------------------------------------------------------------

      Code (inc. data)   RO Data    RW Data    ZI Data      Debug   Library Name

      7704        328        551          0         96       5348   c_w.l
      3096        140          0          0          0       1788   fz_ws.l
        40          0          0          0          0         68   m_ws.l

    ----------------------------------------------------------------------
     10864        468        552          0         96       7204   Library Totals

    ----------------------------------------------------------------------

==============================================================================


      Code (inc. data)   RO Data    RW Data    ZI Data      Debug   

     17330        842       4918         36      14452     337957   Grand Totals
     17330        842       4918         36      14452     337957   ELF Image Totals
     17330        842       4918         36          0          0   ROM Totals

==============================================================================

    Total RO  Size (Code + RO Data)                22248 (  21.73kB)
    Total RW  Size (RW Data + ZI Data)             14488 (  14.15kB)
    Total ROM Size (Code + RO Data + RW Data)      22284 (  21.76kB)

==============================================================================

