Component: ARM Compiler 5.06 update 5 (build 528) Tool: armlink [4d35e2]

==============================================================================

Section Cross References

    startup_stm32f10x_md.o(RESET) refers to startup_stm32f10x_md.o(STACK) for __initial_sp
    startup_stm32f10x_md.o(RESET) refers to startup_stm32f10x_md.o(.text) for Reset_Handler
    startup_stm32f10x_md.o(RESET) refers to stm32f10x_it.o(i.NMI_Handler) for NMI_Handler
    startup_stm32f10x_md.o(RESET) refers to stm32f10x_it.o(i.HardFault_Handler) for HardFault_Handler
    startup_stm32f10x_md.o(RESET) refers to stm32f10x_it.o(i.MemManage_Handler) for MemManage_Handler
    startup_stm32f10x_md.o(RESET) refers to stm32f10x_it.o(i.BusFault_Handler) for BusFault_Handler
    startup_stm32f10x_md.o(RESET) refers to stm32f10x_it.o(i.UsageFault_Handler) for UsageFault_Handler
    startup_stm32f10x_md.o(RESET) refers to stm32f10x_it.o(i.SVC_Handler) for SVC_Handler
    startup_stm32f10x_md.o(RESET) refers to stm32f10x_it.o(i.DebugMon_Handler) for DebugMon_Handler
    startup_stm32f10x_md.o(RESET) refers to stm32f10x_it.o(i.PendSV_Handler) for PendSV_Handler
    startup_stm32f10x_md.o(RESET) refers to stm32f10x_it.o(i.SysTick_Handler) for SysTick_Handler
    startup_stm32f10x_md.o(RESET) refers to ticker.o(i.TIM2_IRQHandler) for TIM2_IRQHandler
    startup_stm32f10x_md.o(RESET) refers to serial.o(i.USART1_IRQHandler) for USART1_IRQHandler
    startup_stm32f10x_md.o(.text) refers to system_stm32f10x.o(i.SystemInit) for SystemInit
    startup_stm32f10x_md.o(.text) refers to entry.o(.ARM.Collect$$$$00000000) for __main
    system_stm32f10x.o(i.SystemCoreClockUpdate) refers to system_stm32f10x.o(.data) for .data
    system_stm32f10x.o(i.SystemInit) refers to system_stm32f10x.o(i.SetSysClockTo72) for SetSysClockTo72
    stm32f10x_adc.o(i.ADC_DeInit) refers to stm32f10x_rcc.o(i.RCC_APB2PeriphResetCmd) for RCC_APB2PeriphResetCmd
    stm32f10x_bkp.o(i.BKP_DeInit) refers to stm32f10x_rcc.o(i.RCC_BackupResetCmd) for RCC_BackupResetCmd
    stm32f10x_can.o(i.CAN_DeInit) refers to stm32f10x_rcc.o(i.RCC_APB1PeriphResetCmd) for RCC_APB1PeriphResetCmd
    stm32f10x_can.o(i.CAN_GetITStatus) refers to stm32f10x_can.o(i.CheckITStatus) for CheckITStatus
    stm32f10x_cec.o(i.CEC_DeInit) refers to stm32f10x_rcc.o(i.RCC_APB1PeriphResetCmd) for RCC_APB1PeriphResetCmd
    stm32f10x_dac.o(i.DAC_DeInit) refers to stm32f10x_rcc.o(i.RCC_APB1PeriphResetCmd) for RCC_APB1PeriphResetCmd
    stm32f10x_flash.o(i.FLASH_EnableWriteProtection) refers to stm32f10x_flash.o(i.FLASH_WaitForLastOperation) for FLASH_WaitForLastOperation
    stm32f10x_flash.o(i.FLASH_EraseAllBank1Pages) refers to stm32f10x_flash.o(i.FLASH_WaitForLastBank1Operation) for FLASH_WaitForLastBank1Operation
    stm32f10x_flash.o(i.FLASH_EraseAllPages) refers to stm32f10x_flash.o(i.FLASH_WaitForLastOperation) for FLASH_WaitForLastOperation
    stm32f10x_flash.o(i.FLASH_EraseOptionBytes) refers to stm32f10x_flash.o(i.FLASH_GetReadOutProtectionStatus) for FLASH_GetReadOutProtectionStatus
    stm32f10x_flash.o(i.FLASH_EraseOptionBytes) refers to stm32f10x_flash.o(i.FLASH_WaitForLastOperation) for FLASH_WaitForLastOperation
    stm32f10x_flash.o(i.FLASH_ErasePage) refers to stm32f10x_flash.o(i.FLASH_WaitForLastOperation) for FLASH_WaitForLastOperation
    stm32f10x_flash.o(i.FLASH_ProgramHalfWord) refers to stm32f10x_flash.o(i.FLASH_WaitForLastOperation) for FLASH_WaitForLastOperation
    stm32f10x_flash.o(i.FLASH_ProgramOptionByteData) refers to stm32f10x_flash.o(i.FLASH_WaitForLastOperation) for FLASH_WaitForLastOperation
    stm32f10x_flash.o(i.FLASH_ProgramWord) refers to stm32f10x_flash.o(i.FLASH_WaitForLastOperation) for FLASH_WaitForLastOperation
    stm32f10x_flash.o(i.FLASH_ReadOutProtection) refers to stm32f10x_flash.o(i.FLASH_WaitForLastOperation) for FLASH_WaitForLastOperation
    stm32f10x_flash.o(i.FLASH_UserOptionByteConfig) refers to stm32f10x_flash.o(i.FLASH_WaitForLastOperation) for FLASH_WaitForLastOperation
    stm32f10x_flash.o(i.FLASH_WaitForLastBank1Operation) refers to stm32f10x_flash.o(i.FLASH_GetBank1Status) for FLASH_GetBank1Status
    stm32f10x_flash.o(i.FLASH_WaitForLastOperation) refers to stm32f10x_flash.o(i.FLASH_GetBank1Status) for FLASH_GetBank1Status
    stm32f10x_gpio.o(i.GPIO_AFIODeInit) refers to stm32f10x_rcc.o(i.RCC_APB2PeriphResetCmd) for RCC_APB2PeriphResetCmd
    stm32f10x_gpio.o(i.GPIO_DeInit) refers to stm32f10x_rcc.o(i.RCC_APB2PeriphResetCmd) for RCC_APB2PeriphResetCmd
    stm32f10x_i2c.o(i.I2C_DeInit) refers to stm32f10x_rcc.o(i.RCC_APB1PeriphResetCmd) for RCC_APB1PeriphResetCmd
    stm32f10x_i2c.o(i.I2C_Init) refers to stm32f10x_rcc.o(i.RCC_GetClocksFreq) for RCC_GetClocksFreq
    stm32f10x_pwr.o(i.PWR_DeInit) refers to stm32f10x_rcc.o(i.RCC_APB1PeriphResetCmd) for RCC_APB1PeriphResetCmd
    stm32f10x_rcc.o(i.RCC_GetClocksFreq) refers to stm32f10x_rcc.o(.data) for .data
[...]
    Removing stm32f10x_rcc.o(i.RCC_HCLKConfig), (20 bytes).
    Removing stm32f10x_rcc.o(i.RCC_HSEConfig), (52 bytes).
    Removing stm32f10x_rcc.o(i.RCC_HSICmd), (12 bytes).
    Removing stm32f10x_rcc.o(i.RCC_ITConfig), (24 bytes).
    Removing stm32f10x_rcc.o(i.RCC_LSEConfig), (32 bytes).
    Removing stm32f10x_rcc.o(i.RCC_LSICmd), (12 bytes).
    Removing stm32f10x_rcc.o(i.RCC_MCOConfig), (12 bytes).
    Removing stm32f10x_rcc.o(i.RCC_PCLK1Config), (20 bytes).
    Removing stm32f10x_rcc.o(i.RCC_PCLK2Config), (20 bytes).
    Removing stm32f10x_rcc.o(i.RCC_PLLCmd), (12 bytes).
    Removing stm32f10x_rcc.o(i.RCC_PLLConfig), (20 bytes).
    Removing stm32f10x_rcc.o(i.RCC_RTCCLKCmd), (12 bytes).
    Removing stm32f10x_rcc.o(i.RCC_RTCCLKConfig), (16 bytes).
    Removing stm32f10x_rcc.o(i.RCC_SYSCLKConfig), (20 bytes).
    Removing stm32f10x_rcc.o(i.RCC_USBCLKConfig), (12 bytes).
    Removing stm32f10x_rcc.o(i.RCC_WaitForHSEStartUp), (44 bytes).
    Removing stm32f10x_rcc.o(.data), (20 bytes).
    Removing stm32f10x_rtc.o(i.RTC_ClearFlag), (16 bytes).
    Removing stm32f10x_rtc.o(i.RTC_ClearITPendingBit), (16 bytes).
    Removing stm32f10x_rtc.o(i.RTC_EnterConfigMode), (16 bytes).
    Removing stm32f10x_rtc.o(i.RTC_ExitConfigMode), (16 bytes).
    Removing stm32f10x_rtc.o(i.RTC_GetCounter), (20 bytes).
    Removing stm32f10x_rtc.o(i.RTC_GetDivider), (24 bytes).
    Removing stm32f10x_rtc.o(i.RTC_GetFlagStatus), (20 bytes).
    Removing stm32f10x_rtc.o(i.RTC_GetITStatus), (32 bytes).
    Removing stm32f10x_rtc.o(i.RTC_ITConfig), (24 bytes).
    Removing stm32f10x_rtc.o(i.RTC_SetAlarm), (32 bytes).
    Removing stm32f10x_rtc.o(i.RTC_SetCounter), (32 bytes).
    Removing stm32f10x_rtc.o(i.RTC_SetPrescaler), (32 bytes).
    Removing stm32f10x_rtc.o(i.RTC_WaitForLastTask), (16 bytes).
    Removing stm32f10x_rtc.o(i.RTC_WaitForSynchro), (24 bytes).
    Removing stm32f10x_sdio.o(i.SDIO_CEATAITCmd), (16 bytes).
    Removing stm32f10x_sdio.o(i.SDIO_ClearFlag), (12 bytes).
    Removing stm32f10x_sdio.o(i.SDIO_ClearITPendingBit), (12 bytes).
    Removing stm32f10x_sdio.o(i.SDIO_ClockCmd), (12 bytes).
    Removing stm32f10x_sdio.o(i.SDIO_CmdStructInit), (14 bytes).
    Removing stm32f10x_sdio.o(i.SDIO_CommandCompletionCmd), (12 bytes).
    Removing stm32f10x_sdio.o(i.SDIO_DMACmd), (12 bytes).
    Removing stm32f10x_sdio.o(i.SDIO_DataConfig), (44 bytes).
    Removing stm32f10x_sdio.o(i.SDIO_DataStructInit), (20 bytes).
    Removing stm32f10x_sdio.o(i.SDIO_DeInit), (36 bytes).
    Removing stm32f10x_sdio.o(i.SDIO_GetCommandResponse), (12 bytes).
    Removing stm32f10x_sdio.o(i.SDIO_GetDataCounter), (12 bytes).
    Removing stm32f10x_sdio.o(i.SDIO_GetFIFOCount), (12 bytes).
    Removing stm32f10x_sdio.o(i.SDIO_GetFlagStatus), (20 bytes).
    Removing stm32f10x_sdio.o(i.SDIO_GetITStatus), (20 bytes).
    Removing stm32f10x_sdio.o(i.SDIO_GetPowerState), (16 bytes).
    Removing stm32f10x_sdio.o(i.SDIO_GetResponse), (16 bytes).
    Removing stm32f10x_sdio.o(i.SDIO_ITConfig), (24 bytes).
    Removing stm32f10x_sdio.o(i.SDIO_Init), (44 bytes).
    Removing stm32f10x_sdio.o(i.SDIO_ReadData), (12 bytes).
    Removing stm32f10x_sdio.o(i.SDIO_SendCEATACmd), (12 bytes).
    Removing stm32f10x_sdio.o(i.SDIO_SendCommand), (40 bytes).
    Removing stm32f10x_sdio.o(i.SDIO_SendSDIOSuspendCmd), (12 bytes).
    Removing stm32f10x_sdio.o(i.SDIO_SetPowerState), (24 bytes).
    Removing stm32f10x_sdio.o(i.SDIO_SetSDIOOperation), (12 bytes).
    Removing stm32f10x_sdio.o(i.SDIO_SetSDIOReadWaitMode), (12 bytes).
    Removing stm32f10x_sdio.o(i.SDIO_StartSDIOReadWait), (12 bytes).
    Removing stm32f10x_sdio.o(i.SDIO_StopSDIOReadWait), (12 bytes).
    Removing stm32f10x_sdio.o(i.SDIO_StructInit), (16 bytes).
    Removing stm32f10x_sdio.o(i.SDIO_WriteData), (12 bytes).
    Removing stm32f10x_spi.o(i.I2S_Cmd), (20 bytes).
    Removing stm32f10x_spi.o(i.I2S_Init), (152 bytes).
    Removing stm32f10x_spi.o(i.I2S_StructInit), (18 bytes).
    Removing stm32f10x_spi.o(i.SPI_BiDirectionalLineConfig), (22 bytes).
    Removing stm32f10x_spi.o(i.SPI_CalculateCRC), (20 bytes).
    Removing stm32f10x_spi.o(i.SPI_Cmd), (20 bytes).
    Removing stm32f10x_spi.o(i.SPI_DataSizeConfig), (16 bytes).
    Removing stm32f10x_spi.o(i.SPI_GetCRC), (12 bytes).
    Removing stm32f10x_spi.o(i.SPI_GetCRCPolynomial), (4 bytes).
    Removing stm32f10x_spi.o(i.SPI_I2S_ClearFlag), (6 bytes).
    Removing stm32f10x_spi.o(i.SPI_I2S_ClearITPendingBit), (14 bytes).
    Removing stm32f10x_spi.o(i.SPI_I2S_DMACmd), (16 bytes).
    Removing stm32f10x_spi.o(i.SPI_I2S_DeInit), (84 bytes).
    Removing stm32f10x_spi.o(i.SPI_I2S_GetFlagStatus), (14 bytes).
    Removing stm32f10x_spi.o(i.SPI_I2S_GetITStatus), (42 bytes).
    Removing stm32f10x_spi.o(i.SPI_I2S_ITConfig), (24 bytes).
    Removing stm32f10x_spi.o(i.SPI_I2S_ReceiveData), (4 bytes).
    Removing stm32f10x_spi.o(i.SPI_I2S_SendData), (4 bytes).
    Removing stm32f10x_spi.o(i.SPI_Init), (56 bytes).
    Removing stm32f10x_spi.o(i.SPI_NSSInternalSoftwareConfig), (24 bytes).
    Removing stm32f10x_spi.o(i.SPI_SSOutputCmd), (20 bytes).
    Removing stm32f10x_spi.o(i.SPI_StructInit), (24 bytes).
    Removing stm32f10x_spi.o(i.SPI_TransmitCRC), (10 bytes).
    Removing stm32f10x_tim.o(i.TI1_Config), (108 bytes).
    Removing stm32f10x_tim.o(i.TI2_Config), (124 bytes).
    Removing stm32f10x_tim.o(i.TIM_ARRPreloadConfig), (20 bytes).
    Removing stm32f10x_tim.o(i.TIM_BDTRConfig), (34 bytes).
    Removing stm32f10x_tim.o(i.TIM_BDTRStructInit), (18 bytes).
    Removing stm32f10x_tim.o(i.TIM_CCPreloadControl), (20 bytes).
    Removing stm32f10x_tim.o(i.TIM_CCxCmd), (22 bytes).
    Removing stm32f10x_tim.o(i.TIM_CCxNCmd), (22 bytes).
    Removing stm32f10x_tim.o(i.TIM_ClearFlag), (6 bytes).
    Removing stm32f10x_tim.o(i.TIM_ClearOC1Ref), (12 bytes).
    Removing stm32f10x_tim.o(i.TIM_ClearOC2Ref), (20 bytes).
    Removing stm32f10x_tim.o(i.TIM_ClearOC3Ref), (12 bytes).
    Removing stm32f10x_tim.o(i.TIM_ClearOC4Ref), (20 bytes).
    Removing stm32f10x_tim.o(i.TIM_CounterModeConfig), (12 bytes).
    Removing stm32f10x_tim.o(i.TIM_CtrlPWMOutputs), (22 bytes).
    Removing stm32f10x_tim.o(i.TIM_DMACmd), (16 bytes).
    Removing stm32f10x_tim.o(i.TIM_DMAConfig), (8 bytes).
    Removing stm32f10x_tim.o(i.TIM_DeInit), (368 bytes).
    Removing stm32f10x_tim.o(i.TIM_ETRClockMode1Config), (18 bytes).
    Removing stm32f10x_tim.o(i.TIM_ETRClockMode2Config), (18 bytes).
    Removing stm32f10x_tim.o(i.TIM_ETRConfig), (24 bytes).
    Removing stm32f10x_tim.o(i.TIM_EncoderInterfaceConfig), (50 bytes).
    Removing stm32f10x_tim.o(i.TIM_ForcedOC1Config), (12 bytes).
    Removing stm32f10x_tim.o(i.TIM_ForcedOC2Config), (20 bytes).
    Removing stm32f10x_tim.o(i.TIM_ForcedOC3Config), (12 bytes).
    Removing stm32f10x_tim.o(i.TIM_ForcedOC4Config), (20 bytes).
    Removing stm32f10x_tim.o(i.TIM_GenerateEvent), (4 bytes).
    Removing stm32f10x_tim.o(i.TIM_GetCapture1), (4 bytes).
    Removing stm32f10x_tim.o(i.TIM_GetCapture2), (4 bytes).
    Removing stm32f10x_tim.o(i.TIM_GetCapture3), (4 bytes).
    Removing stm32f10x_tim.o(i.TIM_GetCapture4), (6 bytes).
    Removing stm32f10x_tim.o(i.TIM_GetCounter), (4 bytes).
    Removing stm32f10x_tim.o(i.TIM_GetFlagStatus), (14 bytes).
    Removing stm32f10x_tim.o(i.TIM_GetPrescaler), (4 bytes).
    Removing stm32f10x_tim.o(i.TIM_ICInit), (300 bytes).
    Removing stm32f10x_tim.o(i.TIM_ICStructInit), (16 bytes).
    Removing stm32f10x_tim.o(i.TIM_ITRxExternalClockConfig), (18 bytes).
    Removing stm32f10x_tim.o(i.TIM_InternalClockConfig), (10 bytes).
    Removing stm32f10x_tim.o(i.TIM_OC1FastConfig), (12 bytes).
    Removing stm32f10x_tim.o(i.TIM_OC1Init), (128 bytes).
    Removing stm32f10x_tim.o(i.TIM_OC1NPolarityConfig), (12 bytes).
    Removing stm32f10x_tim.o(i.TIM_OC1PolarityConfig), (12 bytes).
    Removing stm32f10x_tim.o(i.TIM_OC1PreloadConfig), (12 bytes).
    Removing stm32f10x_tim.o(i.TIM_OC2FastConfig), (20 bytes).
    Removing stm32f10x_tim.o(i.TIM_OC2Init), (128 bytes).
    Removing stm32f10x_tim.o(i.TIM_OC2NPolarityConfig), (20 bytes).
    Removing stm32f10x_tim.o(i.TIM_OC2PolarityConfig), (20 bytes).
    Removing stm32f10x_tim.o(i.TIM_OC2PreloadConfig), (20 bytes).
    Removing stm32f10x_tim.o(i.TIM_OC3FastConfig), (12 bytes).
    Removing stm32f10x_tim.o(i.TIM_OC3Init), (124 bytes).
    Removing stm32f10x_tim.o(i.TIM_OC3NPolarityConfig), (20 bytes).
    Removing stm32f10x_tim.o(i.TIM_OC3PolarityConfig), (20 bytes).
    Removing stm32f10x_tim.o(i.TIM_OC3PreloadConfig), (12 bytes).
    Removing stm32f10x_tim.o(i.TIM_OC4FastConfig), (20 bytes).
    Removing stm32f10x_tim.o(i.TIM_OC4Init), (100 bytes).
    Removing stm32f10x_tim.o(i.TIM_OC4PolarityConfig), (20 bytes).
    Removing stm32f10x_tim.o(i.TIM_OC4PreloadConfig), (20 bytes).
    Removing stm32f10x_tim.o(i.TIM_OCStructInit), (20 bytes).
    Removing stm32f10x_tim.o(i.TIM_PWMIConfig), (108 bytes).
    Removing stm32f10x_tim.o(i.TIM_PrescalerConfig), (6 bytes).
    Removing stm32f10x_tim.o(i.TIM_SelectCCDMA), (20 bytes).
    Removing stm32f10x_tim.o(i.TIM_SelectCOM), (20 bytes).
    Removing stm32f10x_tim.o(i.TIM_SelectHallSensor), (20 bytes).
    Removing stm32f10x_tim.o(i.TIM_SelectInputTrigger), (12 bytes).
    Removing stm32f10x_tim.o(i.TIM_SelectMasterSlaveMode), (16 bytes).
    Removing stm32f10x_tim.o(i.TIM_SelectOCxM), (70 bytes).
    Removing stm32f10x_tim.o(i.TIM_SelectOnePulseMode), (16 bytes).
    Removing stm32f10x_tim.o(i.TIM_SelectOutputTrigger), (16 bytes).
    Removing stm32f10x_tim.o(i.TIM_SelectSlaveMode), (16 bytes).
    Removing stm32f10x_tim.o(i.TIM_SetAutoreload), (4 bytes).
    Removing stm32f10x_tim.o(i.TIM_SetClockDivision), (16 bytes).
    Removing stm32f10x_tim.o(i.TIM_SetCompare1), (4 bytes).
    Removing stm32f10x_tim.o(i.TIM_SetCompare2), (4 bytes).
    Removing stm32f10x_tim.o(i.TIM_SetCompare3), (4 bytes).
    Removing stm32f10x_tim.o(i.TIM_SetCompare4), (6 bytes).
    Removing stm32f10x_tim.o(i.TIM_SetCounter), (4 bytes).
    Removing stm32f10x_tim.o(i.TIM_SetIC1Prescaler), (16 bytes).
    Removing stm32f10x_tim.o(i.TIM_SetIC2Prescaler), (24 bytes).
    Removing stm32f10x_tim.o(i.TIM_SetIC3Prescaler), (16 bytes).
    Removing stm32f10x_tim.o(i.TIM_SetIC4Prescaler), (24 bytes).
    Removing stm32f10x_tim.o(i.TIM_TIxExternalClockConfig), (46 bytes).
    Removing stm32f10x_tim.o(i.TIM_TimeBaseStructInit), (18 bytes).
    Removing stm32f10x_tim.o(i.TIM_UpdateDisableConfig), (20 bytes).
    Removing stm32f10x_tim.o(i.TIM_UpdateRequestConfig), (20 bytes).
    Removing stm32f10x_usart.o(i.USART_ClearFlag), (6 bytes).
    Removing stm32f10x_usart.o(i.USART_ClockInit), (30 bytes).
    Removing stm32f10x_usart.o(i.USART_ClockStructInit), (12 bytes).
    Removing stm32f10x_usart.o(i.USART_Cmd), (20 bytes).
    Removing stm32f10x_usart.o(i.USART_DMACmd), (16 bytes).
    Removing stm32f10x_usart.o(i.USART_DeInit), (116 bytes).
    Removing stm32f10x_usart.o(i.USART_GetFlagStatus), (14 bytes).
    Removing stm32f10x_usart.o(i.USART_HalfDuplexCmd), (20 bytes).
    Removing stm32f10x_usart.o(i.USART_ITConfig), (48 bytes).
    Removing stm32f10x_usart.o(i.USART_Init), (172 bytes).
    Removing stm32f10x_usart.o(i.USART_IrDACmd), (20 bytes).
    Removing stm32f10x_usart.o(i.USART_IrDAConfig), (16 bytes).
    Removing stm32f10x_usart.o(i.USART_LINBreakDetectLengthConfig), (16 bytes).
    Removing stm32f10x_usart.o(i.USART_LINCmd), (20 bytes).
    Removing stm32f10x_usart.o(i.USART_OneBitMethodCmd), (20 bytes).
    Removing stm32f10x_usart.o(i.USART_OverSampling8Cmd), (20 bytes).
    Removing stm32f10x_usart.o(i.USART_ReceiverWakeUpCmd), (20 bytes).
    Removing stm32f10x_usart.o(i.USART_SendBreak), (10 bytes).
    Removing stm32f10x_usart.o(i.USART_SendData), (8 bytes).
    Removing stm32f10x_usart.o(i.USART_SetAddress), (16 bytes).
    Removing stm32f10x_usart.o(i.USART_SetGuardTime), (16 bytes).
    Removing stm32f10x_usart.o(i.USART_SetPrescaler), (16 bytes).
    Removing stm32f10x_usart.o(i.USART_SmartCardCmd), (20 bytes).
    Removing stm32f10x_usart.o(i.USART_SmartCardNACKCmd), (20 bytes).
    Removing stm32f10x_usart.o(i.USART_StructInit), (22 bytes).
    Removing stm32f10x_usart.o(i.USART_WakeUpConfig), (16 bytes).
    Removing stm32f10x_wwdg.o(i.WWDG_ClearFlag), (12 bytes).
    Removing stm32f10x_wwdg.o(i.WWDG_DeInit), (24 bytes).
    Removing stm32f10x_wwdg.o(i.WWDG_Enable), (16 bytes).
    Removing stm32f10x_wwdg.o(i.WWDG_EnableIT), (16 bytes).
    Removing stm32f10x_wwdg.o(i.WWDG_GetFlagStatus), (12 bytes).
    Removing stm32f10x_wwdg.o(i.WWDG_SetCounter), (16 bytes).
    Removing stm32f10x_wwdg.o(i.WWDG_SetPrescaler), (20 bytes).
    Removing stm32f10x_wwdg.o(i.WWDG_SetWindowValue), (28 bytes).
    Removing tools.o(i.MyPrintf), (92 bytes).
    Removing tools.o(i.delay_s), (22 bytes).
    Removing tools.o(.bss), (256 bytes).
    Removing stepmotor.o(i.MOTOR_Direction), (146 bytes).
    Removing stepmotor.o(i.MOTOR_Direction_Angle), (44 bytes).
    Removing stepmotor.o(i.MOTOR_Init), (52 bytes).
    Removing stepmotor.o(i.MOTOR_NOD), (58 bytes).
    Removing stepmotor.o(i.MOTOR_Rhythm_4_1_4), (144 bytes).
    Removing stepmotor.o(i.MOTOR_Rhythm_4_1_8), (216 bytes).
    Removing stepmotor.o(i.MOTOR_Rhythm_4_2_4), (152 bytes).
    Removing stepmotor.o(i.MOTOR_SHAKE), (58 bytes).
    Removing stepmotor.o(i.MOTOR_STOP), (12 bytes).
    Removing stepmotor.o(i.MOTOR_showInt), (66 bytes).
    Removing serial.o(i.Serial_GetRxFlag), (24 bytes).
    Removing serial.o(i.Serial_Init), (188 bytes).
    Removing serial.o(i.Serial_Pow), (14 bytes).
    Removing serial.o(i.Serial_Printf), (28 bytes).
    Removing serial.o(i.Serial_SendArray), (26 bytes).
    Removing serial.o(i.Serial_SendByte), (32 bytes).
    Removing serial.o(i.Serial_SendNumber), (54 bytes).
    Removing serial.o(i.Serial_SendString), (24 bytes).
    Removing serial.o(i.fputc), (14 bytes).
    Removing serial.o(.data), (1 bytes).
    Removing serial.o(.data), (1 bytes).
    Removing oled.o(i.OLED_DrawArc), (586 bytes).
    Removing oled.o(i.OLED_DrawCircle), (318 bytes).
    Removing oled.o(i.OLED_DrawEllipse), (692 bytes).
    Removing oled.o(i.OLED_DrawLine), (234 bytes).
    Removing oled.o(i.OLED_DrawRoundedRect), (284 bytes).
    Removing oled.o(i.OLED_DrawTriangle), (196 bytes).
    Removing oled.o(i.OLED_GetPoint), (56 bytes).
    Removing oled.o(i.OLED_IsInAngle), (96 bytes).
    Removing oled.o(i.OLED_Printf), (42 bytes).
    Removing oled.o(i.OLED_Reverse), (40 bytes).
    Removing oled.o(i.OLED_ReverseArea), (88 bytes).
    Removing oled.o(i.OLED_ShowBinNum), (64 bytes).
    Removing oled.o(i.OLED_ShowFloatNum), (190 bytes).
    Removing oled.o(i.OLED_ShowHexNum), (72 bytes).
    Removing oled.o(i.OLED_ShowSignedNum), (94 bytes).
    Removing oled.o(i.OLED_UpdateArea), (96 bytes).
    Removing oled.o(i.OLED_get_canvas_buffer), (8 bytes).
    Removing oled.o(i.OLED_pnpoly), (116 bytes).
    Removing oled.o(i.set_color), (16 bytes).
    Removing led.o(i.LED_Init), (52 bytes).
    Removing led.o(i.LED_OFF), (4 bytes).
    Removing led.o(i.LED_ON), (4 bytes).
    Removing led.o(i.LED_SHAKE), (44 bytes).
    Removing led.o(i.LED_SIGN), (28 bytes).
    Removing fingerprint.o(i.FP_Cancel), (6 bytes).
    Removing fingerprint.o(i.FP_Enroll), (536 bytes).
    Removing fingerprint.o(i.FP_Get_ValidNum), (44 bytes).
    Removing fingerprint.o(i.FP_Identify), (56 bytes).
    Removing fingerprint.o(i.FP_Init), (48 bytes).
    Removing fingerprint.o(i.get_tap), (12 bytes).
    Removing fingerprint.o(i.send_cmd_3), (74 bytes).
    Removing fingerprint.o(i.send_cmd_4), (82 bytes).
    Removing fingerprint.o(i.send_cmd_6), (100 bytes).
    Removing fingerprint.o(i.send_cmd_8_122), (126 bytes).
    Removing fingerprint.o(i.send_cmd_8_212), (118 bytes).
    Removing fingerprint.o(i.simple_s1end), (14 bytes).
    Removing fingerprint.o(i.strcopy), (22 bytes).
    Removing oled_data.o(.constdata), (32 bytes).
    Removing switch.o(i.SW_getAnyKeyPressed), (26 bytes).
    Removing switch.o(i.SW_getTappedList), (50 bytes).
    Removing pwm.o(i.PWM_Init), (144 bytes).
    Removing pwm.o(i.PWM_SetCompare2), (10 bytes).
    Removing servo.o(i.Servo_Init), (16 bytes).
    Removing servo.o(i.Servo_SetAngle), (48 bytes).
    Removing ticker.o(i.Delay_MS), (20 bytes).
    Removing main.o(i.List_confirm_Func), (32 bytes).
    Removing main.o(.ARM.exidx), (8 bytes).
    Removing main.o(.ARM.exidx), (8 bytes).
    Removing main.o(.ARM.exidx), (8 bytes).
    Removing main.o(.ARM.exidx), (8 bytes).
    Removing main.o(.constdata), (35 bytes).
    Removing main.o(.constdata), (35 bytes).
    Removing anime.o(i.bounce), (164 bytes).
    Removing anime.o(i.fly_in_sp), (44 bytes).
    Removing anime.o(i.jump_out), (104 bytes).
    Removing anime.o(i.shake), (336 bytes).
    Removing ui_core.o(i.Task_Destroy), (4 bytes).
    Removing list.o(i.List_Create), (180 bytes).
    Removing list.o(i.List_Destroy), (68 bytes).
    Removing list.o(i.List_Draw), (200 bytes).
    Removing list.o(i.List_EmptyFunc), (2 bytes).
    Removing list.o(i.List_Generate), (104 bytes).
    Removing list.o(i.List_Generate_l), (44 bytes).
    Removing list.o(i.List_LoadAppearAnime), (136 bytes).
    Removing list.o(i.List_LoadDisappearAnime), (120 bytes).
    Removing list.o(i.List_ShakeBox), (100 bytes).
    Removing list.o(i.List_nxt), (90 bytes).
    Removing list.o(i.List_prv), (80 bytes).
    Removing list.o(i.List_row), (160 bytes).
    Removing list.o(i.List_sel_box_move), (160 bytes).
    Removing list.o(i.List_select), (32 bytes).
    Removing list.o(.constdata), (84 bytes).
    Removing msgbox.o(i.MsgBox_AppearFinFunc), (32 bytes).
    Removing msgbox.o(i.MsgBox_EmptyFunc), (2 bytes).
    Removing msgbox.o(i.MsgBox_Finish), (18 bytes).
    Removing msgbox.o(i.MsgBox_Generate), (66 bytes).
    Removing msgbox.o(i.MsgBox_LoadAppearAnime), (88 bytes).
    Removing msgbox.o(i.MsgBox_LoadBounceAnime), (172 bytes).
    Removing msgbox.o(i.MsgBox_LoadDisappearAnime), (88 bytes).
    Removing msgbox.o(i.MsgBox_UpdateText), (60 bytes).
    Removing msgbox.o(.constdata), (32 bytes).
    Removing msgbox.o(.data), (4 bytes).
    Removing sticker.o(i.Sticker_Destroy), (4 bytes).
    Removing sticker.o(i.Sticker_Draw), (54 bytes).
    Removing sticker.o(i.Sticker_Generate), (40 bytes).
    Removing sprite.o(i.Sprite_Desdroy), (20 bytes).
    Removing sprite.o(i.Sprite_Draw), (52 bytes).
    Removing sprite.o(i.Sprite_Generate), (84 bytes).
    Removing sprite.o(i.Sprite_Update), (156 bytes).
    Removing sprite.o(i.Sprite_place), (10 bytes).
    Removing sprite.o(i.Sprite_setXAcceleration), (6 bytes).
    Removing sprite.o(i.Sprite_setXVelocity), (6 bytes).
    Removing sprite.o(i.Sprite_setYAcceleration), (6 bytes).
    Removing sprite.o(i.Sprite_setYVelocity), (6 bytes).
    Removing sprite.o(.data), (4 bytes).
    Removing fscalb.o(.text), (24 bytes).
    Removing dflti.o(.text), (34 bytes).
    Removing dfltui.o(.text), (26 bytes).
    Removing ffixui.o(.text), (40 bytes).
    Removing dfixi.o(.text), (62 bytes).
    Removing dfixui.o(.text), (50 bytes).
    Removing cdcmple.o(.text), (48 bytes).
    Removing drnd.o(.text), (136 bytes).
    Removing dscalb.o(.text), (46 bytes).

587 unused section(s) (total 25034 bytes) removed from the image.

==============================================================================

Image Symbol Table

    Local Symbols

    Symbol Name                              Value     Ov Type        Size  Object(Section)

    ../clib/microlib/division.c              0x00000000   Number         0  uldiv.o ABSOLUTE
    ../clib/microlib/division.c              0x00000000   Number         0  uidiv.o ABSOLUTE
    ../clib/microlib/errno.c                 0x00000000   Number         0  errno.o ABSOLUTE
    ../clib/microlib/init/entry.s            0x00000000   Number         0  entry7a.o ABSOLUTE
    ../clib/microlib/init/entry.s            0x00000000   Number         0  entry8a.o ABSOLUTE
    ../clib/microlib/init/entry.s            0x00000000   Number         0  entry11b.o ABSOLUTE
    ../clib/microlib/init/entry.s            0x00000000   Number         0  entry10b.o ABSOLUTE
    ../clib/microlib/init/entry.s            0x00000000   Number         0  entry10a.o ABSOLUTE
    ../clib/microlib/init/entry.s            0x00000000   Number         0  entry9b.o ABSOLUTE
    ../clib/microlib/init/entry.s            0x00000000   Number         0  entry7b.o ABSOLUTE
    ../clib/microlib/init/entry.s            0x00000000   Number         0  entry.o ABSOLUTE
    ../clib/microlib/init/entry.s            0x00000000   Number         0  entry5.o ABSOLUTE
    ../clib/microlib/init/entry.s            0x00000000   Number         0  entry2.o ABSOLUTE
    ../clib/microlib/init/entry.s            0x00000000   Number         0  entry8b.o ABSOLUTE
    ../clib/microlib/init/entry.s            0x00000000   Number         0  entry9a.o ABSOLUTE
    ../clib/microlib/init/entry.s            0x00000000   Number         0  entry11a.o ABSOLUTE
    ../clib/microlib/longlong.c              0x00000000   Number         0  llsshr.o ABSOLUTE
    ../clib/microlib/longlong.c              0x00000000   Number         0  llushr.o ABSOLUTE
    ../clib/microlib/longlong.c              0x00000000   Number         0  llshl.o ABSOLUTE
    ../clib/microlib/malloc/malloc.c         0x00000000   Number         0  mallocr.o ABSOLUTE
    ../clib/microlib/malloc/malloc.c         0x00000000   Number         0  malloca.o ABSOLUTE
    ../clib/microlib/malloc/malloc.c         0x00000000   Number         0  mallocra.o ABSOLUTE
    ../clib/microlib/malloc/malloc.c         0x00000000   Number         0  malloc.o ABSOLUTE
    ../clib/microlib/malloc/mvars.c          0x00000000   Number         0  mvars.o ABSOLUTE
    ../clib/microlib/printf/printf.c         0x00000000   Number         0  printfa.o ABSOLUTE
    ../clib/microlib/stdio/streams.c         0x00000000   Number         0  stdout.o ABSOLUTE
    ../clib/microlib/string/memcpy.c         0x00000000   Number         0  memcpya.o ABSOLUTE
    ../clib/microlib/string/memcpy.c         0x00000000   Number         0  memcpyb.o ABSOLUTE
    ../clib/microlib/string/memset.c         0x00000000   Number         0  memseta.o ABSOLUTE
    ../clib/microlib/string/strcmp.c         0x00000000   Number         0  strcmp.o ABSOLUTE
    ../clib/microlib/string/strcpy.c         0x00000000   Number         0  strcpy.o ABSOLUTE
    ../clib/microlib/string/strlen.c         0x00000000   Number         0  strlen.o ABSOLUTE
    ../clib/microlib/stubs.s                 0x00000000   Number         0  iusefp.o ABSOLUTE
    ../fplib/microlib/d2f.c                  0x00000000   Number         0  d2f.o ABSOLUTE
    ../fplib/microlib/f2d.c                  0x00000000   Number         0  f2d.o ABSOLUTE
    ../fplib/microlib/fpadd.c                0x00000000   Number         0  fadd.o ABSOLUTE
    ../fplib/microlib/fpadd.c                0x00000000   Number         0  dadd.o ABSOLUTE
    ../fplib/microlib/fpdiv.c                0x00000000   Number         0  ddiv.o ABSOLUTE
    ../fplib/microlib/fpdiv.c                0x00000000   Number         0  fdiv.o ABSOLUTE
    ../fplib/microlib/fpepilogue.c           0x00000000   Number         0  depilogue.o ABSOLUTE
    ../fplib/microlib/fpepilogue.c           0x00000000   Number         0  fepilogue.o ABSOLUTE
    ../fplib/microlib/fpfix.c                0x00000000   Number         0  ffixui.o ABSOLUTE
    ../fplib/microlib/fpfix.c                0x00000000   Number         0  dfixul.o ABSOLUTE
    ../fplib/microlib/fpfix.c                0x00000000   Number         0  ffixi.o ABSOLUTE
    ../fplib/microlib/fpfix.c                0x00000000   Number         0  dfixui.o ABSOLUTE
    ../fplib/microlib/fpfix.c                0x00000000   Number         0  dfixi.o ABSOLUTE
    ../fplib/microlib/fpflt.c                0x00000000   Number         0  fflti.o ABSOLUTE
    ../fplib/microlib/fpflt.c                0x00000000   Number         0  dfltui.o ABSOLUTE
    ../fplib/microlib/fpflt.c                0x00000000   Number         0  dflti.o ABSOLUTE
    ../fplib/microlib/fpflt.c                0x00000000   Number         0  ffltui.o ABSOLUTE
    ../fplib/microlib/fpmul.c                0x00000000   Number         0  dmul.o ABSOLUTE
    ../fplib/microlib/fpmul.c                0x00000000   Number         0  fmul.o ABSOLUTE
    ../fplib/microlib/fprnd.c                0x00000000   Number         0  drnd.o ABSOLUTE
    ../fplib/microlib/fpscalb.c              0x00000000   Number         0  dscalb.o ABSOLUTE
    ../fplib/microlib/fpscalb.c              0x00000000   Number         0  fscalb.o ABSOLUTE
    ../mathlib/atan.c                        0x00000000   Number         0  atan.o ABSOLUTE
    ../mathlib/atan.c                        0x00000000   Number         0  atan_x.o ABSOLUTE
    ../mathlib/atan2.c                       0x00000000   Number         0  atan2_x.o ABSOLUTE
    ../mathlib/atan2.c                       0x00000000   Number         0  atan2.o ABSOLUTE
    ../mathlib/dunder.c                      0x00000000   Number         0  dunder.o ABSOLUTE
    ../mathlib/fpclassify.c                  0x00000000   Number         0  fpclassify.o ABSOLUTE
    ../mathlib/poly.c                        0x00000000   Number         0  poly.o ABSOLUTE
    ../mathlib/qnan.c                        0x00000000   Number         0  qnan.o ABSOLUTE
    ../mathlib/round.c                       0x00000000   Number         0  round.o ABSOLUTE
    Hardware\Fingerprint.c                   0x00000000   Number         0  fingerprint.o ABSOLUTE
    Hardware\LED.c                           0x00000000   Number         0  led.o ABSOLUTE
    Hardware\OLED.c                          0x00000000   Number         0  oled.o ABSOLUTE
    Hardware\OLED_Data.c                     0x00000000   Number         0  oled_data.o ABSOLUTE
    Hardware\PWM.c                           0x00000000   Number         0  pwm.o ABSOLUTE
    Hardware\Serial.c                        0x00000000   Number         0  serial.o ABSOLUTE
    Hardware\Servo.c                         0x00000000   Number         0  servo.o ABSOLUTE
    Hardware\Switch.c                        0x00000000   Number         0  switch.o ABSOLUTE
    Hardware\Ticker.c                        0x00000000   Number         0  ticker.o ABSOLUTE
    Hardware\stepmotor.c                     0x00000000   Number         0  stepmotor.o ABSOLUTE
    Library\misc.c                           0x00000000   Number         0  misc.o ABSOLUTE
    Library\stm32f10x_adc.c                  0x00000000   Number         0  stm32f10x_adc.o ABSOLUTE
    Library\stm32f10x_bkp.c                  0x00000000   Number         0  stm32f10x_bkp.o ABSOLUTE
    Library\stm32f10x_can.c                  0x00000000   Number         0  stm32f10x_can.o ABSOLUTE
    Library\stm32f10x_cec.c                  0x00000000   Number         0  stm32f10x_cec.o ABSOLUTE
    Library\stm32f10x_crc.c                  0x00000000   Number         0  stm32f10x_crc.o ABSOLUTE
    Library\stm32f10x_dac.c                  0x00000000   Number         0  stm32f10x_dac.o ABSOLUTE
    Library\stm32f10x_dbgmcu.c               0x00000000   Number         0  stm32f10x_dbgmcu.o ABSOLUTE
    Library\stm32f10x_dma.c                  0x00000000   Number         0  stm32f10x_dma.o ABSOLUTE
    Library\stm32f10x_exti.c                 0x00000000   Number         0  stm32f10x_exti.o ABSOLUTE
    Library\stm32f10x_flash.c                0x00000000   Number         0  stm32f10x_flash.o ABSOLUTE
    Library\stm32f10x_fsmc.c                 0x00000000   Number         0  stm32f10x_fsmc.o ABSOLUTE
    Library\stm32f10x_gpio.c                 0x00000000   Number         0  stm32f10x_gpio.o ABSOLUTE
    Library\stm32f10x_i2c.c                  0x00000000   Number         0  stm32f10x_i2c.o ABSOLUTE
    Library\stm32f10x_iwdg.c                 0x00000000   Number         0  stm32f10x_iwdg.o ABSOLUTE
    Library\stm32f10x_pwr.c                  0x00000000   Number         0  stm32f10x_pwr.o ABSOLUTE
    Library\stm32f10x_rcc.c                  0x00000000   Number         0  stm32f10x_rcc.o ABSOLUTE
    Library\stm32f10x_rtc.c                  0x00000000   Number         0  stm32f10x_rtc.o ABSOLUTE
    Library\stm32f10x_sdio.c                 0x00000000   Number         0  stm32f10x_sdio.o ABSOLUTE
    Library\stm32f10x_spi.c                  0x00000000   Number         0  stm32f10x_spi.o ABSOLUTE
    Library\stm32f10x_tim.c                  0x00000000   Number         0  stm32f10x_tim.o ABSOLUTE
    Library\stm32f10x_usart.c                0x00000000   Number         0  stm32f10x_usart.o ABSOLUTE
    Library\stm32f10x_wwdg.c                 0x00000000   Number         0  stm32f10x_wwdg.o ABSOLUTE
    Start\\core_cm3.c                        0x00000000   Number         0  core_cm3.o ABSOLUTE
    Start\core_cm3.c                         0x00000000   Number         0  core_cm3.o ABSOLUTE
    Start\startup_stm32f10x_md.s             0x00000000   Number         0  startup_stm32f10x_md.o ABSOLUTE
    Start\system_stm32f10x.c                 0x00000000   Number         0  system_stm32f10x.o ABSOLUTE
    Tools\tools.c                            0x00000000   Number         0  tools.o ABSOLUTE
    UI\MsgBox.c                              0x00000000   Number         0  msgbox.o ABSOLUTE
    UI\Sprite.c                              0x00000000   Number         0  sprite.o ABSOLUTE
    UI\anime.c                               0x00000000   Number         0  anime.o ABSOLUTE
    UI\list.c                                0x00000000   Number         0  list.o ABSOLUTE
    UI\sticker.c                             0x00000000   Number         0  sticker.o ABSOLUTE
    UI\toast.c                               0x00000000   Number         0  toast.o ABSOLUTE
    UI\ui_core.c                             0x00000000   Number         0  ui_core.o ABSOLUTE
    User\main.cpp                            0x00000000   Number         0  main.o ABSOLUTE
    User\stm32f10x_it.c                      0x00000000   Number         0  stm32f10x_it.o ABSOLUTE
    cdcmple.s                                0x00000000   Number         0  cdcmple.o ABSOLUTE
    cdrcmple.s                               0x00000000   Number         0  cdrcmple.o ABSOLUTE
    dc.s                                     0x00000000   Number         0  dc.o ABSOLUTE
    handlers.s                               0x00000000   Number         0  handlers.o ABSOLUTE
    init.s                                   0x00000000   Number         0  init.o ABSOLUTE
    RESET                                    0x08000000   Section      236  startup_stm32f10x_md.o(RESET)
    .ARM.Collect$$$$00000000                 0x080000ec   Section        0  entry.o(.ARM.Collect$$$$00000000)
    .ARM.Collect$$$$00000001                 0x080000ec   Section        4  entry2.o(.ARM.Collect$$$$00000001)
    .ARM.Collect$$$$00000004                 0x080000f0   Section        4  entry5.o(.ARM.Collect$$$$00000004)
    .ARM.Collect$$$$00000008                 0x080000f4   Section        0  entry7b.o(.ARM.Collect$$$$00000008)
    .ARM.Collect$$$$0000000A                 0x080000f4   Section        0  entry8b.o(.ARM.Collect$$$$0000000A)
    .ARM.Collect$$$$0000000B                 0x080000f4   Section        8  entry9a.o(.ARM.Collect$$$$0000000B)
    .ARM.Collect$$$$0000000D                 0x080000fc   Section        0  entry10a.o(.ARM.Collect$$$$0000000D)
    .ARM.Collect$$$$0000000F                 0x080000fc   Section        0  entry11a.o(.ARM.Collect$$$$0000000F)
    .ARM.Collect$$$$00002712                 0x080000fc   Section        4  entry2.o(.ARM.Collect$$$$00002712)
    __lit__00000000                          0x080000fc   Data           4  entry2.o(.ARM.Collect$$$$00002712)
    .text                                    0x08000100   Section       36  startup_stm32f10x_md.o(.text)
    .text                                    0x08000124   Section        0  memcpya.o(.text)
    .text                                    0x08000148   Section        0  memseta.o(.text)
    .text                                    0x0800016c   Section        0  strlen.o(.text)
    .text                                    0x0800017a   Section        0  strcmp.o(.text)
    .text                                    0x08000196   Section        0  strcpy.o(.text)
    .text                                    0x080001a8   Section        0  fadd.o(.text)
    .text                                    0x08000258   Section        0  fmul.o(.text)
    .text                                    0x080002bc   Section        0  fdiv.o(.text)
    .text                                    0x08000338   Section        0  dadd.o(.text)
    .text                                    0x08000486   Section        0  dmul.o(.text)
    .text                                    0x0800056a   Section        0  ddiv.o(.text)
    .text                                    0x08000648   Section        0  fflti.o(.text)
    .text                                    0x0800065a   Section        0  ffltui.o(.text)
    .text                                    0x08000664   Section        0  ffixi.o(.text)
    .text                                    0x08000696   Section        0  f2d.o(.text)
    .text                                    0x080006bc   Section       48  cdrcmple.o(.text)
    .text                                    0x080006ec   Section        0  d2f.o(.text)
    .text                                    0x08000724   Section        0  uidiv.o(.text)
    .text                                    0x08000750   Section        0  uldiv.o(.text)
    .text                                    0x080007b2   Section        0  llshl.o(.text)
    .text                                    0x080007d0   Section        0  llushr.o(.text)
    .text                                    0x080007f0   Section        0  llsshr.o(.text)
    .text                                    0x08000814   Section        0  iusefp.o(.text)
    .text                                    0x08000814   Section        0  fepilogue.o(.text)
    .text                                    0x08000882   Section        0  depilogue.o(.text)
    .text                                    0x0800093c   Section        0  dfixul.o(.text)
    .text                                    0x0800096c   Section       36  init.o(.text)
    i.Anime_Create                           0x08000990   Section        0  anime.o(i.Anime_Create)
    i.Anime_Destroy                          0x08000a22   Section        0  anime.o(i.Anime_Destroy)
    i.BusFault_Handler                       0x08000a46   Section        0  stm32f10x_it.o(i.BusFault_Handler)
    i.DebugMon_Handler                       0x08000a48   Section        0  stm32f10x_it.o(i.DebugMon_Handler)
    i.GPIO_Init                              0x08000a4c   Section        0  stm32f10x_gpio.o(i.GPIO_Init)
    i.GPIO_ReadInputDataBit                  0x08000aee   Section        0  stm32f10x_gpio.o(i.GPIO_ReadInputDataBit)
    i.GPIO_ResetBits                         0x08000afc   Section        0  stm32f10x_gpio.o(i.GPIO_ResetBits)
    i.GPIO_SetBits                           0x08000b00   Section        0  stm32f10x_gpio.o(i.GPIO_SetBits)
    i.GetTick                                0x08000b04   Section        0  ticker.o(i.GetTick)
    i.HardFault_Handler                      0x08000b10   Section        0  stm32f10x_it.o(i.HardFault_Handler)
    i.Knot_Create                            0x08000b5c   Section        0  ui_core.o(i.Knot_Create)
    i.MemManage_Handler                      0x08000b6e   Section        0  stm32f10x_it.o(i.MemManage_Handler)
    i.MsgBox_Create                          0x08000b70   Section        0  msgbox.o(i.MsgBox_Create)
    i.MsgBox_Destroy                         0x08000bd0   Section        0  msgbox.o(i.MsgBox_Destroy)
    i.MsgBox_Draw                            0x08000bfa   Section        0  msgbox.o(i.MsgBox_Draw)
    i.NMI_Handler                            0x08000c5c   Section        0  stm32f10x_it.o(i.NMI_Handler)
    i.NVIC_Init                              0x08000c60   Section        0  misc.o(i.NVIC_Init)
    i.OLED_Clear                             0x08000cc4   Section        0  oled.o(i.OLED_Clear)
    i.OLED_ClearArea                         0x08000cec   Section        0  oled.o(i.OLED_ClearArea)
    i.OLED_DrawPoint                         0x08000d48   Section        0  oled.o(i.OLED_DrawPoint)
    i.OLED_DrawRectangle                     0x08000d9c   Section        0  oled.o(i.OLED_DrawRectangle)
    i.OLED_GPIO_Init                         0x08000e10   Section        0  oled.o(i.OLED_GPIO_Init)
    i.OLED_I2C_SendByte                      0x08000e68   Section        0  oled.o(i.OLED_I2C_SendByte)
    i.OLED_I2C_Start                         0x08000e9e   Section        0  oled.o(i.OLED_I2C_Start)
    i.OLED_I2C_Stop                          0x08000eb4   Section        0  oled.o(i.OLED_I2C_Stop)
    i.OLED_Init                              0x08000ec6   Section        0  oled.o(i.OLED_Init)
    i.OLED_Pow                               0x08000f62   Section        0  oled.o(i.OLED_Pow)
    i.OLED_PrintImage                        0x08000f70   Section        0  oled.o(i.OLED_PrintImage)
    i.OLED_SetCursor                         0x080010ec   Section        0  oled.o(i.OLED_SetCursor)
    i.OLED_ShowChar                          0x08001110   Section        0  oled.o(i.OLED_ShowChar)
    i.OLED_ShowImage                         0x0800114c   Section        0  oled.o(i.OLED_ShowImage)
    i.OLED_ShowNum                           0x08001170   Section        0  oled.o(i.OLED_ShowNum)
    i.OLED_ShowString                        0x080011b8   Section        0  oled.o(i.OLED_ShowString)
    i.OLED_Update                            0x08001324   Section        0  oled.o(i.OLED_Update)
    i.OLED_WriteCommand                      0x0800134c   Section        0  oled.o(i.OLED_WriteCommand)
    i.OLED_WriteData                         0x0800136e   Section        0  oled.o(i.OLED_WriteData)
    i.OLED_getStringWidth                    0x0800139e   Section        0  oled.o(i.OLED_getStringWidth)
    i.PendSV_Handler                         0x080013ee   Section        0  stm32f10x_it.o(i.PendSV_Handler)
    i.RCC_APB1PeriphClockCmd                 0x080013f0   Section        0  stm32f10x_rcc.o(i.RCC_APB1PeriphClockCmd)
    i.RCC_APB2PeriphClockCmd                 0x08001408   Section        0  stm32f10x_rcc.o(i.RCC_APB2PeriphClockCmd)
    i.SCL_OFF                                0x08001420   Section        0  oled.o(i.SCL_OFF)
    i.SCL_ON                                 0x08001430   Section        0  oled.o(i.SCL_ON)
    i.SDA_OFF                                0x08001440   Section        0  oled.o(i.SDA_OFF)
    i.SDA_ON                                 0x08001450   Section        0  oled.o(i.SDA_ON)
    i.SVC_Handler                            0x08001460   Section        0  stm32f10x_it.o(i.SVC_Handler)
    i.SW_Clicked                             0x08001464   Section        0  switch.o(i.SW_Clicked)
    i.SW_Init                                0x0800148c   Section        0  switch.o(i.SW_Init)
    i.SW_read                                0x080014c8   Section        0  switch.o(i.SW_read)
    i.SW_read_simp                           0x080014ec   Section        0  switch.o(i.SW_read_simp)
    i.SetSysClockTo72                        0x08001500   Section        0  system_stm32f10x.o(i.SetSysClockTo72)
    SetSysClockTo72                          0x08001501   Thumb Code   160  system_stm32f10x.o(i.SetSysClockTo72)
    i.SysTick_Handler                        0x080015a8   Section        0  stm32f10x_it.o(i.SysTick_Handler)
    i.SystemInit                             0x080015ac   Section        0  system_stm32f10x.o(i.SystemInit)
    i.TIM2_IRQHandler                        0x080015fc   Section        0  ticker.o(i.TIM2_IRQHandler)
    i.TIM_ClearITPendingBit                  0x08001624   Section        0  stm32f10x_tim.o(i.TIM_ClearITPendingBit)
    i.TIM_Cmd                                0x0800162a   Section        0  stm32f10x_tim.o(i.TIM_Cmd)
    i.TIM_GetITStatus                        0x0800163e   Section        0  stm32f10x_tim.o(i.TIM_GetITStatus)
    i.TIM_ITConfig                           0x08001656   Section        0  stm32f10x_tim.o(i.TIM_ITConfig)
    i.TIM_TimeBaseInit                       0x08001668   Section        0  stm32f10x_tim.o(i.TIM_TimeBaseInit)
    i.Task_Create                            0x08001704   Section        0  ui_core.o(i.Task_Create)
    i.Ticker_Init                            0x08001722   Section        0  ticker.o(i.Ticker_Init)
    i.Toast_AddDisFunc                       0x0800177e   Section        0  toast.o(i.Toast_AddDisFunc)
    i.Toast_AppearFinFunc                    0x08001790   Section        0  toast.o(i.Toast_AppearFinFunc)
    i.Toast_Destroy                          0x080017b0   Section        0  toast.o(i.Toast_Destroy)
    i.Toast_EmptyFunc                        0x080017da   Section        0  toast.o(i.Toast_EmptyFunc)
    i.Toast_Generate                         0x080017dc   Section        0  toast.o(i.Toast_Generate)
    i.Toast_LoadAppearAnime                  0x08001820   Section        0  toast.o(i.Toast_LoadAppearAnime)
    i.Toast_LoadDisappearAnime               0x08001878   Section        0  toast.o(i.Toast_LoadDisappearAnime)
    i.UI_AddTask                             0x080018d0   Section        0  ui_core.o(i.UI_AddTask)
    i.UI_Init                                0x080018f4   Section        0  ui_core.o(i.UI_Init)
    i.UI_LoopFunc                            0x08001914   Section        0  ui_core.o(i.UI_LoopFunc)
    i.UI_RegisterComponent                   0x08001948   Section        0  ui_core.o(i.UI_RegisterComponent)
    i.UI_RemoveComponent                     0x08001964   Section        0  ui_core.o(i.UI_RemoveComponent)
    i.UI_RemoveTask                          0x0800197a   Section        0  ui_core.o(i.UI_RemoveTask)
    i.UI_StartAnime                          0x08001990   Section        0  ui_core.o(i.UI_StartAnime)
    i.USART1_IRQHandler                      0x080019a8   Section        0  serial.o(i.USART1_IRQHandler)
    i.USART_ClearITPendingBit                0x08001a3c   Section        0  stm32f10x_usart.o(i.USART_ClearITPendingBit)
    i.USART_GetITStatus                      0x08001a48   Section        0  stm32f10x_usart.o(i.USART_GetITStatus)
    i.USART_ReceiveData                      0x08001a86   Section        0  stm32f10x_usart.o(i.USART_ReceiveData)
    i.UsageFault_Handler                     0x08001a8e   Section        0  stm32f10x_it.o(i.UsageFault_Handler)
    i._Z4demoP11UIComponent                  0x08001a90   Section        0  main.o(i._Z4demoP11UIComponent)
    i._Z5_demoPv                             0x08001aa4   Section        0  main.o(i._Z5_demoPv)
    i.__0vsprintf                            0x08001b64   Section        0  printfa.o(i.__0vsprintf)
    i.__scatterload_copy                     0x08001b88   Section       14  handlers.o(i.__scatterload_copy)
    i.__scatterload_null                     0x08001b96   Section        2  handlers.o(i.__scatterload_null)
    i.__scatterload_zeroinit                 0x08001b98   Section       14  handlers.o(i.__scatterload_zeroinit)
    i._fp_digits                             0x08001ba8   Section        0  printfa.o(i._fp_digits)
    _fp_digits                               0x08001ba9   Thumb Code   366  printfa.o(i._fp_digits)
    i._printf_core                           0x08001d2c   Section        0  printfa.o(i._printf_core)
    _printf_core                             0x08001d2d   Thumb Code  1744  printfa.o(i._printf_core)
    i._printf_post_padding                   0x08002408   Section        0  printfa.o(i._printf_post_padding)
    _printf_post_padding                     0x08002409   Thumb Code    36  printfa.o(i._printf_post_padding)
    i._printf_pre_padding                    0x0800242c   Section        0  printfa.o(i._printf_pre_padding)
    _printf_pre_padding                      0x0800242d   Thumb Code    46  printfa.o(i._printf_pre_padding)
    i._sputc                                 0x0800245a   Section        0  printfa.o(i._sputc)
    _sputc                                   0x0800245b   Thumb Code    10  printfa.o(i._sputc)
    i.cAnime_Destroy                         0x08002464   Section        0  anime.o(i.cAnime_Destroy)
    i.delay_ms                               0x0800246a   Section        0  tools.o(i.delay_ms)
    i.delay_us                               0x08002480   Section        0  tools.o(i.delay_us)
    i.fly_in                                 0x080024a0   Section        0  anime.o(i.fly_in)
    i.free                                   0x080024cc   Section        0  malloc.o(i.free)
    i.jump_in                                0x0800251c   Section        0  anime.o(i.jump_in)
    i.main                                   0x08002570   Section        0  main.o(i.main)
    i.malloc                                 0x080025c8   Section        0  malloc.o(i.malloc)
    i.process_anime                          0x08002634   Section        0  ui_core.o(i.process_anime)
    i.process_task                           0x08002700   Section        0  ui_core.o(i.process_task)
    i.rMsgBox_UpdateText                     0x08002726   Section        0  msgbox.o(i.rMsgBox_UpdateText)
    .constdata                               0x08002872   Section     1520  oled_data.o(.constdata)
    .constdata                               0x08002e62   Section      570  oled_data.o(.constdata)
    .constdata                               0x0800309c   Section     2072  oled_data.o(.constdata)
    .constdata                               0x080038b4   Section       16  toast.o(.constdata)
    .data                                    0x20000000   Section        6  serial.o(.data)
    RxState                                  0x20000000   Data           1  serial.o(.data)
    pRxPacket                                0x20000001   Data           1  serial.o(.data)
    pLength                                  0x20000002   Data           1  serial.o(.data)
    num                                      0x20000003   Data           1  serial.o(.data)
    .data                                    0x20000006   Section        1  oled.o(.data)
    .data                                    0x20000008   Section       12  switch.o(.data)
    .data                                    0x20000014   Section        4  ticker.o(.data)
    uwTick                                   0x20000014   Data           4  ticker.o(.data)
    .data                                    0x20000018   Section       16  main.o(.data)
    state                                    0x2000001a   Data           2  main.o(.data)
    a                                        0x2000001c   Data           4  main.o(.data)
    b                                        0x20000020   Data           4  main.o(.data)
    t                                        0x20000024   Data           4  main.o(.data)
    .data                                    0x20000028   Section        8  ui_core.o(.data)
    .data                                    0x20000030   Section        4  mvars.o(.data)
    .data                                    0x20000034   Section        4  mvars.o(.data)
    .bss                                     0x20000038   Section       17  serial.o(.bss)
    .bss                                     0x20000049   Section     1024  oled.o(.bss)
    HEAP                                     0x20000450   Section    12288  startup_stm32f10x_md.o(HEAP)
    STACK                                    0x20003450   Section     1024  startup_stm32f10x_md.o(STACK)

    Global Symbols

    Symbol Name                              Value     Ov Type        Size  Object(Section)

    BuildAttributes$$THM_ISAv4$P$D$K$B$S$PE$A:L22UL41UL21$X:L11$S22US41US21$IEEE1$IW$USESV6$~STKCKD$USESV7$~SHL$OTIME$ROPI$IEEEX$EBA8$MICROLIB$REQ8$PRES8$EABIv2 0x00000000   Number         0  anon$$obj.o ABSOLUTE
    __ARM_use_no_argv                        0x00000000   Number         0  main.o ABSOLUTE
    __cpp_initialize__aeabi_                  - Undefined Weak Reference
    __cxa_finalize                            - Undefined Weak Reference
    __decompress                              - Undefined Weak Reference
    _clock_init                               - Undefined Weak Reference
    _microlib_exit                            - Undefined Weak Reference
    __Vectors_Size                           0x000000ec   Number         0  startup_stm32f10x_md.o ABSOLUTE
    __Vectors                                0x08000000   Data           4  startup_stm32f10x_md.o(RESET)
    __Vectors_End                            0x080000ec   Data           0  startup_stm32f10x_md.o(RESET)
    __main                                   0x080000ed   Thumb Code     0  entry.o(.ARM.Collect$$$$00000000)
    _main_stk                                0x080000ed   Thumb Code     0  entry2.o(.ARM.Collect$$$$00000001)
    _main_scatterload                        0x080000f1   Thumb Code     0  entry5.o(.ARM.Collect$$$$00000004)
    __main_after_scatterload                 0x080000f5   Thumb Code     0  entry5.o(.ARM.Collect$$$$00000004)
    _main_clock                              0x080000f5   Thumb Code     0  entry7b.o(.ARM.Collect$$$$00000008)
    _main_cpp_init                           0x080000f5   Thumb Code     0  entry8b.o(.ARM.Collect$$$$0000000A)
    _main_init                               0x080000f5   Thumb Code     0  entry9a.o(.ARM.Collect$$$$0000000B)
    __rt_final_cpp                           0x080000fd   Thumb Code     0  entry10a.o(.ARM.Collect$$$$0000000D)
    __rt_final_exit                          0x080000fd   Thumb Code     0  entry11a.o(.ARM.Collect$$$$0000000F)
    Reset_Handler                            0x08000101   Thumb Code     8  startup_stm32f10x_md.o(.text)
    ADC1_2_IRQHandler                        0x0800011b   Thumb Code     0  startup_stm32f10x_md.o(.text)
    CAN1_RX1_IRQHandler                      0x0800011b   Thumb Code     0  startup_stm32f10x_md.o(.text)
    CAN1_SCE_IRQHandler                      0x0800011b   Thumb Code     0  startup_stm32f10x_md.o(.text)
    DMA1_Channel1_IRQHandler                 0x0800011b   Thumb Code     0  startup_stm32f10x_md.o(.text)
    DMA1_Channel2_IRQHandler                 0x0800011b   Thumb Code     0  startup_stm32f10x_md.o(.text)
    DMA1_Channel3_IRQHandler                 0x0800011b   Thumb Code     0  startup_stm32f10x_md.o(.text)
    DMA1_Channel4_IRQHandler                 0x0800011b   Thumb Code     0  startup_stm32f10x_md.o(.text)
    DMA1_Channel5_IRQHandler                 0x0800011b   Thumb Code     0  startup_stm32f10x_md.o(.text)
    DMA1_Channel6_IRQHandler                 0x0800011b   Thumb Code     0  startup_stm32f10x_md.o(.text)
    DMA1_Channel7_IRQHandler                 0x0800011b   Thumb Code     0  startup_stm32f10x_md.o(.text)
    EXTI0_IRQHandler                         0x0800011b   Thumb Code     0  startup_stm32f10x_md.o(.text)
    EXTI15_10_IRQHandler                     0x0800011b   Thumb Code     0  startup_stm32f10x_md.o(.text)
    EXTI1_IRQHandler                         0x0800011b   Thumb Code     0  startup_stm32f10x_md.o(.text)
    EXTI2_IRQHandler                         0x0800011b   Thumb Code     0  startup_stm32f10x_md.o(.text)
    EXTI3_IRQHandler                         0x0800011b   Thumb Code     0  startup_stm32f10x_md.o(.text)
    EXTI4_IRQHandler                         0x0800011b   Thumb Code     0  startup_stm32f10x_md.o(.text)
    EXTI9_5_IRQHandler                       0x0800011b   Thumb Code     0  startup_stm32f10x_md.o(.text)
    FLASH_IRQHandler                         0x0800011b   Thumb Code     0  startup_stm32f10x_md.o(.text)
    I2C1_ER_IRQHandler                       0x0800011b   Thumb Code     0  startup_stm32f10x_md.o(.text)
    I2C1_EV_IRQHandler                       0x0800011b   Thumb Code     0  startup_stm32f10x_md.o(.text)
    I2C2_ER_IRQHandler                       0x0800011b   Thumb Code     0  startup_stm32f10x_md.o(.text)
    I2C2_EV_IRQHandler                       0x0800011b   Thumb Code     0  startup_stm32f10x_md.o(.text)
    PVD_IRQHandler                           0x0800011b   Thumb Code     0  startup_stm32f10x_md.o(.text)
    RCC_IRQHandler                           0x0800011b   Thumb Code     0  startup_stm32f10x_md.o(.text)
    RTCAlarm_IRQHandler                      0x0800011b   Thumb Code     0  startup_stm32f10x_md.o(.text)
    RTC_IRQHandler                           0x0800011b   Thumb Code     0  startup_stm32f10x_md.o(.text)
    SPI1_IRQHandler                          0x0800011b   Thumb Code     0  startup_stm32f10x_md.o(.text)
    SPI2_IRQHandler                          0x0800011b   Thumb Code     0  startup_stm32f10x_md.o(.text)
    TAMPER_IRQHandler                        0x0800011b   Thumb Code     0  startup_stm32f10x_md.o(.text)
    TIM1_BRK_IRQHandler                      0x0800011b   Thumb Code     0  startup_stm32f10x_md.o(.text)
    TIM1_CC_IRQHandler                       0x0800011b   Thumb Code     0  startup_stm32f10x_md.o(.text)
    TIM1_TRG_COM_IRQHandler                  0x0800011b   Thumb Code     0  startup_stm32f10x_md.o(.text)
    TIM1_UP_IRQHandler                       0x0800011b   Thumb Code     0  startup_stm32f10x_md.o(.text)
    TIM3_IRQHandler                          0x0800011b   Thumb Code     0  startup_stm32f10x_md.o(.text)
    TIM4_IRQHandler                          0x0800011b   Thumb Code     0  startup_stm32f10x_md.o(.text)
    USART2_IRQHandler                        0x0800011b   Thumb Code     0  startup_stm32f10x_md.o(.text)
    USART3_IRQHandler                        0x0800011b   Thumb Code     0  startup_stm32f10x_md.o(.text)
    USBWakeUp_IRQHandler                     0x0800011b   Thumb Code     0  startup_stm32f10x_md.o(.text)
    USB_HP_CAN1_TX_IRQHandler                0x0800011b   Thumb Code     0  startup_stm32f10x_md.o(.text)
    USB_LP_CAN1_RX0_IRQHandler               0x0800011b   Thumb Code     0  startup_stm32f10x_md.o(.text)
    WWDG_IRQHandler                          0x0800011b   Thumb Code     0  startup_stm32f10x_md.o(.text)
    __aeabi_memcpy                           0x08000125   Thumb Code    36  memcpya.o(.text)
    __aeabi_memcpy4                          0x08000125   Thumb Code     0  memcpya.o(.text)
    __aeabi_memcpy8                          0x08000125   Thumb Code     0  memcpya.o(.text)
    __aeabi_memset                           0x08000149   Thumb Code    14  memseta.o(.text)
    __aeabi_memset4                          0x08000149   Thumb Code     0  memseta.o(.text)
    __aeabi_memset8                          0x08000149   Thumb Code     0  memseta.o(.text)
    __aeabi_memclr                           0x08000157   Thumb Code     4  memseta.o(.text)
    __aeabi_memclr4                          0x08000157   Thumb Code     0  memseta.o(.text)
    __aeabi_memclr8                          0x08000157   Thumb Code     0  memseta.o(.text)
    _memset$wrapper                          0x0800015b   Thumb Code    18  memseta.o(.text)
    strlen                                   0x0800016d   Thumb Code    14  strlen.o(.text)
    strcmp                                   0x0800017b   Thumb Code    28  strcmp.o(.text)
    strcpy                                   0x08000197   Thumb Code    18  strcpy.o(.text)
    __aeabi_fadd                             0x080001a9   Thumb Code   164  fadd.o(.text)
    __aeabi_fsub                             0x0800024d   Thumb Code     6  fadd.o(.text)
    __aeabi_frsub                            0x08000253   Thumb Code     6  fadd.o(.text)
    __aeabi_fmul                             0x08000259   Thumb Code   100  fmul.o(.text)
    __aeabi_fdiv                             0x080002bd   Thumb Code   124  fdiv.o(.text)
    __aeabi_dadd                             0x08000339   Thumb Code   322  dadd.o(.text)
    __aeabi_dsub                             0x0800047b   Thumb Code     6  dadd.o(.text)
    __aeabi_drsub                            0x08000481   Thumb Code     6  dadd.o(.text)
    __aeabi_dmul                             0x08000487   Thumb Code   228  dmul.o(.text)
    __aeabi_ddiv                             0x0800056b   Thumb Code   222  ddiv.o(.text)
    __aeabi_i2f                              0x08000649   Thumb Code    18  fflti.o(.text)
    __aeabi_ui2f                             0x0800065b   Thumb Code    10  ffltui.o(.text)
    __aeabi_f2iz                             0x08000665   Thumb Code    50  ffixi.o(.text)
    __aeabi_f2d                              0x08000697   Thumb Code    38  f2d.o(.text)
    __aeabi_cdrcmple                         0x080006bd   Thumb Code    48  cdrcmple.o(.text)
    __aeabi_d2f                              0x080006ed   Thumb Code    56  d2f.o(.text)
    __aeabi_uidiv                            0x08000725   Thumb Code     0  uidiv.o(.text)
    __aeabi_uidivmod                         0x08000725   Thumb Code    44  uidiv.o(.text)
    __aeabi_uldivmod                         0x08000751   Thumb Code    98  uldiv.o(.text)
    __aeabi_llsl                             0x080007b3   Thumb Code    30  llshl.o(.text)
    _ll_shift_l                              0x080007b3   Thumb Code     0  llshl.o(.text)
    __aeabi_llsr                             0x080007d1   Thumb Code    32  llushr.o(.text)
    _ll_ushift_r                             0x080007d1   Thumb Code     0  llushr.o(.text)
    __aeabi_lasr                             0x080007f1   Thumb Code    36  llsshr.o(.text)
    _ll_sshift_r                             0x080007f1   Thumb Code     0  llsshr.o(.text)
    __I$use$fp                               0x08000815   Thumb Code     0  iusefp.o(.text)
    _float_round                             0x08000815   Thumb Code    18  fepilogue.o(.text)
    _float_epilogue                          0x08000827   Thumb Code    92  fepilogue.o(.text)
    _double_round                            0x08000883   Thumb Code    30  depilogue.o(.text)
    _double_epilogue                         0x080008a1   Thumb Code   156  depilogue.o(.text)
    __aeabi_d2ulz                            0x0800093d   Thumb Code    48  dfixul.o(.text)
    __scatterload                            0x0800096d   Thumb Code    28  init.o(.text)
    __scatterload_rt2                        0x0800096d   Thumb Code     0  init.o(.text)
    Anime_Create                             0x08000991   Thumb Code   146  anime.o(i.Anime_Create)
    Anime_Destroy                            0x08000a23   Thumb Code    36  anime.o(i.Anime_Destroy)
    BusFault_Handler                         0x08000a47   Thumb Code     2  stm32f10x_it.o(i.BusFault_Handler)
    DebugMon_Handler                         0x08000a49   Thumb Code     2  stm32f10x_it.o(i.DebugMon_Handler)
    GPIO_Init                                0x08000a4d   Thumb Code   162  stm32f10x_gpio.o(i.GPIO_Init)
    GPIO_ReadInputDataBit                    0x08000aef   Thumb Code    14  stm32f10x_gpio.o(i.GPIO_ReadInputDataBit)
    GPIO_ResetBits                           0x08000afd   Thumb Code     4  stm32f10x_gpio.o(i.GPIO_ResetBits)
    GPIO_SetBits                             0x08000b01   Thumb Code     4  stm32f10x_gpio.o(i.GPIO_SetBits)
    GetTick                                  0x08000b05   Thumb Code     6  ticker.o(i.GetTick)
    HardFault_Handler                        0x08000b11   Thumb Code    54  stm32f10x_it.o(i.HardFault_Handler)
    Knot_Create                              0x08000b5d   Thumb Code    18  ui_core.o(i.Knot_Create)
    MemManage_Handler                        0x08000b6f   Thumb Code     2  stm32f10x_it.o(i.MemManage_Handler)
    MsgBox_Create                            0x08000b71   Thumb Code    86  msgbox.o(i.MsgBox_Create)
    MsgBox_Destroy                           0x08000bd1   Thumb Code    42  msgbox.o(i.MsgBox_Destroy)
    MsgBox_Draw                              0x08000bfb   Thumb Code    98  msgbox.o(i.MsgBox_Draw)
    NMI_Handler                              0x08000c5d   Thumb Code     2  stm32f10x_it.o(i.NMI_Handler)
    NVIC_Init                                0x08000c61   Thumb Code    94  misc.o(i.NVIC_Init)
    OLED_Clear                               0x08000cc5   Thumb Code    34  oled.o(i.OLED_Clear)
    OLED_ClearArea                           0x08000ced   Thumb Code    86  oled.o(i.OLED_ClearArea)
    OLED_DrawPoint                           0x08000d49   Thumb Code    74  oled.o(i.OLED_DrawPoint)
    OLED_DrawRectangle                       0x08000d9d   Thumb Code   116  oled.o(i.OLED_DrawRectangle)
    OLED_GPIO_Init                           0x08000e11   Thumb Code    84  oled.o(i.OLED_GPIO_Init)
    OLED_I2C_SendByte                        0x08000e69   Thumb Code    54  oled.o(i.OLED_I2C_SendByte)
    OLED_I2C_Start                           0x08000e9f   Thumb Code    22  oled.o(i.OLED_I2C_Start)
    OLED_I2C_Stop                            0x08000eb5   Thumb Code    18  oled.o(i.OLED_I2C_Stop)
    OLED_Init                                0x08000ec7   Thumb Code   156  oled.o(i.OLED_Init)
    OLED_Pow                                 0x08000f63   Thumb Code    14  oled.o(i.OLED_Pow)
    OLED_PrintImage                          0x08000f71   Thumb Code   370  oled.o(i.OLED_PrintImage)
    OLED_SetCursor                           0x080010ed   Thumb Code    34  oled.o(i.OLED_SetCursor)
    OLED_ShowChar                            0x08001111   Thumb Code    52  oled.o(i.OLED_ShowChar)
    OLED_ShowImage                           0x0800114d   Thumb Code    36  oled.o(i.OLED_ShowImage)
    OLED_ShowNum                             0x08001171   Thumb Code    70  oled.o(i.OLED_ShowNum)
    OLED_ShowString                          0x080011b9   Thumb Code   356  oled.o(i.OLED_ShowString)
    OLED_Update                              0x08001325   Thumb Code    34  oled.o(i.OLED_Update)
    OLED_WriteCommand                        0x0800134d   Thumb Code    34  oled.o(i.OLED_WriteCommand)
    OLED_WriteData                           0x0800136f   Thumb Code    48  oled.o(i.OLED_WriteData)
    OLED_getStringWidth                      0x0800139f   Thumb Code    80  oled.o(i.OLED_getStringWidth)
    PendSV_Handler                           0x080013ef   Thumb Code     2  stm32f10x_it.o(i.PendSV_Handler)
    RCC_APB1PeriphClockCmd                   0x080013f1   Thumb Code    18  stm32f10x_rcc.o(i.RCC_APB1PeriphClockCmd)
    RCC_APB2PeriphClockCmd                   0x08001409   Thumb Code    18  stm32f10x_rcc.o(i.RCC_APB2PeriphClockCmd)
    SCL_OFF                                  0x08001421   Thumb Code    10  oled.o(i.SCL_OFF)
    SCL_ON                                   0x08001431   Thumb Code    10  oled.o(i.SCL_ON)
    SDA_OFF                                  0x08001441   Thumb Code    10  oled.o(i.SDA_OFF)
    SDA_ON                                   0x08001451   Thumb Code    10  oled.o(i.SDA_ON)
    SVC_Handler                              0x08001461   Thumb Code     2  stm32f10x_it.o(i.SVC_Handler)
    SW_Clicked                               0x08001465   Thumb Code    34  switch.o(i.SW_Clicked)
    SW_Init                                  0x0800148d   Thumb Code    52  switch.o(i.SW_Init)
    SW_read                                  0x080014c9   Thumb Code    34  switch.o(i.SW_read)
    SW_read_simp                             0x080014ed   Thumb Code    12  switch.o(i.SW_read_simp)
    SysTick_Handler                          0x080015a9   Thumb Code     2  stm32f10x_it.o(i.SysTick_Handler)
    SystemInit                               0x080015ad   Thumb Code    64  system_stm32f10x.o(i.SystemInit)
    TIM2_IRQHandler                          0x080015fd   Thumb Code    34  ticker.o(i.TIM2_IRQHandler)
    TIM_ClearITPendingBit                    0x08001625   Thumb Code     6  stm32f10x_tim.o(i.TIM_ClearITPendingBit)
    TIM_Cmd                                  0x0800162b   Thumb Code    20  stm32f10x_tim.o(i.TIM_Cmd)
    TIM_GetITStatus                          0x0800163f   Thumb Code    24  stm32f10x_tim.o(i.TIM_GetITStatus)
    TIM_ITConfig                             0x08001657   Thumb Code    16  stm32f10x_tim.o(i.TIM_ITConfig)
    TIM_TimeBaseInit                         0x08001669   Thumb Code   114  stm32f10x_tim.o(i.TIM_TimeBaseInit)
    Task_Create                              0x08001705   Thumb Code    30  ui_core.o(i.Task_Create)
    Ticker_Init                              0x08001723   Thumb Code    92  ticker.o(i.Ticker_Init)
    Toast_AddDisFunc                         0x0800177f   Thumb Code    18  toast.o(i.Toast_AddDisFunc)
    Toast_AppearFinFunc                      0x08001791   Thumb Code    26  toast.o(i.Toast_AppearFinFunc)
    Toast_Destroy                            0x080017b1   Thumb Code    42  toast.o(i.Toast_Destroy)
    Toast_EmptyFunc                          0x080017db   Thumb Code     2  toast.o(i.Toast_EmptyFunc)
    Toast_Generate                           0x080017dd   Thumb Code    66  toast.o(i.Toast_Generate)
    Toast_LoadAppearAnime                    0x08001821   Thumb Code    76  toast.o(i.Toast_LoadAppearAnime)
    Toast_LoadDisappearAnime                 0x08001879   Thumb Code    76  toast.o(i.Toast_LoadDisappearAnime)
    UI_AddTask                               0x080018d1   Thumb Code    30  ui_core.o(i.UI_AddTask)
    UI_Init                                  0x080018f5   Thumb Code    26  ui_core.o(i.UI_Init)
    UI_LoopFunc                              0x08001915   Thumb Code    46  ui_core.o(i.UI_LoopFunc)
    UI_RegisterComponent                     0x08001949   Thumb Code    24  ui_core.o(i.UI_RegisterComponent)
    UI_RemoveComponent                       0x08001965   Thumb Code    22  ui_core.o(i.UI_RemoveComponent)
    UI_RemoveTask                            0x0800197b   Thumb Code    22  ui_core.o(i.UI_RemoveTask)
    UI_StartAnime                            0x08001991   Thumb Code    24  ui_core.o(i.UI_StartAnime)
    USART1_IRQHandler                        0x080019a9   Thumb Code   134  serial.o(i.USART1_IRQHandler)
    USART_ClearITPendingBit                  0x08001a3d   Thumb Code    12  stm32f10x_usart.o(i.USART_ClearITPendingBit)
    USART_GetITStatus                        0x08001a49   Thumb Code    62  stm32f10x_usart.o(i.USART_GetITStatus)
    USART_ReceiveData                        0x08001a87   Thumb Code     8  stm32f10x_usart.o(i.USART_ReceiveData)
    UsageFault_Handler                       0x08001a8f   Thumb Code     2  stm32f10x_it.o(i.UsageFault_Handler)
    demo(UIComponent*)                       0x08001a91   Thumb Code    14  main.o(i._Z4demoP11UIComponent)
    _demo(void*)                             0x08001aa5   Thumb Code   116  main.o(i._Z5_demoPv)
    __0vsprintf                              0x08001b65   Thumb Code    30  printfa.o(i.__0vsprintf)
    __1vsprintf                              0x08001b65   Thumb Code     0  printfa.o(i.__0vsprintf)
    __2vsprintf                              0x08001b65   Thumb Code     0  printfa.o(i.__0vsprintf)
    __c89vsprintf                            0x08001b65   Thumb Code     0  printfa.o(i.__0vsprintf)
    vsprintf                                 0x08001b65   Thumb Code     0  printfa.o(i.__0vsprintf)
    __scatterload_copy                       0x08001b89   Thumb Code    14  handlers.o(i.__scatterload_copy)
    __scatterload_null                       0x08001b97   Thumb Code     2  handlers.o(i.__scatterload_null)
    __scatterload_zeroinit                   0x08001b99   Thumb Code    14  handlers.o(i.__scatterload_zeroinit)
    cAnime_Destroy                           0x08002465   Thumb Code     6  anime.o(i.cAnime_Destroy)
    delay_ms                                 0x0800246b   Thumb Code    22  tools.o(i.delay_ms)
    delay_us                                 0x08002481   Thumb Code    32  tools.o(i.delay_us)
    fly_in                                   0x080024a1   Thumb Code    44  anime.o(i.fly_in)
    free                                     0x080024cd   Thumb Code    76  malloc.o(i.free)
    jump_in                                  0x0800251d   Thumb Code    74  anime.o(i.jump_in)
    main                                     0x08002571   Thumb Code    70  main.o(i.main)
    malloc                                   0x080025c9   Thumb Code    92  malloc.o(i.malloc)
    process_anime                            0x08002635   Thumb Code   204  ui_core.o(i.process_anime)
    process_task                             0x08002701   Thumb Code    38  ui_core.o(i.process_task)
    rMsgBox_UpdateText                       0x08002727   Thumb Code   332  msgbox.o(i.rMsgBox_UpdateText)
    OLED_F8x16                               0x08002872   Data        1520  oled_data.o(.constdata)
    OLED_F6x8                                0x08002e62   Data         570  oled_data.o(.constdata)
    OLED_CF16x16                             0x0800309c   Data        2072  oled_data.o(.constdata)
    Region$$Table$$Base                      0x080038c4   Number         0  anon$$obj.o(Region$$Table)
    Region$$Table$$Limit                     0x080038e4   Number         0  anon$$obj.o(Region$$Table)
    Serial_RxFlag                            0x20000004   Data           1  serial.o(.data)
    Serial_RxPacketSize                      0x20000005   Data           1  serial.o(.data)
    color                                    0x20000006   Data           1  oled.o(.data)
    last_state                               0x20000008   Data           4  switch.o(.data)
    SW_PIN                                   0x2000000c   Data           8  switch.o(.data)
    __demo_lock                              0x20000018   Data           1  main.o(.data)
    UI_ComponentKnot                         0x20000028   Data           4  ui_core.o(.data)
    UI_TaskKnot                              0x2000002c   Data           4  ui_core.o(.data)
    __microlib_freelist                      0x20000030   Data           4  mvars.o(.data)
    __microlib_freelist_initialised          0x20000034   Data           4  mvars.o(.data)
    Serial_RxPacket                          0x20000038   Data          17  serial.o(.bss)
    OLED_DisplayBuf                          0x20000049   Data        1024  oled.o(.bss)
    __heap_base                              0x20000450   Data           0  startup_stm32f10x_md.o(HEAP)
    __heap_limit                             0x20003450   Data           0  startup_stm32f10x_md.o(HEAP)
    __initial_sp                             0x20003850   Data           0  startup_stm32f10x_md.o(STACK)



==============================================================================

Memory Map of the image

  Image Entry point : 0x080000ed

  Load Region LR_IROM1 (Base: 0x08000000, Size: 0x0000391c, Max: 0x00010000, ABSOLUTE)

    Execution Region ER_IROM1 (Exec base: 0x08000000, Load base: 0x08000000, Size: 0x000038e4, Max: 0x00010000, ABSOLUTE)

    Exec Addr    Load Addr    Size         Type   Attr      Idx    E Section Name        Object

    0x08000000   0x08000000   0x000000ec   Data   RO            3    RESET               startup_stm32f10x_md.o
    0x080000ec   0x080000ec   0x00000000   Code   RO         4639  * .ARM.Collect$$$$00000000  mc_w.l(entry.o)
    0x080000ec   0x080000ec   0x00000004   Code   RO         4773    .ARM.Collect$$$$00000001  mc_w.l(entry2.o)
    0x080000f0   0x080000f0   0x00000004   Code   RO         4776    .ARM.Collect$$$$00000004  mc_w.l(entry5.o)
    0x080000f4   0x080000f4   0x00000000   Code   RO         4778    .ARM.Collect$$$$00000008  mc_w.l(entry7b.o)
    0x080000f4   0x080000f4   0x00000000   Code   RO         4780    .ARM.Collect$$$$0000000A  mc_w.l(entry8b.o)
    0x080000f4   0x080000f4   0x00000008   Code   RO         4781    .ARM.Collect$$$$0000000B  mc_w.l(entry9a.o)
    0x080000fc   0x080000fc   0x00000000   Code   RO         4783    .ARM.Collect$$$$0000000D  mc_w.l(entry10a.o)
    0x080000fc   0x080000fc   0x00000000   Code   RO         4785    .ARM.Collect$$$$0000000F  mc_w.l(entry11a.o)
    0x080000fc   0x080000fc   0x00000004   Code   RO         4774    .ARM.Collect$$$$00002712  mc_w.l(entry2.o)
    0x08000100   0x08000100   0x00000024   Code   RO            4    .text               startup_stm32f10x_md.o
    0x08000124   0x08000124   0x00000024   Code   RO         4642    .text               mc_w.l(memcpya.o)
    0x08000148   0x08000148   0x00000024   Code   RO         4644    .text               mc_w.l(memseta.o)
    0x0800016c   0x0800016c   0x0000000e   Code   RO         4646    .text               mc_w.l(strlen.o)
    0x0800017a   0x0800017a   0x0000001c   Code   RO         4648    .text               mc_w.l(strcmp.o)
    0x08000196   0x08000196   0x00000012   Code   RO         4650    .text               mc_w.l(strcpy.o)
    0x080001a8   0x080001a8   0x000000b0   Code   RO         4710    .text               mf_w.l(fadd.o)
    0x08000258   0x08000258   0x00000064   Code   RO         4712    .text               mf_w.l(fmul.o)
    0x080002bc   0x080002bc   0x0000007c   Code   RO         4714    .text               mf_w.l(fdiv.o)
    0x08000338   0x08000338   0x0000014e   Code   RO         4718    .text               mf_w.l(dadd.o)
    0x08000486   0x08000486   0x000000e4   Code   RO         4720    .text               mf_w.l(dmul.o)
    0x0800056a   0x0800056a   0x000000de   Code   RO         4722    .text               mf_w.l(ddiv.o)
    0x08000648   0x08000648   0x00000012   Code   RO         4724    .text               mf_w.l(fflti.o)
    0x0800065a   0x0800065a   0x0000000a   Code   RO         4726    .text               mf_w.l(ffltui.o)
    0x08000664   0x08000664   0x00000032   Code   RO         4732    .text               mf_w.l(ffixi.o)
    0x08000696   0x08000696   0x00000026   Code   RO         4740    .text               mf_w.l(f2d.o)
    0x080006bc   0x080006bc   0x00000030   Code   RO         4744    .text               mf_w.l(cdrcmple.o)
    0x080006ec   0x080006ec   0x00000038   Code   RO         4746    .text               mf_w.l(d2f.o)
    0x08000724   0x08000724   0x0000002c   Code   RO         4788    .text               mc_w.l(uidiv.o)
    0x08000750   0x08000750   0x00000062   Code   RO         4790    .text               mc_w.l(uldiv.o)
    0x080007b2   0x080007b2   0x0000001e   Code   RO         4792    .text               mc_w.l(llshl.o)
    0x080007d0   0x080007d0   0x00000020   Code   RO         4794    .text               mc_w.l(llushr.o)
    0x080007f0   0x080007f0   0x00000024   Code   RO         4796    .text               mc_w.l(llsshr.o)
    0x08000814   0x08000814   0x00000000   Code   RO         4807    .text               mc_w.l(iusefp.o)
    0x08000814   0x08000814   0x0000006e   Code   RO         4808    .text               mf_w.l(fepilogue.o)
    0x08000882   0x08000882   0x000000ba   Code   RO         4810    .text               mf_w.l(depilogue.o)
    0x0800093c   0x0800093c   0x00000030   Code   RO         4814    .text               mf_w.l(dfixul.o)
    0x0800096c   0x0800096c   0x00000024   Code   RO         4820    .text               mc_w.l(init.o)
    0x08000990   0x08000990   0x00000092   Code   RO         4143    i.Anime_Create      anime.o
    0x08000a22   0x08000a22   0x00000024   Code   RO         4144    i.Anime_Destroy     anime.o
    0x08000a46   0x08000a46   0x00000002   Code   RO         3906    i.BusFault_Handler  stm32f10x_it.o
    0x08000a48   0x08000a48   0x00000002   Code   RO         3907    i.DebugMon_Handler  stm32f10x_it.o
    0x08000a4a   0x08000a4a   0x00000002   PAD
    0x08000a4c   0x08000a4c   0x000000a2   Code   RO         1340    i.GPIO_Init         stm32f10x_gpio.o
    0x08000aee   0x08000aee   0x0000000e   Code   RO         1344    i.GPIO_ReadInputDataBit  stm32f10x_gpio.o
    0x08000afc   0x08000afc   0x00000004   Code   RO         1347    i.GPIO_ResetBits    stm32f10x_gpio.o
    0x08000b00   0x08000b00   0x00000004   Code   RO         1348    i.GPIO_SetBits      stm32f10x_gpio.o
    0x08000b04   0x08000b04   0x0000000c   Code   RO         3872    i.GetTick           ticker.o
    0x08000b10   0x08000b10   0x0000004c   Code   RO         3908    i.HardFault_Handler  stm32f10x_it.o
    0x08000b5c   0x08000b5c   0x00000012   Code   RO         4282    i.Knot_Create       ui_core.o
    0x08000b6e   0x08000b6e   0x00000002   Code   RO         3909    i.MemManage_Handler  stm32f10x_it.o
    0x08000b70   0x08000b70   0x00000060   Code   RO         4454    i.MsgBox_Create     msgbox.o
    0x08000bd0   0x08000bd0   0x0000002a   Code   RO         4455    i.MsgBox_Destroy    msgbox.o
    0x08000bfa   0x08000bfa   0x00000062   Code   RO         4456    i.MsgBox_Draw       msgbox.o
    0x08000c5c   0x08000c5c   0x00000002   Code   RO         3910    i.NMI_Handler       stm32f10x_it.o
    0x08000c5e   0x08000c5e   0x00000002   PAD
    0x08000c60   0x08000c60   0x00000064   Code   RO          132    i.NVIC_Init         misc.o
    0x08000cc4   0x08000cc4   0x00000028   Code   RO         3357    i.OLED_Clear        oled.o
    0x08000cec   0x08000cec   0x0000005c   Code   RO         3358    i.OLED_ClearArea    oled.o
    0x08000d48   0x08000d48   0x00000054   Code   RO         3363    i.OLED_DrawPoint    oled.o
    0x08000d9c   0x08000d9c   0x00000074   Code   RO         3364    i.OLED_DrawRectangle  oled.o
    0x08000e10   0x08000e10   0x00000058   Code   RO         3367    i.OLED_GPIO_Init    oled.o
    0x08000e68   0x08000e68   0x00000036   Code   RO         3369    i.OLED_I2C_SendByte  oled.o
    0x08000e9e   0x08000e9e   0x00000016   Code   RO         3370    i.OLED_I2C_Start    oled.o
    0x08000eb4   0x08000eb4   0x00000012   Code   RO         3371    i.OLED_I2C_Stop     oled.o
    0x08000ec6   0x08000ec6   0x0000009c   Code   RO         3372    i.OLED_Init         oled.o
    0x08000f62   0x08000f62   0x0000000e   Code   RO         3374    i.OLED_Pow          oled.o
    0x08000f70   0x08000f70   0x0000017c   Code   RO         3375    i.OLED_PrintImage   oled.o
    0x080010ec   0x080010ec   0x00000022   Code   RO         3379    i.OLED_SetCursor    oled.o
    0x0800110e   0x0800110e   0x00000002   PAD
    0x08001110   0x08001110   0x0000003c   Code   RO         3381    i.OLED_ShowChar     oled.o
    0x0800114c   0x0800114c   0x00000024   Code   RO         3384    i.OLED_ShowImage    oled.o
    0x08001170   0x08001170   0x00000046   Code   RO         3385    i.OLED_ShowNum      oled.o
    0x080011b6   0x080011b6   0x00000002   PAD
    0x080011b8   0x080011b8   0x0000016c   Code   RO         3387    i.OLED_ShowString   oled.o
    0x08001324   0x08001324   0x00000028   Code   RO         3388    i.OLED_Update       oled.o
    0x0800134c   0x0800134c   0x00000022   Code   RO         3390    i.OLED_WriteCommand  oled.o
    0x0800136e   0x0800136e   0x00000030   Code   RO         3391    i.OLED_WriteData    oled.o
    0x0800139e   0x0800139e   0x00000050   Code   RO         3392    i.OLED_getStringWidth  oled.o
    0x080013ee   0x080013ee   0x00000002   Code   RO         3911    i.PendSV_Handler    stm32f10x_it.o
    0x080013f0   0x080013f0   0x00000018   Code   RO         1768    i.RCC_APB1PeriphClockCmd  stm32f10x_rcc.o
    0x08001408   0x08001408   0x00000018   Code   RO         1770    i.RCC_APB2PeriphClockCmd  stm32f10x_rcc.o
    0x08001420   0x08001420   0x00000010   Code   RO         3395    i.SCL_OFF           oled.o
    0x08001430   0x08001430   0x00000010   Code   RO         3396    i.SCL_ON            oled.o
    0x08001440   0x08001440   0x00000010   Code   RO         3397    i.SDA_OFF           oled.o
    0x08001450   0x08001450   0x00000010   Code   RO         3398    i.SDA_ON            oled.o
    0x08001460   0x08001460   0x00000002   Code   RO         3912    i.SVC_Handler       stm32f10x_it.o
    0x08001462   0x08001462   0x00000002   PAD
    0x08001464   0x08001464   0x00000028   Code   RO         3779    i.SW_Clicked        switch.o
    0x0800148c   0x0800148c   0x0000003c   Code   RO         3780    i.SW_Init           switch.o
    0x080014c8   0x080014c8   0x00000022   Code   RO         3783    i.SW_read           switch.o
    0x080014ea   0x080014ea   0x00000002   PAD
    0x080014ec   0x080014ec   0x00000014   Code   RO         3784    i.SW_read_simp      switch.o
    0x08001500   0x08001500   0x000000a8   Code   RO           24    i.SetSysClockTo72   system_stm32f10x.o
    0x080015a8   0x080015a8   0x00000002   Code   RO         3913    i.SysTick_Handler   stm32f10x_it.o
    0x080015aa   0x080015aa   0x00000002   PAD
    0x080015ac   0x080015ac   0x00000050   Code   RO           26    i.SystemInit        system_stm32f10x.o
    0x080015fc   0x080015fc   0x00000028   Code   RO         3873    i.TIM2_IRQHandler   ticker.o
    0x08001624   0x08001624   0x00000006   Code   RO         2406    i.TIM_ClearITPendingBit  stm32f10x_tim.o
    0x0800162a   0x0800162a   0x00000014   Code   RO         2411    i.TIM_Cmd           stm32f10x_tim.o
    0x0800163e   0x0800163e   0x00000018   Code   RO         2432    i.TIM_GetITStatus   stm32f10x_tim.o
    0x08001656   0x08001656   0x00000010   Code   RO         2436    i.TIM_ITConfig      stm32f10x_tim.o
    0x08001666   0x08001666   0x00000002   PAD
    0x08001668   0x08001668   0x0000009c   Code   RO         2482    i.TIM_TimeBaseInit  stm32f10x_tim.o
    0x08001704   0x08001704   0x0000001e   Code   RO         4283    i.Task_Create       ui_core.o
    0x08001722   0x08001722   0x0000005c   Code   RO         3874    i.Ticker_Init       ticker.o
    0x0800177e   0x0800177e   0x00000012   Code   RO         4212    i.Toast_AddDisFunc  toast.o
    0x08001790   0x08001790   0x00000020   Code   RO         4213    i.Toast_AppearFinFunc  toast.o
    0x080017b0   0x080017b0   0x0000002a   Code   RO         4214    i.Toast_Destroy     toast.o
    0x080017da   0x080017da   0x00000002   Code   RO         4215    i.Toast_EmptyFunc   toast.o
    0x080017dc   0x080017dc   0x00000042   Code   RO         4216    i.Toast_Generate    toast.o
    0x0800181e   0x0800181e   0x00000002   PAD
    0x08001820   0x08001820   0x00000058   Code   RO         4217    i.Toast_LoadAppearAnime  toast.o
    0x08001878   0x08001878   0x00000058   Code   RO         4218    i.Toast_LoadDisappearAnime  toast.o
    0x080018d0   0x080018d0   0x00000024   Code   RO         4285    i.UI_AddTask        ui_core.o
    0x080018f4   0x080018f4   0x00000020   Code   RO         4286    i.UI_Init           ui_core.o
    0x08001914   0x08001914   0x00000034   Code   RO         4287    i.UI_LoopFunc       ui_core.o
    0x08001948   0x08001948   0x0000001c   Code   RO         4288    i.UI_RegisterComponent  ui_core.o
    0x08001964   0x08001964   0x00000016   Code   RO         4289    i.UI_RemoveComponent  ui_core.o
    0x0800197a   0x0800197a   0x00000016   Code   RO         4290    i.UI_RemoveTask     ui_core.o
    0x08001990   0x08001990   0x00000018   Code   RO         4291    i.UI_StartAnime     ui_core.o
    0x080019a8   0x080019a8   0x00000094   Code   RO         3295    i.USART1_IRQHandler  serial.o
    0x08001a3c   0x08001a3c   0x0000000c   Code   RO         2934    i.USART_ClearITPendingBit  stm32f10x_usart.o
    0x08001a48   0x08001a48   0x0000003e   Code   RO         2941    i.USART_GetITStatus  stm32f10x_usart.o
    0x08001a86   0x08001a86   0x00000008   Code   RO         2951    i.USART_ReceiveData  stm32f10x_usart.o
    0x08001a8e   0x08001a8e   0x00000002   Code   RO         3914    i.UsageFault_Handler  stm32f10x_it.o
    0x08001a90   0x08001a90   0x00000014   Code   RO         3977    i._Z4demoP11UIComponent  main.o
    0x08001aa4   0x08001aa4   0x000000c0   Code   RO         3978    i._Z5_demoPv        main.o
    0x08001b64   0x08001b64   0x00000024   Code   RO         4661    i.__0vsprintf       mc_w.l(printfa.o)
    0x08001b88   0x08001b88   0x0000000e   Code   RO         4826    i.__scatterload_copy  mc_w.l(handlers.o)
    0x08001b96   0x08001b96   0x00000002   Code   RO         4827    i.__scatterload_null  mc_w.l(handlers.o)
    0x08001b98   0x08001b98   0x0000000e   Code   RO         4828    i.__scatterload_zeroinit  mc_w.l(handlers.o)
    0x08001ba6   0x08001ba6   0x00000002   PAD
    0x08001ba8   0x08001ba8   0x00000184   Code   RO         4662    i._fp_digits        mc_w.l(printfa.o)
    0x08001d2c   0x08001d2c   0x000006dc   Code   RO         4663    i._printf_core      mc_w.l(printfa.o)
    0x08002408   0x08002408   0x00000024   Code   RO         4664    i._printf_post_padding  mc_w.l(printfa.o)
    0x0800242c   0x0800242c   0x0000002e   Code   RO         4665    i._printf_pre_padding  mc_w.l(printfa.o)
    0x0800245a   0x0800245a   0x0000000a   Code   RO         4667    i._sputc            mc_w.l(printfa.o)
    0x08002464   0x08002464   0x00000006   Code   RO         4146    i.cAnime_Destroy    anime.o
    0x0800246a   0x0800246a   0x00000016   Code   RO         3174    i.delay_ms          tools.o
    0x08002480   0x08002480   0x00000020   Code   RO         3176    i.delay_us          tools.o
    0x080024a0   0x080024a0   0x0000002c   Code   RO         4147    i.fly_in            anime.o
    0x080024cc   0x080024cc   0x00000050   Code   RO         4682    i.free              mc_w.l(malloc.o)
    0x0800251c   0x0800251c   0x00000054   Code   RO         4149    i.jump_in           anime.o
    0x08002570   0x08002570   0x00000058   Code   RO         3979    i.main              main.o
    0x080025c8   0x080025c8   0x0000006c   Code   RO         4683    i.malloc            mc_w.l(malloc.o)
    0x08002634   0x08002634   0x000000cc   Code   RO         4292    i.process_anime     ui_core.o
    0x08002700   0x08002700   0x00000026   Code   RO         4293    i.process_task      ui_core.o
    0x08002726   0x08002726   0x0000014c   Code   RO         4464    i.rMsgBox_UpdateText  msgbox.o
    0x08002872   0x08002872   0x000005f0   Data   RO         3764    .constdata          oled_data.o
    0x08002e62   0x08002e62   0x0000023a   Data   RO         3765    .constdata          oled_data.o
    0x0800309c   0x0800309c   0x00000818   Data   RO         3766    .constdata          oled_data.o
    0x080038b4   0x080038b4   0x00000010   Data   RO         4219    .constdata          toast.o
    0x080038c4   0x080038c4   0x00000020   Data   RO         4824    Region$$Table       anon$$obj.o


    Execution Region RW_IRAM1 (Exec base: 0x20000000, Load base: 0x080038e4, Size: 0x00003850, Max: 0x00005000, ABSOLUTE)

    Exec Addr    Load Addr    Size         Type   Attr      Idx    E Section Name        Object

    0x20000000   0x080038e4   0x00000006   Data   RW         3300    .data               serial.o
    0x20000006   0x080038ea   0x00000001   Data   RW         3401    .data               oled.o
    0x20000007   0x080038eb   0x00000001   PAD
    0x20000008   0x080038ec   0x0000000c   Data   RW         3785    .data               switch.o
    0x20000014   0x080038f8   0x00000004   Data   RW         3875    .data               ticker.o
    0x20000018   0x080038fc   0x00000010   Data   RW         3986    .data               main.o
    0x20000028   0x0800390c   0x00000008   Data   RW         4294    .data               ui_core.o
    0x20000030   0x08003914   0x00000004   Data   RW         4798    .data               mc_w.l(mvars.o)
    0x20000034   0x08003918   0x00000004   Data   RW         4799    .data               mc_w.l(mvars.o)
    0x20000038        -       0x00000011   Zero   RW         3297    .bss                serial.o
    0x20000049        -       0x00000400   Zero   RW         3400    .bss                oled.o
    0x20000449   0x0800391c   0x00000007   PAD
    0x20000450        -       0x00003000   Zero   RW            2    HEAP                startup_stm32f10x_md.o
    0x20003450        -       0x00000400   Zero   RW            1    STACK               startup_stm32f10x_md.o


==============================================================================

Image component sizes


      Code (inc. data)   RO Data    RW Data    ZI Data      Debug   Object Name

       316         10          0          0          0       4759   anime.o
         0          0          0          0          0       4524   core_cm3.o
       300        100          0         16          0       8831   main.o
       100          6          0          0          0     204148   misc.o
       568         10          0          0          0       3340   msgbox.o
      1894         82          0          1       1024      14555   oled.o
         0          0       4162          0          0       1018   oled_data.o
       148         14          0          6         17       1761   serial.o
        36          8        236          0      13312        792   startup_stm32f10x_md.o
         0          0          0          0          0       1632   stm32f10x_adc.o
       184          0          0          0          0      11568   stm32f10x_gpio.o
        92         22          0          0          0       3530   stm32f10x_it.o
        48         12          0          0          0       1058   stm32f10x_rcc.o
       222         42          0          0          0      24405   stm32f10x_tim.o
        82          0          0          0          0       9090   stm32f10x_usart.o
       154         22          0         12          0       2910   switch.o
       248         24          0          0          0      30025   system_stm32f10x.o
       144         12          0          4          0       1842   ticker.o
       336         30         16          0          0       6147   toast.o
        54          0          0          0          0       1840   tools.o
       506         22          0          8          0       6778   ui_core.o

    ----------------------------------------------------------------------
      5450        416       4446         48      14360     344553   Object Totals
         0          0         32          0          0          0   (incl. Generated)
        18          0          0          1          7          0   (incl. Padding)

    ----------------------------------------------------------------------

      Code (inc. data)   RO Data    RW Data    ZI Data      Debug   Library Member Name

         0          0          0          0          0          0   entry.o
         0          0          0          0          0          0   entry10a.o
         0          0          0          0          0          0   entry11a.o
         8          4          0          0          0          0   entry2.o
         4          0          0          0          0          0   entry5.o
         0          0          0          0          0          0   entry7b.o
         0          0          0          0          0          0   entry8b.o
         8          4          0          0          0          0   entry9a.o
        30          0          0          0          0          0   handlers.o
        36          8          0          0          0         68   init.o
         0          0          0          0          0          0   iusefp.o
        30          0          0          0          0         68   llshl.o
        36          0          0          0          0         68   llsshr.o
        32          0          0          0          0         68   llushr.o
       188         20          0          0          0        160   malloc.o
        36          0          0          0          0         68   memcpya.o
        36          0          0          0          0        108   memseta.o
         0          0          0          8          0          0   mvars.o
      2272         86          0          0          0        516   printfa.o
        28          0          0          0          0         76   strcmp.o
        18          0          0          0          0         68   strcpy.o
        14          0          0          0          0         68   strlen.o
        44          0          0          0          0         80   uidiv.o
        98          0          0          0          0         92   uldiv.o
        48          0          0          0          0         68   cdrcmple.o
        56          0          0          0          0         88   d2f.o
       334          0          0          0          0        148   dadd.o
       222          0          0          0          0        100   ddiv.o
       186          0          0          0          0        176   depilogue.o
        48          0          0          0          0         68   dfixul.o
       228          0          0          0          0         96   dmul.o
        38          0          0          0          0         68   f2d.o
       176          0          0          0          0        140   fadd.o
       124          0          0          0          0         88   fdiv.o
       110          0          0          0          0        168   fepilogue.o
        50          0          0          0          0         68   ffixi.o
        18          0          0          0          0         68   fflti.o
        10          0          0          0          0         68   ffltui.o
       100          0          0          0          0         76   fmul.o

    ----------------------------------------------------------------------
      4668        122          0          8          0       2996   Library Totals
         2          0          0          0          0          0   (incl. Padding)

    ----------------------------------------------------------------------

      Code (inc. data)   RO Data    RW Data    ZI Data      Debug   Library Name

      2918        122          0          8          0       1508   mc_w.l
      1748          0          0          0          0       1488   mf_w.l

    ----------------------------------------------------------------------
      4668        122          0          8          0       2996   Library Totals

    ----------------------------------------------------------------------

==============================================================================


      Code (inc. data)   RO Data    RW Data    ZI Data      Debug   

     10118        538       4446         56      14360     341513   Grand Totals
     10118        538       4446         56      14360     341513   ELF Image Totals
     10118        538       4446         56          0          0   ROM Totals

==============================================================================

    Total RO  Size (Code + RO Data)                14564 (  14.22kB)
    Total RW  Size (RW Data + ZI Data)             14416 (  14.08kB)
    Total ROM Size (Code + RO Data + RW Data)      14620 (  14.28kB)

==============================================================================

